Archive member included to satisfy reference by file (symbol)

d:/ac6/systemworkbench/plugins/fr.ac6.mcu.externaltools.arm-none.win32_1.7.0.201602121829/tools/compiler/bin/../lib/gcc/arm-none-eabi/5.2.1/armv7e-m/fpu/fpv5-sp-d16\libgcc.a(_arm_addsubdf3.o)
                              src/main.o (__aeabi_f2d)
d:/ac6/systemworkbench/plugins/fr.ac6.mcu.externaltools.arm-none.win32_1.7.0.201602121829/tools/compiler/bin/../lib/gcc/arm-none-eabi/5.2.1/../../../../arm-none-eabi/lib/armv7e-m/fpu/fpv5-sp-d16\libc.a(lib_a-errno.o)
                              src/syscalls.o (__errno)
d:/ac6/systemworkbench/plugins/fr.ac6.mcu.externaltools.arm-none.win32_1.7.0.201602121829/tools/compiler/bin/../lib/gcc/arm-none-eabi/5.2.1/../../../../arm-none-eabi/lib/armv7e-m/fpu/fpv5-sp-d16\libc.a(lib_a-exit.o)
                              d:/ac6/systemworkbench/plugins/fr.ac6.mcu.externaltools.arm-none.win32_1.7.0.201602121829/tools/compiler/bin/../lib/gcc/arm-none-eabi/5.2.1/../../../../arm-none-eabi/lib/armv7e-m/fpu/fpv5-sp-d16/crt0.o (exit)
d:/ac6/systemworkbench/plugins/fr.ac6.mcu.externaltools.arm-none.win32_1.7.0.201602121829/tools/compiler/bin/../lib/gcc/arm-none-eabi/5.2.1/../../../../arm-none-eabi/lib/armv7e-m/fpu/fpv5-sp-d16\libc.a(lib_a-impure.o)
                              d:/ac6/systemworkbench/plugins/fr.ac6.mcu.externaltools.arm-none.win32_1.7.0.201602121829/tools/compiler/bin/../lib/gcc/arm-none-eabi/5.2.1/../../../../arm-none-eabi/lib/armv7e-m/fpu/fpv5-sp-d16\libc.a(lib_a-exit.o) (_global_impure_ptr)
d:/ac6/systemworkbench/plugins/fr.ac6.mcu.externaltools.arm-none.win32_1.7.0.201602121829/tools/compiler/bin/../lib/gcc/arm-none-eabi/5.2.1/../../../../arm-none-eabi/lib/armv7e-m/fpu/fpv5-sp-d16\libc.a(lib_a-init.o)
                              d:/ac6/systemworkbench/plugins/fr.ac6.mcu.externaltools.arm-none.win32_1.7.0.201602121829/tools/compiler/bin/../lib/gcc/arm-none-eabi/5.2.1/../../../../arm-none-eabi/lib/armv7e-m/fpu/fpv5-sp-d16/crt0.o (__libc_init_array)
d:/ac6/systemworkbench/plugins/fr.ac6.mcu.externaltools.arm-none.win32_1.7.0.201602121829/tools/compiler/bin/../lib/gcc/arm-none-eabi/5.2.1/../../../../arm-none-eabi/lib/armv7e-m/fpu/fpv5-sp-d16\libc.a(lib_a-memcpy.o)
                              Middlewares/Third_Party/FreeRTOS/Source/queue.o (memcpy)
d:/ac6/systemworkbench/plugins/fr.ac6.mcu.externaltools.arm-none.win32_1.7.0.201602121829/tools/compiler/bin/../lib/gcc/arm-none-eabi/5.2.1/../../../../arm-none-eabi/lib/armv7e-m/fpu/fpv5-sp-d16\libc.a(lib_a-memset.o)
                              d:/ac6/systemworkbench/plugins/fr.ac6.mcu.externaltools.arm-none.win32_1.7.0.201602121829/tools/compiler/bin/../lib/gcc/arm-none-eabi/5.2.1/../../../../arm-none-eabi/lib/armv7e-m/fpu/fpv5-sp-d16/crt0.o (memset)
d:/ac6/systemworkbench/plugins/fr.ac6.mcu.externaltools.arm-none.win32_1.7.0.201602121829/tools/compiler/bin/../lib/gcc/arm-none-eabi/5.2.1/../../../../arm-none-eabi/lib/armv7e-m/fpu/fpv5-sp-d16\libc.a(lib_a-printf.o)
                              src/dac.o (printf)
d:/ac6/systemworkbench/plugins/fr.ac6.mcu.externaltools.arm-none.win32_1.7.0.201602121829/tools/compiler/bin/../lib/gcc/arm-none-eabi/5.2.1/../../../../arm-none-eabi/lib/armv7e-m/fpu/fpv5-sp-d16\libc.a(lib_a-putchar.o)
                              src/main.o (putchar)
d:/ac6/systemworkbench/plugins/fr.ac6.mcu.externaltools.arm-none.win32_1.7.0.201602121829/tools/compiler/bin/../lib/gcc/arm-none-eabi/5.2.1/../../../../arm-none-eabi/lib/armv7e-m/fpu/fpv5-sp-d16\libc.a(lib_a-puts.o)
                              src/main.o (puts)
d:/ac6/systemworkbench/plugins/fr.ac6.mcu.externaltools.arm-none.win32_1.7.0.201602121829/tools/compiler/bin/../lib/gcc/arm-none-eabi/5.2.1/../../../../arm-none-eabi/lib/armv7e-m/fpu/fpv5-sp-d16\libc.a(lib_a-strlen.o)
                              d:/ac6/systemworkbench/plugins/fr.ac6.mcu.externaltools.arm-none.win32_1.7.0.201602121829/tools/compiler/bin/../lib/gcc/arm-none-eabi/5.2.1/../../../../arm-none-eabi/lib/armv7e-m/fpu/fpv5-sp-d16\libc.a(lib_a-puts.o) (strlen)
d:/ac6/systemworkbench/plugins/fr.ac6.mcu.externaltools.arm-none.win32_1.7.0.201602121829/tools/compiler/bin/../lib/gcc/arm-none-eabi/5.2.1/../../../../arm-none-eabi/lib/armv7e-m/fpu/fpv5-sp-d16\libc.a(lib_a-vfprintf.o)
                              d:/ac6/systemworkbench/plugins/fr.ac6.mcu.externaltools.arm-none.win32_1.7.0.201602121829/tools/compiler/bin/../lib/gcc/arm-none-eabi/5.2.1/../../../../arm-none-eabi/lib/armv7e-m/fpu/fpv5-sp-d16\libc.a(lib_a-printf.o) (_vfprintf_r)
d:/ac6/systemworkbench/plugins/fr.ac6.mcu.externaltools.arm-none.win32_1.7.0.201602121829/tools/compiler/bin/../lib/gcc/arm-none-eabi/5.2.1/../../../../arm-none-eabi/lib/armv7e-m/fpu/fpv5-sp-d16\libc.a(lib_a-wsetup.o)
                              d:/ac6/systemworkbench/plugins/fr.ac6.mcu.externaltools.arm-none.win32_1.7.0.201602121829/tools/compiler/bin/../lib/gcc/arm-none-eabi/5.2.1/../../../../arm-none-eabi/lib/armv7e-m/fpu/fpv5-sp-d16\libc.a(lib_a-vfprintf.o) (__swsetup_r)
[...]
Memory Configuration

Name             Origin             Length             Attributes
FLASH            0x08000000         0x00100000         xr
RAM              0x20000000         0x00050000         xrw
*default*        0x00000000         0xffffffff

Linker script and memory map

LOAD d:/ac6/systemworkbench/plugins/fr.ac6.mcu.externaltools.arm-none.win32_1.7.0.201602121829/tools/compiler/bin/../lib/gcc/arm-none-eabi/5.2.1/armv7e-m/fpu/fpv5-sp-d16/crti.o
LOAD d:/ac6/systemworkbench/plugins/fr.ac6.mcu.externaltools.arm-none.win32_1.7.0.201602121829/tools/compiler/bin/../lib/gcc/arm-none-eabi/5.2.1/armv7e-m/fpu/fpv5-sp-d16/crtbegin.o
LOAD d:/ac6/systemworkbench/plugins/fr.ac6.mcu.externaltools.arm-none.win32_1.7.0.201602121829/tools/compiler/bin/../lib/gcc/arm-none-eabi/5.2.1/../../../../arm-none-eabi/lib/armv7e-m/fpu/fpv5-sp-d16/crt0.o
LOAD d:/ac6/systemworkbench/plugins/fr.ac6.mcu.externaltools.arm-none.win32_1.7.0.201602121829/tools/compiler/bin/../lib/gcc/arm-none-eabi/5.2.1/../../../../arm-none-eabi/lib/armv7e-m/fpu/fpv5-sp-d16\libm.a
LOAD Drivers/CMSIS/Device/ST/STM32F7xx/Source/Templates/gcc/startup_stm32f745xx.o
LOAD Drivers/CMSIS/Device/ST/STM32F7xx/Source/Templates/system_stm32f7xx.o
LOAD Drivers/STM32F7xx_HAL_Driver/Src/stm32f7xx_hal.o
LOAD Drivers/STM32F7xx_HAL_Driver/Src/stm32f7xx_hal_adc.o
LOAD Drivers/STM32F7xx_HAL_Driver/Src/stm32f7xx_hal_adc_ex.o
LOAD Drivers/STM32F7xx_HAL_Driver/Src/stm32f7xx_hal_cec.o
LOAD Drivers/STM32F7xx_HAL_Driver/Src/stm32f7xx_hal_cortex.o
LOAD Drivers/STM32F7xx_HAL_Driver/Src/stm32f7xx_hal_crc.o
LOAD Drivers/STM32F7xx_HAL_Driver/Src/stm32f7xx_hal_crc_ex.o
LOAD Drivers/STM32F7xx_HAL_Driver/Src/stm32f7xx_hal_cryp.o
LOAD Drivers/STM32F7xx_HAL_Driver/Src/stm32f7xx_hal_cryp_ex.o
LOAD Drivers/STM32F7xx_HAL_Driver/Src/stm32f7xx_hal_dma.o
LOAD Drivers/STM32F7xx_HAL_Driver/Src/stm32f7xx_hal_dma2d.o
LOAD Drivers/STM32F7xx_HAL_Driver/Src/stm32f7xx_hal_dma_ex.o
LOAD Drivers/STM32F7xx_HAL_Driver/Src/stm32f7xx_hal_flash.o
LOAD Drivers/STM32F7xx_HAL_Driver/Src/stm32f7xx_hal_flash_ex.o
LOAD Drivers/STM32F7xx_HAL_Driver/Src/stm32f7xx_hal_gpio.o
LOAD Drivers/STM32F7xx_HAL_Driver/Src/stm32f7xx_hal_hash.o
LOAD Drivers/STM32F7xx_HAL_Driver/Src/stm32f7xx_hal_hash_ex.o
LOAD Drivers/STM32F7xx_HAL_Driver/Src/stm32f7xx_hal_hcd.o
LOAD Drivers/STM32F7xx_HAL_Driver/Src/stm32f7xx_hal_iwdg.o
LOAD Drivers/STM32F7xx_HAL_Driver/Src/stm32f7xx_hal_lptim.o
LOAD Drivers/STM32F7xx_HAL_Driver/Src/stm32f7xx_hal_nor.o
LOAD Drivers/STM32F7xx_HAL_Driver/Src/stm32f7xx_hal_pcd.o
LOAD Drivers/STM32F7xx_HAL_Driver/Src/stm32f7xx_hal_pcd_ex.o
LOAD Drivers/STM32F7xx_HAL_Driver/Src/stm32f7xx_hal_pwr.o
LOAD Drivers/STM32F7xx_HAL_Driver/Src/stm32f7xx_hal_pwr_ex.o
LOAD Drivers/STM32F7xx_HAL_Driver/Src/stm32f7xx_hal_rcc.o
LOAD Drivers/STM32F7xx_HAL_Driver/Src/stm32f7xx_hal_rcc_ex.o
LOAD Drivers/STM32F7xx_HAL_Driver/Src/stm32f7xx_hal_rng.o
LOAD Drivers/STM32F7xx_HAL_Driver/Src/stm32f7xx_hal_rtc.o
LOAD Drivers/STM32F7xx_HAL_Driver/Src/stm32f7xx_hal_rtc_ex.o
LOAD Drivers/STM32F7xx_HAL_Driver/Src/stm32f7xx_hal_spi.o
LOAD Drivers/STM32F7xx_HAL_Driver/Src/stm32f7xx_hal_sram.o
LOAD Drivers/STM32F7xx_HAL_Driver/Src/stm32f7xx_hal_tim.o
LOAD Drivers/STM32F7xx_HAL_Driver/Src/stm32f7xx_hal_tim_ex.o
LOAD Drivers/STM32F7xx_HAL_Driver/Src/stm32f7xx_hal_uart.o
LOAD Drivers/STM32F7xx_HAL_Driver/Src/stm32f7xx_hal_usart.o
LOAD Drivers/STM32F7xx_HAL_Driver/Src/stm32f7xx_hal_wwdg.o
LOAD Drivers/STM32F7xx_HAL_Driver/Src/stm32f7xx_ll_fmc.o
LOAD Drivers/STM32F7xx_HAL_Driver/Src/stm32f7xx_ll_usb.o
LOAD Middlewares/Third_Party/FreeRTOS/Source/CMSIS_RTOS/cmsis_os.o
LOAD Middlewares/Third_Party/FreeRTOS/Source/croutine.o
LOAD Middlewares/Third_Party/FreeRTOS/Source/event_groups.o
LOAD Middlewares/Third_Party/FreeRTOS/Source/list.o
LOAD Middlewares/Third_Party/FreeRTOS/Source/queue.o
LOAD Middlewares/Third_Party/FreeRTOS/Source/tasks.o
LOAD Middlewares/Third_Party/FreeRTOS/Source/timers.o
LOAD Middlewares/Third_Party/FreeRTOS/Source/portable/GCC/ARM_CM7/r0p1/port.o
LOAD Middlewares/Third_Party/FreeRTOS/Source/portable/MemMang/heap_4.o
LOAD src/dac.o
LOAD src/digital.o
LOAD src/freertos.o
LOAD src/main.o
LOAD src/stm32f7xx_hal_msp.o
LOAD src/stm32f7xx_it.o
LOAD src/syscalls.o
LOAD src/wheel_encoder.o
START GROUP
LOAD d:/ac6/systemworkbench/plugins/fr.ac6.mcu.externaltools.arm-none.win32_1.7.0.201602121829/tools/compiler/bin/../lib/gcc/arm-none-eabi/5.2.1/armv7e-m/fpu/fpv5-sp-d16\libgcc.a
LOAD d:/ac6/systemworkbench/plugins/fr.ac6.mcu.externaltools.arm-none.win32_1.7.0.201602121829/tools/compiler/bin/../lib/gcc/arm-none-eabi/5.2.1/../../../../arm-none-eabi/lib/armv7e-m/fpu/fpv5-sp-d16\libc.a
END GROUP
LOAD d:/ac6/systemworkbench/plugins/fr.ac6.mcu.externaltools.arm-none.win32_1.7.0.201602121829/tools/compiler/bin/../lib/gcc/arm-none-eabi/5.2.1/armv7e-m/fpu/fpv5-sp-d16/crtend.o
LOAD d:/ac6/systemworkbench/plugins/fr.ac6.mcu.externaltools.arm-none.win32_1.7.0.201602121829/tools/compiler/bin/../lib/gcc/arm-none-eabi/5.2.1/armv7e-m/fpu/fpv5-sp-d16/crtn.o
                0x20050000                _estack = 0x20050000
                0x00000200                _Min_Heap_Size = 0x200
                0x00000460                _Min_Stack_Size = 0x460

.isr_vector     0x08000000      0x1c8
                0x08000000                . = ALIGN (0x4)
 *(.isr_vector)
 .isr_vector    0x08000000      0x1c8 Drivers/CMSIS/Device/ST/STM32F7xx/Source/Templates/gcc/startup_stm32f745xx.o
                0x08000000                g_pfnVectors
                0x080001c8                . = ALIGN (0x4)

.text           0x08000200     0xaa30
                0x08000200                . = ALIGN (0x4)
 *(.text)
 .text          0x08000200       0xa4 d:/ac6/systemworkbench/plugins/fr.ac6.mcu.externaltools.arm-none.win32_1.7.0.201602121829/tools/compiler/bin/../lib/gcc/arm-none-eabi/5.2.1/armv7e-m/fpu/fpv5-sp-d16/crtbegin.o
 .text          0x080002a4      0x370 d:/ac6/systemworkbench/plugins/fr.ac6.mcu.externaltools.arm-none.win32_1.7.0.201602121829/tools/compiler/bin/../lib/gcc/arm-none-eabi/5.2.1/armv7e-m/fpu/fpv5-sp-d16\libgcc.a(_arm_addsubdf3.o)
                0x080002a4                __aeabi_drsub
                0x080002ac                __aeabi_dsub
                0x080002ac                __subdf3
                0x080002b0                __aeabi_dadd
                0x080002b0                __adddf3
                0x08000528                __floatunsidf
                0x08000528                __aeabi_ui2d
                0x08000548                __floatsidf
                0x08000548                __aeabi_i2d
                0x0800056c                __aeabi_f2d
                0x0800056c                __extendsfdf2
                0x080005a8                __floatundidf
                0x080005a8                __aeabi_ul2d
                0x080005b8                __floatdidf
                0x080005b8                __aeabi_l2d
 .text          0x08000614      0x134 d:/ac6/systemworkbench/plugins/fr.ac6.mcu.externaltools.arm-none.win32_1.7.0.201602121829/tools/compiler/bin/../lib/gcc/arm-none-eabi/5.2.1/../../../../arm-none-eabi/lib/armv7e-m/fpu/fpv5-sp-d16\libc.a(lib_a-memcpy.o)
                0x08000614                memcpy
 *fill*         0x08000748       0x38 
 .text          0x08000780       0xdc d:/ac6/systemworkbench/plugins/fr.ac6.mcu.externaltools.arm-none.win32_1.7.0.201602121829/tools/compiler/bin/../lib/gcc/arm-none-eabi/5.2.1/../../../../arm-none-eabi/lib/armv7e-m/fpu/fpv5-sp-d16\libc.a(lib_a-strlen.o)
                0x08000780                strlen
 *fill*         0x0800085c        0x4 
 .text          0x08000860       0xa0 d:/ac6/systemworkbench/plugins/fr.ac6.mcu.externaltools.arm-none.win32_1.7.0.201602121829/tools/compiler/bin/../lib/gcc/arm-none-eabi/5.2.1/../../../../arm-none-eabi/lib/armv7e-m/fpu/fpv5-sp-d16\libc.a(lib_a-memchr.o)
                0x08000860                memchr
 .text          0x08000900      0x424 d:/ac6/systemworkbench/plugins/fr.ac6.mcu.externaltools.arm-none.win32_1.7.0.201602121829/tools/compiler/bin/../lib/gcc/arm-none-eabi/5.2.1/armv7e-m/fpu/fpv5-sp-d16\libgcc.a(_arm_muldivdf3.o)
                0x08000900                __aeabi_dmul
                0x08000900                __muldf3
                0x08000b54                __divdf3
                0x08000b54                __aeabi_ddiv
 .text          0x08000d24      0x110 d:/ac6/systemworkbench/plugins/fr.ac6.mcu.externaltools.arm-none.win32_1.7.0.201602121829/tools/compiler/bin/../lib/gcc/arm-none-eabi/5.2.1/armv7e-m/fpu/fpv5-sp-d16\libgcc.a(_arm_cmpdf2.o)
                0x08000d24                __gtdf2
                0x08000d24                __gedf2
                0x08000d2c                __ltdf2
                0x08000d2c                __ledf2
                0x08000d34                __nedf2
                0x08000d34                __eqdf2
                0x08000d34                __cmpdf2
                0x08000db0                __aeabi_cdrcmple
                0x08000dc0                __aeabi_cdcmpeq
                0x08000dc0                __aeabi_cdcmple
                0x08000dd0                __aeabi_dcmpeq
                0x08000de4                __aeabi_dcmplt
                0x08000df8                __aeabi_dcmple
                0x08000e0c                __aeabi_dcmpge
                0x08000e20                __aeabi_dcmpgt
 .text          0x08000e34       0x50 d:/ac6/systemworkbench/plugins/fr.ac6.mcu.externaltools.arm-none.win32_1.7.0.201602121829/tools/compiler/bin/../lib/gcc/arm-none-eabi/5.2.1/armv7e-m/fpu/fpv5-sp-d16\libgcc.a(_arm_fixdfsi.o)
                0x08000e34                __aeabi_d2iz
                0x08000e34                __fixdfsi
 .text          0x08000e84       0x30 d:/ac6/systemworkbench/plugins/fr.ac6.mcu.externaltools.arm-none.win32_1.7.0.201602121829/tools/compiler/bin/../lib/gcc/arm-none-eabi/5.2.1/armv7e-m/fpu/fpv5-sp-d16\libgcc.a(_aeabi_uldivmod.o)
                0x08000e84                __aeabi_uldivmod
 .text          0x08000eb4      0x2e4 d:/ac6/systemworkbench/plugins/fr.ac6.mcu.externaltools.arm-none.win32_1.7.0.201602121829/tools/compiler/bin/../lib/gcc/arm-none-eabi/5.2.1/armv7e-m/fpu/fpv5-sp-d16\libgcc.a(_udivmoddi4.o)
                0x08000eb4                __udivmoddi4
 .text          0x08001198        0x4 d:/ac6/systemworkbench/plugins/fr.ac6.mcu.externaltools.arm-none.win32_1.7.0.201602121829/tools/compiler/bin/../lib/gcc/arm-none-eabi/5.2.1/armv7e-m/fpu/fpv5-sp-d16\libgcc.a(_dvmd_tls.o)
                0x08001198                __aeabi_idiv0
                0x08001198                __aeabi_ldiv0
 *(.text*)
 .text.Reset_Handler
                0x0800119c       0x50 Drivers/CMSIS/Device/ST/STM32F7xx/Source/Templates/gcc/startup_stm32f745xx.o
                0x0800119c                Reset_Handler
 .text.Default_Handler
                0x080011ec        0x2 Drivers/CMSIS/Device/ST/STM32F7xx/Source/Templates/gcc/startup_stm32f745xx.o
                0x080011ec                RTC_Alarm_IRQHandler
                0x080011ec                EXTI2_IRQHandler
                0x080011ec                TIM8_CC_IRQHandler
                0x080011ec                DebugMon_Handler
                0x080011ec                UART8_IRQHandler
                0x080011ec                SPI4_IRQHandler
                0x080011ec                TIM1_CC_IRQHandler
                0x080011ec                DMA2_Stream5_IRQHandler
                0x080011ec                HardFault_Handler
                0x080011ec                DMA1_Stream5_IRQHandler
                0x080011ec                PVD_IRQHandler
                0x080011ec                TAMP_STAMP_IRQHandler
                0x080011ec                NMI_Handler
                0x080011ec                CAN2_RX1_IRQHandler
                0x080011ec                EXTI3_IRQHandler
                0x080011ec                TIM8_TRG_COM_TIM14_IRQHandler
                0x080011ec                TIM1_UP_TIM10_IRQHandler
                0x080011ec                TIM8_UP_TIM13_IRQHandler
                0x080011ec                I2C3_ER_IRQHandler
                0x080011ec                EXTI0_IRQHandler
                0x080011ec                I2C2_EV_IRQHandler
                0x080011ec                DMA1_Stream2_IRQHandler
                0x080011ec                CAN1_RX0_IRQHandler
                0x080011ec                FPU_IRQHandler
                0x080011ec                OTG_HS_WKUP_IRQHandler
                0x080011ec                UsageFault_Handler
                0x080011ec                CAN2_SCE_IRQHandler
                0x080011ec                SPI1_IRQHandler
                0x080011ec                TIM6_DAC_IRQHandler
                0x080011ec                TIM1_BRK_TIM9_IRQHandler
                0x080011ec                DCMI_IRQHandler
                0x080011ec                CAN2_RX0_IRQHandler
                0x080011ec                DMA2_Stream3_IRQHandler
                0x080011ec                SAI2_IRQHandler
                0x080011ec                USART3_IRQHandler
                0x080011ec                CAN1_RX1_IRQHandler
                0x080011ec                UART5_IRQHandler
                0x080011ec                TIM4_IRQHandler
                0x080011ec                QUADSPI_IRQHandler
                0x080011ec                I2C1_EV_IRQHandler
                0x080011ec                DMA1_Stream6_IRQHandler
                0x080011ec                DMA1_Stream1_IRQHandler
                0x080011ec                RCC_IRQHandler
                0x080011ec                TIM8_BRK_TIM12_IRQHandler
                0x080011ec                Default_Handler
                0x080011ec                CEC_IRQHandler
                0x080011ec                EXTI15_10_IRQHandler
                0x080011ec                DMA1_Stream7_IRQHandler
                0x080011ec                SPI5_IRQHandler
                0x080011ec                TIM7_IRQHandler
                0x080011ec                SDMMC1_IRQHandler
                0x080011ec                CAN2_TX_IRQHandler
                0x080011ec                TIM5_IRQHandler
                0x080011ec                DMA2_Stream7_IRQHandler
                0x080011ec                I2C3_EV_IRQHandler
                0x080011ec                RTC_WKUP_IRQHandler
                0x080011ec                ETH_WKUP_IRQHandler
                0x080011ec                SPDIF_RX_IRQHandler
                0x080011ec                SPI2_IRQHandler
                0x080011ec                OTG_HS_EP1_IN_IRQHandler
                0x080011ec                MemManage_Handler
                0x080011ec                DMA1_Stream0_IRQHandler
                0x080011ec                CAN1_TX_IRQHandler
                0x080011ec                EXTI4_IRQHandler
                0x080011ec                RNG_IRQHandler
                0x080011ec                ETH_IRQHandler
                0x080011ec                OTG_HS_EP1_OUT_IRQHandler
                0x080011ec                WWDG_IRQHandler
                0x080011ec                SPI6_IRQHandler
                0x080011ec                I2C4_EV_IRQHandler
                0x080011ec                TIM2_IRQHandler
                0x080011ec                OTG_FS_WKUP_IRQHandler
                0x080011ec                TIM1_TRG_COM_TIM11_IRQHandler
                0x080011ec                OTG_HS_IRQHandler
                0x080011ec                DMA2D_IRQHandler
                0x080011ec                EXTI1_IRQHandler
                0x080011ec                UART7_IRQHandler
                0x080011ec                USART2_IRQHandler
                0x080011ec                I2C2_ER_IRQHandler
                0x080011ec                CAN1_SCE_IRQHandler
                0x080011ec                FLASH_IRQHandler
                0x080011ec                DMA2_Stream4_IRQHandler
                0x080011ec                BusFault_Handler
                0x080011ec                USART1_IRQHandler
                0x080011ec                OTG_FS_IRQHandler
                0x080011ec                SPI3_IRQHandler
                0x080011ec                DMA1_Stream4_IRQHandler
                0x080011ec                I2C1_ER_IRQHandler
                0x080011ec                FMC_IRQHandler
                0x080011ec                LPTIM1_IRQHandler
                0x080011ec                I2C4_ER_IRQHandler
                0x080011ec                DMA2_Stream6_IRQHandler
                0x080011ec                SAI1_IRQHandler
                0x080011ec                DMA1_Stream3_IRQHandler
 *fill*         0x080011ee        0x2 
 .text.SystemInit
                0x080011f0       0x4c Drivers/CMSIS/Device/ST/STM32F7xx/Source/Templates/system_stm32f7xx.o
                0x080011f0                SystemInit
 .text.HAL_InitTick
                0x0800123c       0x28 Drivers/STM32F7xx_HAL_Driver/Src/stm32f7xx_hal.o
                0x0800123c                HAL_InitTick
 .text.HAL_Init
                0x08001264       0x16 Drivers/STM32F7xx_HAL_Driver/Src/stm32f7xx_hal.o
                0x08001264                HAL_Init
 *fill*         0x0800127a        0x2 
 .text.HAL_IncTick
                0x0800127c       0x10 Drivers/STM32F7xx_HAL_Driver/Src/stm32f7xx_hal.o
                0x0800127c                HAL_IncTick
 .text.HAL_GetTick
                0x0800128c        0xc Drivers/STM32F7xx_HAL_Driver/Src/stm32f7xx_hal.o
                0x0800128c                HAL_GetTick
 .text.HAL_Delay
                0x08001298       0x1a Drivers/STM32F7xx_HAL_Driver/Src/stm32f7xx_hal.o
                0x08001298                HAL_Delay
 *fill*         0x080012b2        0x2 
 .text.HAL_ADC_Init
                0x080012b4      0x154 Drivers/STM32F7xx_HAL_Driver/Src/stm32f7xx_hal_adc.o
                0x080012b4                HAL_ADC_Init
 .text.HAL_ADC_Start_DMA
                0x08001408      0x100 Drivers/STM32F7xx_HAL_Driver/Src/stm32f7xx_hal_adc.o
                0x08001408                HAL_ADC_Start_DMA
 .text.ADC_DMAConvCplt
                0x08001508       0x60 Drivers/STM32F7xx_HAL_Driver/Src/stm32f7xx_hal_adc.o
 .text.HAL_ADC_ConvHalfCpltCallback
                0x08001568        0x2 Drivers/STM32F7xx_HAL_Driver/Src/stm32f7xx_hal_adc.o
                0x08001568                HAL_ADC_ConvHalfCpltCallback
 .text.ADC_DMAHalfConvCplt
                0x0800156a        0xa Drivers/STM32F7xx_HAL_Driver/Src/stm32f7xx_hal_adc.o
 .text.HAL_ADC_LevelOutOfWindowCallback
                0x08001574        0x2 Drivers/STM32F7xx_HAL_Driver/Src/stm32f7xx_hal_adc.o
                0x08001574                HAL_ADC_LevelOutOfWindowCallback
 .text.HAL_ADC_ErrorCallback
                0x08001576        0x2 Drivers/STM32F7xx_HAL_Driver/Src/stm32f7xx_hal_adc.o
                0x08001576                HAL_ADC_ErrorCallback
 .text.HAL_ADC_IRQHandler
                0x08001578      0x128 Drivers/STM32F7xx_HAL_Driver/Src/stm32f7xx_hal_adc.o
                0x08001578                HAL_ADC_IRQHandler
 .text.ADC_DMAError
                0x080016a0       0x16 Drivers/STM32F7xx_HAL_Driver/Src/stm32f7xx_hal_adc.o
 *fill*         0x080016b6        0x2 
 .text.HAL_ADC_ConfigChannel
                0x080016b8      0x140 Drivers/STM32F7xx_HAL_Driver/Src/stm32f7xx_hal_adc.o
                0x080016b8                HAL_ADC_ConfigChannel
 .text.HAL_ADCEx_InjectedConvCpltCallback
                0x080017f8        0x2 Drivers/STM32F7xx_HAL_Driver/Src/stm32f7xx_hal_adc_ex.o
                0x080017f8                HAL_ADCEx_InjectedConvCpltCallback
 *fill*         0x080017fa        0x2 
 .text.HAL_NVIC_SetPriorityGrouping
                0x080017fc       0x24 Drivers/STM32F7xx_HAL_Driver/Src/stm32f7xx_hal_cortex.o
                0x080017fc                HAL_NVIC_SetPriorityGrouping
 .text.HAL_NVIC_SetPriority
                0x08001820       0x70 Drivers/STM32F7xx_HAL_Driver/Src/stm32f7xx_hal_cortex.o
                0x08001820                HAL_NVIC_SetPriority
 .text.HAL_NVIC_EnableIRQ
                0x08001890       0x18 Drivers/STM32F7xx_HAL_Driver/Src/stm32f7xx_hal_cortex.o
                0x08001890                HAL_NVIC_EnableIRQ
 .text.HAL_NVIC_SystemReset
                0x080018a8       0x24 Drivers/STM32F7xx_HAL_Driver/Src/stm32f7xx_hal_cortex.o
                0x080018a8                HAL_NVIC_SystemReset
 .text.HAL_SYSTICK_Config
                0x080018cc       0x2c Drivers/STM32F7xx_HAL_Driver/Src/stm32f7xx_hal_cortex.o
                0x080018cc                HAL_SYSTICK_Config
 .text.HAL_SYSTICK_CLKSourceConfig
                0x080018f8       0x18 Drivers/STM32F7xx_HAL_Driver/Src/stm32f7xx_hal_cortex.o
                0x080018f8                HAL_SYSTICK_CLKSourceConfig
 .text.DMA_CalcBaseAndBitshift
                0x08001910       0x2c Drivers/STM32F7xx_HAL_Driver/Src/stm32f7xx_hal_dma.o
 .text.HAL_DMA_Init
                0x0800193c       0xec Drivers/STM32F7xx_HAL_Driver/Src/stm32f7xx_hal_dma.o
                0x0800193c                HAL_DMA_Init
 .text.HAL_DMA_Start_IT
                0x08001a28       0x7e Drivers/STM32F7xx_HAL_Driver/Src/stm32f7xx_hal_dma.o
                0x08001a28                HAL_DMA_Start_IT
 .text.HAL_DMA_Abort_IT
                0x08001aa6       0x24 Drivers/STM32F7xx_HAL_Driver/Src/stm32f7xx_hal_dma.o
                0x08001aa6                HAL_DMA_Abort_IT
 *fill*         0x08001aca        0x2 
 .text.HAL_DMA_IRQHandler
                0x08001acc      0x17c Drivers/STM32F7xx_HAL_Driver/Src/stm32f7xx_hal_dma.o
                0x08001acc                HAL_DMA_IRQHandler
 .text.HAL_GPIO_Init
                0x08001c48      0x1d8 Drivers/STM32F7xx_HAL_Driver/Src/stm32f7xx_hal_gpio.o
                0x08001c48                HAL_GPIO_Init
 .text.HAL_GPIO_WritePin
                0x08001e20        0x8 Drivers/STM32F7xx_HAL_Driver/Src/stm32f7xx_hal_gpio.o
                0x08001e20                HAL_GPIO_WritePin
 .text.HAL_GPIO_TogglePin
                0x08001e28        0x8 Drivers/STM32F7xx_HAL_Driver/Src/stm32f7xx_hal_gpio.o
                0x08001e28                HAL_GPIO_TogglePin
 .text.HAL_IWDG_Init
                0x08001e30       0x4e Drivers/STM32F7xx_HAL_Driver/Src/stm32f7xx_hal_iwdg.o
                0x08001e30                HAL_IWDG_Init
 .text.HAL_IWDG_Refresh
                0x08001e7e        0xc Drivers/STM32F7xx_HAL_Driver/Src/stm32f7xx_hal_iwdg.o
                0x08001e7e                HAL_IWDG_Refresh
 *fill*         0x08001e8a        0x2 
 .text.HAL_PWREx_EnableOverDrive
                0x08001e8c       0x70 Drivers/STM32F7xx_HAL_Driver/Src/stm32f7xx_hal_pwr_ex.o
                0x08001e8c                HAL_PWREx_EnableOverDrive
 .text.HAL_RCC_OscConfig
                0x08001efc      0x334 Drivers/STM32F7xx_HAL_Driver/Src/stm32f7xx_hal_rcc.o
                0x08001efc                HAL_RCC_OscConfig
 .text.HAL_RCC_GetSysClockFreq
                0x08002230       0x7c Drivers/STM32F7xx_HAL_Driver/Src/stm32f7xx_hal_rcc.o
                0x08002230                HAL_RCC_GetSysClockFreq
 .text.HAL_RCC_ClockConfig
                0x080022ac      0x154 Drivers/STM32F7xx_HAL_Driver/Src/stm32f7xx_hal_rcc.o
                0x080022ac                HAL_RCC_ClockConfig
 .text.HAL_RCC_GetHCLKFreq
                0x08002400        0xc Drivers/STM32F7xx_HAL_Driver/Src/stm32f7xx_hal_rcc.o
                0x08002400                HAL_RCC_GetHCLKFreq
 .text.HAL_RCC_GetPCLK1Freq
                0x0800240c       0x30 Drivers/STM32F7xx_HAL_Driver/Src/stm32f7xx_hal_rcc.o
                0x0800240c                HAL_RCC_GetPCLK1Freq
 .text.HAL_RCC_GetPCLK2Freq
                0x0800243c       0x30 Drivers/STM32F7xx_HAL_Driver/Src/stm32f7xx_hal_rcc.o
                0x0800243c                HAL_RCC_GetPCLK2Freq
 .text.HAL_RCCEx_PeriphCLKConfig
                0x0800246c      0x74c Drivers/STM32F7xx_HAL_Driver/Src/stm32f7xx_hal_rcc_ex.o
                0x0800246c                HAL_RCCEx_PeriphCLKConfig
 .text.HAL_SRAM_Init
                0x08002bb8       0x54 Drivers/STM32F7xx_HAL_Driver/Src/stm32f7xx_hal_sram.o
                0x08002bb8                HAL_SRAM_Init
 .text.HAL_TIM_Base_Start_IT
                0x08002c0c       0x16 Drivers/STM32F7xx_HAL_Driver/Src/stm32f7xx_hal_tim.o
                0x08002c0c                HAL_TIM_Base_Start_IT
 .text.HAL_TIM_OC_DelayElapsedCallback
                0x08002c22        0x2 Drivers/STM32F7xx_HAL_Driver/Src/stm32f7xx_hal_tim.o
                0x08002c22                HAL_TIM_OC_DelayElapsedCallback
 .text.HAL_TIM_IC_CaptureCallback
                0x08002c24        0x2 Drivers/STM32F7xx_HAL_Driver/Src/stm32f7xx_hal_tim.o
                0x08002c24                HAL_TIM_IC_CaptureCallback
 .text.HAL_TIM_PWM_PulseFinishedCallback
                0x08002c26        0x2 Drivers/STM32F7xx_HAL_Driver/Src/stm32f7xx_hal_tim.o
                0x08002c26                HAL_TIM_PWM_PulseFinishedCallback
 .text.HAL_TIM_TriggerCallback
                0x08002c28        0x2 Drivers/STM32F7xx_HAL_Driver/Src/stm32f7xx_hal_tim.o
                0x08002c28                HAL_TIM_TriggerCallback
 .text.HAL_TIM_IRQHandler
                0x08002c2a      0x15e Drivers/STM32F7xx_HAL_Driver/Src/stm32f7xx_hal_tim.o
                0x08002c2a                HAL_TIM_IRQHandler
 .text.TIM_Base_SetConfig
                0x08002d88       0xc8 Drivers/STM32F7xx_HAL_Driver/Src/stm32f7xx_hal_tim.o
                0x08002d88                TIM_Base_SetConfig
 .text.HAL_TIM_Base_Init
                0x08002e50       0x2c Drivers/STM32F7xx_HAL_Driver/Src/stm32f7xx_hal_tim.o
                0x08002e50                HAL_TIM_Base_Init
 .text.HAL_TIMEx_CommutationCallback
                0x08002e7c        0x2 Drivers/STM32F7xx_HAL_Driver/Src/stm32f7xx_hal_tim_ex.o
                0x08002e7c                HAL_TIMEx_CommutationCallback
 .text.HAL_TIMEx_BreakCallback
                0x08002e7e        0x2 Drivers/STM32F7xx_HAL_Driver/Src/stm32f7xx_hal_tim_ex.o
                0x08002e7e                HAL_TIMEx_BreakCallback
 .text.UART_EndRxTransfer
                0x08002e80       0x1a Drivers/STM32F7xx_HAL_Driver/Src/stm32f7xx_hal_uart.o
 .text.UART_WaitOnFlagUntilTimeout
                0x08002e9a       0x62 Drivers/STM32F7xx_HAL_Driver/Src/stm32f7xx_hal_uart.o
                0x08002e9a                UART_WaitOnFlagUntilTimeout
 .text.HAL_UART_Transmit
                0x08002efc       0xac Drivers/STM32F7xx_HAL_Driver/Src/stm32f7xx_hal_uart.o
                0x08002efc                HAL_UART_Transmit
 .text.HAL_UART_TxCpltCallback
                0x08002fa8        0x2 Drivers/STM32F7xx_HAL_Driver/Src/stm32f7xx_hal_uart.o
                0x08002fa8                HAL_UART_TxCpltCallback
 .text.HAL_UART_RxCpltCallback
                0x08002faa        0x2 Drivers/STM32F7xx_HAL_Driver/Src/stm32f7xx_hal_uart.o
                0x08002faa                HAL_UART_RxCpltCallback
 .text.UART_Receive_IT
                0x08002fac       0x72 Drivers/STM32F7xx_HAL_Driver/Src/stm32f7xx_hal_uart.o
 .text.HAL_UART_ErrorCallback
                0x0800301e        0x2 Drivers/STM32F7xx_HAL_Driver/Src/stm32f7xx_hal_uart.o
                0x0800301e                HAL_UART_ErrorCallback
 .text.HAL_UART_IRQHandler
                0x08003020      0x158 Drivers/STM32F7xx_HAL_Driver/Src/stm32f7xx_hal_uart.o
                0x08003020                HAL_UART_IRQHandler
 .text.UART_DMAAbortOnError
                0x08003178       0x14 Drivers/STM32F7xx_HAL_Driver/Src/stm32f7xx_hal_uart.o
 .text.UART_SetConfig
                0x0800318c      0x268 Drivers/STM32F7xx_HAL_Driver/Src/stm32f7xx_hal_uart.o
                0x0800318c                UART_SetConfig
 .text.UART_AdvFeatureConfig
                0x080033f4       0xaa Drivers/STM32F7xx_HAL_Driver/Src/stm32f7xx_hal_uart.o
                0x080033f4                UART_AdvFeatureConfig
 .text.UART_CheckIdleState
                0x0800349e       0x68 Drivers/STM32F7xx_HAL_Driver/Src/stm32f7xx_hal_uart.o
                0x0800349e                UART_CheckIdleState
 .text.HAL_UART_Init
                0x08003506       0x64 Drivers/STM32F7xx_HAL_Driver/Src/stm32f7xx_hal_uart.o
                0x08003506                HAL_UART_Init
 .text.HAL_MultiProcessor_Init
                0x0800356a       0x86 Drivers/STM32F7xx_HAL_Driver/Src/stm32f7xx_hal_uart.o
                0x0800356a                HAL_MultiProcessor_Init
 .text.FMC_NORSRAM_Init
                0x080035f0       0x90 Drivers/STM32F7xx_HAL_Driver/Src/stm32f7xx_ll_fmc.o
                0x080035f0                FMC_NORSRAM_Init
 .text.FMC_NORSRAM_Timing_Init
                0x08003680       0x4e Drivers/STM32F7xx_HAL_Driver/Src/stm32f7xx_ll_fmc.o
                0x08003680                FMC_NORSRAM_Timing_Init
 *fill*         0x080036ce        0x2 
 .text.FMC_NORSRAM_Extended_Timing_Init
                0x080036d0       0x3c Drivers/STM32F7xx_HAL_Driver/Src/stm32f7xx_ll_fmc.o
                0x080036d0                FMC_NORSRAM_Extended_Timing_Init
 .text.osKernelStart
                0x0800370c        0xa Middlewares/Third_Party/FreeRTOS/Source/CMSIS_RTOS/cmsis_os.o
                0x0800370c                osKernelStart
 .text.osThreadCreate
                0x08003716       0x36 Middlewares/Third_Party/FreeRTOS/Source/CMSIS_RTOS/cmsis_os.o
                0x08003716                osThreadCreate
 .text.osThreadTerminate
                0x0800374c        0xa Middlewares/Third_Party/FreeRTOS/Source/CMSIS_RTOS/cmsis_os.o
                0x0800374c                osThreadTerminate
 .text.osDelay  0x08003756       0x10 Middlewares/Third_Party/FreeRTOS/Source/CMSIS_RTOS/cmsis_os.o
                0x08003756                osDelay
 *fill*         0x08003766        0x2 
 .text.osTimerCreate
                0x08003768       0x20 Middlewares/Third_Party/FreeRTOS/Source/CMSIS_RTOS/cmsis_os.o
                0x08003768                osTimerCreate
 .text.osTimerStart
                0x08003788       0x54 Middlewares/Third_Party/FreeRTOS/Source/CMSIS_RTOS/cmsis_os.o
                0x08003788                osTimerStart
 .text.osMutexCreate
                0x080037dc        0x6 Middlewares/Third_Party/FreeRTOS/Source/CMSIS_RTOS/cmsis_os.o
                0x080037dc                osMutexCreate
 *fill*         0x080037e2        0x2 
 .text.osMutexWait
                0x080037e4       0x50 Middlewares/Third_Party/FreeRTOS/Source/CMSIS_RTOS/cmsis_os.o
                0x080037e4                osMutexWait
 .text.osSemaphoreRelease
                0x08003834       0x48 Middlewares/Third_Party/FreeRTOS/Source/CMSIS_RTOS/cmsis_os.o
                0x08003834                osSemaphoreRelease
 .text.osMutexRelease
                0x0800387c        0x4 Middlewares/Third_Party/FreeRTOS/Source/CMSIS_RTOS/cmsis_os.o
                0x0800387c                osMutexRelease
 .text.osSystickHandler
                0x08003880       0x14 Middlewares/Third_Party/FreeRTOS/Source/CMSIS_RTOS/cmsis_os.o
                0x08003880                osSystickHandler
 .text.vListInitialise
                0x08003894       0x16 Middlewares/Third_Party/FreeRTOS/Source/list.o
                0x08003894                vListInitialise
 .text.vListInitialiseItem
                0x080038aa        0x6 Middlewares/Third_Party/FreeRTOS/Source/list.o
                0x080038aa                vListInitialiseItem
 .text.vListInsertEnd
                0x080038b0       0x18 Middlewares/Third_Party/FreeRTOS/Source/list.o
                0x080038b0                vListInsertEnd
 .text.vListInsert
                0x080038c8       0x30 Middlewares/Third_Party/FreeRTOS/Source/list.o
                0x080038c8                vListInsert
 .text.uxListRemove
                0x080038f8       0x20 Middlewares/Third_Party/FreeRTOS/Source/list.o
                0x080038f8                uxListRemove
 .text.unlikely.prvCopyDataToQueue
                0x08003918       0x6a Middlewares/Third_Party/FreeRTOS/Source/queue.o
 .text.unlikely.prvCopyDataFromQueue
                0x08003982       0x2a Middlewares/Third_Party/FreeRTOS/Source/queue.o
 .text.prvUnlockQueue
                0x080039ac       0x68 Middlewares/Third_Party/FreeRTOS/Source/queue.o
 .text.xQueueGenericReset
                0x08003a14       0x84 Middlewares/Third_Party/FreeRTOS/Source/queue.o
                0x08003a14                xQueueGenericReset
 .text.xQueueGenericCreate
                0x08003a98       0x6c Middlewares/Third_Party/FreeRTOS/Source/queue.o
                0x08003a98                xQueueGenericCreate
 .text.xQueueGenericSend
                0x08003b04      0x174 Middlewares/Third_Party/FreeRTOS/Source/queue.o
                0x08003b04                xQueueGenericSend
 .text.xQueueCreateMutex
                0x08003c78       0x52 Middlewares/Third_Party/FreeRTOS/Source/queue.o
                0x08003c78                xQueueCreateMutex
 .text.xQueueGenericSendFromISR
                0x08003cca       0xc8 Middlewares/Third_Party/FreeRTOS/Source/queue.o
                0x08003cca                xQueueGenericSendFromISR
 .text.xQueueGiveFromISR
                0x08003d92       0xb0 Middlewares/Third_Party/FreeRTOS/Source/queue.o
                0x08003d92                xQueueGiveFromISR
 *fill*         0x08003e42        0x2 
 .text.xQueueGenericReceive
                0x08003e44      0x178 Middlewares/Third_Party/FreeRTOS/Source/queue.o
                0x08003e44                xQueueGenericReceive
 .text.xQueueReceiveFromISR
                0x08003fbc       0x94 Middlewares/Third_Party/FreeRTOS/Source/queue.o
                0x08003fbc                xQueueReceiveFromISR
 .text.vQueueAddToRegistry
                0x08004050       0x28 Middlewares/Third_Party/FreeRTOS/Source/queue.o
                0x08004050                vQueueAddToRegistry
 .text.vQueueWaitForMessageRestricted
                0x08004078       0x3e Middlewares/Third_Party/FreeRTOS/Source/queue.o
                0x08004078                vQueueWaitForMessageRestricted
 *fill*         0x080040b6        0x2 
 .text.prvResetNextTaskUnblockTime
                0x080040b8       0x20 Middlewares/Third_Party/FreeRTOS/Source/tasks.o
 .text.prvAddCurrentTaskToDelayedList
                0x080040d8       0x38 Middlewares/Third_Party/FreeRTOS/Source/tasks.o
 .text.xTaskGenericCreate.part.5
                0x08004110      0x1a0 Middlewares/Third_Party/FreeRTOS/Source/tasks.o
 .text.vTaskSetTimeOutState.part.7
                0x080042b0       0x16 Middlewares/Third_Party/FreeRTOS/Source/tasks.o
 .text.xTaskGenericCreate
                0x080042c6       0x44 Middlewares/Third_Party/FreeRTOS/Source/tasks.o
                0x080042c6                xTaskGenericCreate
 *fill*         0x0800430a        0x2 
 .text.vTaskDelete
                0x0800430c       0xbc Middlewares/Third_Party/FreeRTOS/Source/tasks.o
                0x0800430c                vTaskDelete
 .text.vTaskStartScheduler
                0x080043c8       0x78 Middlewares/Third_Party/FreeRTOS/Source/tasks.o
                0x080043c8                vTaskStartScheduler
 .text.vTaskSuspendAll
                0x08004440       0x14 Middlewares/Third_Party/FreeRTOS/Source/tasks.o
                0x08004440                vTaskSuspendAll
 .text.xTaskGetTickCount
                0x08004454        0xc Middlewares/Third_Party/FreeRTOS/Source/tasks.o
                0x08004454                xTaskGetTickCount
 .text.xTaskIncrementTick
                0x08004460       0xf4 Middlewares/Third_Party/FreeRTOS/Source/tasks.o
                0x08004460                xTaskIncrementTick
 .text.xTaskResumeAll
                0x08004554       0xec Middlewares/Third_Party/FreeRTOS/Source/tasks.o
                0x08004554                xTaskResumeAll
 .text.vTaskDelay
                0x08004640       0x74 Middlewares/Third_Party/FreeRTOS/Source/tasks.o
                0x08004640                vTaskDelay
 .text.prvIdleTask
                0x080046b4       0x70 Middlewares/Third_Party/FreeRTOS/Source/tasks.o
 .text.vTaskSwitchContext
                0x08004724       0x6c Middlewares/Third_Party/FreeRTOS/Source/tasks.o
                0x08004724                vTaskSwitchContext
 .text.vTaskPlaceOnEventList
                0x08004790       0x6c Middlewares/Third_Party/FreeRTOS/Source/tasks.o
                0x08004790                vTaskPlaceOnEventList
 .text.vTaskPlaceOnEventListRestricted
                0x080047fc       0x70 Middlewares/Third_Party/FreeRTOS/Source/tasks.o
                0x080047fc                vTaskPlaceOnEventListRestricted
 .text.xTaskRemoveFromEventList
                0x0800486c       0x7c Middlewares/Third_Party/FreeRTOS/Source/tasks.o
                0x0800486c                xTaskRemoveFromEventList
 .text.vTaskSetTimeOutState
                0x080048e8       0x1c Middlewares/Third_Party/FreeRTOS/Source/tasks.o
                0x080048e8                vTaskSetTimeOutState
 .text.xTaskCheckForTimeOut
                0x08004904       0x78 Middlewares/Third_Party/FreeRTOS/Source/tasks.o
                0x08004904                xTaskCheckForTimeOut
 .text.vTaskMissedYield
                0x0800497c       0x10 Middlewares/Third_Party/FreeRTOS/Source/tasks.o
                0x0800497c                vTaskMissedYield
 .text.xTaskGetSchedulerState
                0x0800498c       0x20 Middlewares/Third_Party/FreeRTOS/Source/tasks.o
                0x0800498c                xTaskGetSchedulerState
 .text.vTaskPriorityInherit
                0x080049ac       0x94 Middlewares/Third_Party/FreeRTOS/Source/tasks.o
                0x080049ac                vTaskPriorityInherit
 .text.xTaskPriorityDisinherit
                0x08004a40       0xac Middlewares/Third_Party/FreeRTOS/Source/tasks.o
                0x08004a40                xTaskPriorityDisinherit
 .text.pvTaskIncrementMutexHeldCount
                0x08004aec       0x18 Middlewares/Third_Party/FreeRTOS/Source/tasks.o
                0x08004aec                pvTaskIncrementMutexHeldCount
 .text.prvInsertTimerInActiveList
                0x08004b04       0x38 Middlewares/Third_Party/FreeRTOS/Source/timers.o
 .text.xTimerGenericCommand.part.2
                0x08004b3c       0x16 Middlewares/Third_Party/FreeRTOS/Source/timers.o
 *fill*         0x08004b52        0x2 
 .text.prvCheckForValidListAndQueue
                0x08004b54       0x4c Middlewares/Third_Party/FreeRTOS/Source/timers.o
 .text.xTimerCreateTimerTask
                0x08004ba0       0x4c Middlewares/Third_Party/FreeRTOS/Source/timers.o
                0x08004ba0                xTimerCreateTimerTask
 .text.xTimerCreate
                0x08004bec       0x4e Middlewares/Third_Party/FreeRTOS/Source/timers.o
                0x08004bec                xTimerCreate
 *fill*         0x08004c3a        0x2 
 .text.xTimerGenericCommand
                0x08004c3c       0x48 Middlewares/Third_Party/FreeRTOS/Source/timers.o
                0x08004c3c                xTimerGenericCommand
 .text.prvSwitchTimerLists
                0x08004c84       0x80 Middlewares/Third_Party/FreeRTOS/Source/timers.o
 .text.prvTimerTask
                0x08004d04      0x1a8 Middlewares/Third_Party/FreeRTOS/Source/timers.o
 .text.prvTaskExitError
                0x08004eac       0x38 Middlewares/Third_Party/FreeRTOS/Source/portable/GCC/ARM_CM7/r0p1/port.o
 .text.prvPortStartFirstTask
                0x08004ee4       0x20 Middlewares/Third_Party/FreeRTOS/Source/portable/GCC/ARM_CM7/r0p1/port.o
 .text.vPortEnableVFP
                0x08004f04       0x14 Middlewares/Third_Party/FreeRTOS/Source/portable/GCC/ARM_CM7/r0p1/port.o
 .text.pxPortInitialiseStack
                0x08004f18       0x20 Middlewares/Third_Party/FreeRTOS/Source/portable/GCC/ARM_CM7/r0p1/port.o
                0x08004f18                pxPortInitialiseStack
 .text.SVC_Handler
                0x08004f38       0x20 Middlewares/Third_Party/FreeRTOS/Source/portable/GCC/ARM_CM7/r0p1/port.o
                0x08004f38                SVC_Handler
 .text.vPortEnterCritical
                0x08004f58       0x4c Middlewares/Third_Party/FreeRTOS/Source/portable/GCC/ARM_CM7/r0p1/port.o
                0x08004f58                vPortEnterCritical
 .text.vPortExitCritical
                0x08004fa4       0x2c Middlewares/Third_Party/FreeRTOS/Source/portable/GCC/ARM_CM7/r0p1/port.o
                0x08004fa4                vPortExitCritical
 .text.PendSV_Handler
                0x08004fd0       0x64 Middlewares/Third_Party/FreeRTOS/Source/portable/GCC/ARM_CM7/r0p1/port.o
                0x08004fd0                PendSV_Handler
 .text.xPortSysTickHandler
                0x08005034       0x34 Middlewares/Third_Party/FreeRTOS/Source/portable/GCC/ARM_CM7/r0p1/port.o
                0x08005034                xPortSysTickHandler
 .text.vPortSetupTimerInterrupt
                0x08005068       0x28 Middlewares/Third_Party/FreeRTOS/Source/portable/GCC/ARM_CM7/r0p1/port.o
                0x08005068                vPortSetupTimerInterrupt
 .text.xPortStartScheduler
                0x08005090       0xa0 Middlewares/Third_Party/FreeRTOS/Source/portable/GCC/ARM_CM7/r0p1/port.o
                0x08005090                xPortStartScheduler
 .text.vPortValidateInterruptPriority
                0x08005130       0x5c Middlewares/Third_Party/FreeRTOS/Source/portable/GCC/ARM_CM7/r0p1/port.o
                0x08005130                vPortValidateInterruptPriority
 .text.unlikely.prvInsertBlockIntoFreeList
                0x0800518c       0x44 Middlewares/Third_Party/FreeRTOS/Source/portable/MemMang/heap_4.o
 .text.pvPortMalloc
                0x080051d0      0x128 Middlewares/Third_Party/FreeRTOS/Source/portable/MemMang/heap_4.o
                0x080051d0                pvPortMalloc
 .text.vPortFree
                0x080052f8       0x78 Middlewares/Third_Party/FreeRTOS/Source/portable/MemMang/heap_4.o
                0x080052f8                vPortFree
 .text.vDacValueSet
                0x08005370       0x8c src/dac.o
                0x08005370                vDacValueSet
 .text.vEncoderAcqTask
                0x080053fc       0x70 src/digital.o
                0x080053fc                vEncoderAcqTask
 .text.osTimerCallback
                0x0800546c       0x60 src/main.o
 .text.vAdcAcqTask
                0x080054cc       0x74 src/main.o
                0x080054cc                vAdcAcqTask
 .text.vUserTask
                0x08005540      0x218 src/main.o
                0x08005540                vUserTask
 .text.StartDefaultTask
                0x08005758       0x94 src/main.o
                0x08005758                StartDefaultTask
 .text.SystemClock_Config
                0x080057ec       0xcc src/main.o
                0x080057ec                SystemClock_Config
 .text.Error_Handler
                0x080058b8        0x2 src/main.o
                0x080058b8                Error_Handler
 *fill*         0x080058ba        0x2 
 .text.__io_putchar
                0x080058bc       0x38 src/main.o
                0x080058bc                __io_putchar
 .text.HAL_ADC_ConvCpltCallback
                0x080058f4        0x2 src/main.o
                0x080058f4                HAL_ADC_ConvCpltCallback
 *fill*         0x080058f6        0x2 
 .text.vBluetoothInit
                0x080058f8       0x7c src/main.o
                0x080058f8                vBluetoothInit
 .text.startup.main
                0x08005974      0x3d0 src/main.o
                0x08005974                main
 .text.HAL_MspInit
                0x08005d44       0x60 src/stm32f7xx_hal_msp.o
                0x08005d44                HAL_MspInit
 .text.HAL_ADC_MspInit
                0x08005da4      0x1b0 src/stm32f7xx_hal_msp.o
                0x08005da4                HAL_ADC_MspInit
 .text.HAL_UART_MspInit
                0x08005f54       0xf0 src/stm32f7xx_hal_msp.o
                0x08005f54                HAL_UART_MspInit
 .text.HAL_SRAM_MspInit
                0x08006044       0x84 src/stm32f7xx_hal_msp.o
                0x08006044                HAL_SRAM_MspInit
 .text.SysTick_Handler
                0x080060c8        0xe src/stm32f7xx_it.o
                0x080060c8                SysTick_Handler
 *fill*         0x080060d6        0x2 
 .text.ADC_IRQHandler
                0x080060d8       0x24 src/stm32f7xx_it.o
                0x080060d8                ADC_IRQHandler
 .text.TIM3_IRQHandler
                0x080060fc        0xc src/stm32f7xx_it.o
                0x080060fc                TIM3_IRQHandler
 .text.UART4_IRQHandler
                0x08006108        0xc src/stm32f7xx_it.o
                0x08006108                UART4_IRQHandler
 .text.DMA2_Stream0_IRQHandler
                0x08006114        0xc src/stm32f7xx_it.o
                0x08006114                DMA2_Stream0_IRQHandler
 .text.DMA2_Stream1_IRQHandler
                0x08006120        0xc src/stm32f7xx_it.o
                0x08006120                DMA2_Stream1_IRQHandler
 .text.DMA2_Stream2_IRQHandler
                0x0800612c        0xc src/stm32f7xx_it.o
                0x0800612c                DMA2_Stream2_IRQHandler
 .text.USART6_IRQHandler
                0x08006138       0x24 src/stm32f7xx_it.o
                0x08006138                USART6_IRQHandler
 .text._read    0x0800615c       0x1c src/syscalls.o
                0x0800615c                _read
 .text._write   0x08006178       0x1c src/syscalls.o
                0x08006178                _write
 .text._sbrk    0x08006194       0x34 src/syscalls.o
                0x08006194                _sbrk
 .text._close   0x080061c8        0x6 src/syscalls.o
                0x080061c8                _close
 .text._fstat   0x080061ce        0xa src/syscalls.o
                0x080061ce                _fstat
 .text._isatty  0x080061d8        0x4 src/syscalls.o
                0x080061d8                _isatty
 .text._lseek   0x080061dc        0x4 src/syscalls.o
                0x080061dc                _lseek
 .text.vTimer3BaseInit
                0x080061e0       0x40 src/wheel_encoder.o
                0x080061e0                vTimer3BaseInit
 .text.HAL_TIM_Base_MspInit
                0x08006220       0x30 src/wheel_encoder.o
                0x08006220                HAL_TIM_Base_MspInit
 .text.HAL_TIM_PeriodElapsedCallback
                0x08006250       0x10 src/wheel_encoder.o
                0x08006250                HAL_TIM_PeriodElapsedCallback
 .text.vWheelEncoderGpioInit
                0x08006260       0x38 src/wheel_encoder.o
                0x08006260                vWheelEncoderGpioInit
 .text.EXTI9_5_IRQHandler
                0x08006298       0x90 src/wheel_encoder.o
                0x08006298                EXTI9_5_IRQHandler
 .text.__errno  0x08006328        0xc d:/ac6/systemworkbench/plugins/fr.ac6.mcu.externaltools.arm-none.win32_1.7.0.201602121829/tools/compiler/bin/../lib/gcc/arm-none-eabi/5.2.1/../../../../arm-none-eabi/lib/armv7e-m/fpu/fpv5-sp-d16\libc.a(lib_a-errno.o)
                0x08006328                __errno
 .text.__libc_init_array
                0x08006334       0x50 d:/ac6/systemworkbench/plugins/fr.ac6.mcu.externaltools.arm-none.win32_1.7.0.201602121829/tools/compiler/bin/../lib/gcc/arm-none-eabi/5.2.1/../../../../arm-none-eabi/lib/armv7e-m/fpu/fpv5-sp-d16\libc.a(lib_a-init.o)
                0x08006334                __libc_init_array
 .text.memset   0x08006384       0x9c d:/ac6/systemworkbench/plugins/fr.ac6.mcu.externaltools.arm-none.win32_1.7.0.201602121829/tools/compiler/bin/../lib/gcc/arm-none-eabi/5.2.1/../../../../arm-none-eabi/lib/armv7e-m/fpu/fpv5-sp-d16\libc.a(lib_a-memset.o)
                0x08006384                memset
 .text.printf   0x08006420       0x28 d:/ac6/systemworkbench/plugins/fr.ac6.mcu.externaltools.arm-none.win32_1.7.0.201602121829/tools/compiler/bin/../lib/gcc/arm-none-eabi/5.2.1/../../../../arm-none-eabi/lib/armv7e-m/fpu/fpv5-sp-d16\libc.a(lib_a-printf.o)
                0x08006420                printf
 .text.putchar  0x08006448       0x14 d:/ac6/systemworkbench/plugins/fr.ac6.mcu.externaltools.arm-none.win32_1.7.0.201602121829/tools/compiler/bin/../lib/gcc/arm-none-eabi/5.2.1/../../../../arm-none-eabi/lib/armv7e-m/fpu/fpv5-sp-d16\libc.a(lib_a-putchar.o)
                0x08006448                putchar
 .text._puts_r  0x0800645c       0x64 d:/ac6/systemworkbench/plugins/fr.ac6.mcu.externaltools.arm-none.win32_1.7.0.201602121829/tools/compiler/bin/../lib/gcc/arm-none-eabi/5.2.1/../../../../arm-none-eabi/lib/armv7e-m/fpu/fpv5-sp-d16\libc.a(lib_a-puts.o)
                0x0800645c                _puts_r
 .text.puts     0x080064c0       0x10 d:/ac6/systemworkbench/plugins/fr.ac6.mcu.externaltools.arm-none.win32_1.7.0.201602121829/tools/compiler/bin/../lib/gcc/arm-none-eabi/5.2.1/../../../../arm-none-eabi/lib/armv7e-m/fpu/fpv5-sp-d16\libc.a(lib_a-puts.o)
                0x080064c0                puts
 .text._vfprintf_r
                0x080064d0     0x16a0 d:/ac6/systemworkbench/plugins/fr.ac6.mcu.externaltools.arm-none.win32_1.7.0.201602121829/tools/compiler/bin/../lib/gcc/arm-none-eabi/5.2.1/../../../../arm-none-eabi/lib/armv7e-m/fpu/fpv5-sp-d16\libc.a(lib_a-vfprintf.o)
                0x080064d0                _vfprintf_r
 .text.__sbprintf
                0x08007b70       0x6c d:/ac6/systemworkbench/plugins/fr.ac6.mcu.externaltools.arm-none.win32_1.7.0.201602121829/tools/compiler/bin/../lib/gcc/arm-none-eabi/5.2.1/../../../../arm-none-eabi/lib/armv7e-m/fpu/fpv5-sp-d16\libc.a(lib_a-vfprintf.o)
 .text.__swsetup_r
                0x08007bdc       0xc4 d:/ac6/systemworkbench/plugins/fr.ac6.mcu.externaltools.arm-none.win32_1.7.0.201602121829/tools/compiler/bin/../lib/gcc/arm-none-eabi/5.2.1/../../../../arm-none-eabi/lib/armv7e-m/fpu/fpv5-sp-d16\libc.a(lib_a-wsetup.o)
                0x08007bdc                __swsetup_r
 .text.startup.register_fini
                0x08007ca0       0x14 d:/ac6/systemworkbench/plugins/fr.ac6.mcu.externaltools.arm-none.win32_1.7.0.201602121829/tools/compiler/bin/../lib/gcc/arm-none-eabi/5.2.1/../../../../arm-none-eabi/lib/armv7e-m/fpu/fpv5-sp-d16\libc.a(lib_a-__call_atexit.o)
 .text.atexit   0x08007cb4        0xc d:/ac6/systemworkbench/plugins/fr.ac6.mcu.externaltools.arm-none.win32_1.7.0.201602121829/tools/compiler/bin/../lib/gcc/arm-none-eabi/5.2.1/../../../../arm-none-eabi/lib/armv7e-m/fpu/fpv5-sp-d16\libc.a(lib_a-atexit.o)
                0x08007cb4                atexit
 .text.quorem   0x08007cc0      0x128 d:/ac6/systemworkbench/plugins/fr.ac6.mcu.externaltools.arm-none.win32_1.7.0.201602121829/tools/compiler/bin/../lib/gcc/arm-none-eabi/5.2.1/../../../../arm-none-eabi/lib/armv7e-m/fpu/fpv5-sp-d16\libc.a(lib_a-dtoa.o)
 .text._dtoa_r  0x08007de8      0xe34 d:/ac6/systemworkbench/plugins/fr.ac6.mcu.externaltools.arm-none.win32_1.7.0.201602121829/tools/compiler/bin/../lib/gcc/arm-none-eabi/5.2.1/../../../../arm-none-eabi/lib/armv7e-m/fpu/fpv5-sp-d16\libc.a(lib_a-dtoa.o)
                0x08007de8                _dtoa_r
 .text.__sflush_r
                0x08008c1c      0x148 d:/ac6/systemworkbench/plugins/fr.ac6.mcu.externaltools.arm-none.win32_1.7.0.201602121829/tools/compiler/bin/../lib/gcc/arm-none-eabi/5.2.1/../../../../arm-none-eabi/lib/armv7e-m/fpu/fpv5-sp-d16\libc.a(lib_a-fflush.o)
                0x08008c1c                __sflush_r
 .text._fflush_r
                0x08008d64       0x2c d:/ac6/systemworkbench/plugins/fr.ac6.mcu.externaltools.arm-none.win32_1.7.0.201602121829/tools/compiler/bin/../lib/gcc/arm-none-eabi/5.2.1/../../../../arm-none-eabi/lib/armv7e-m/fpu/fpv5-sp-d16\libc.a(lib_a-fflush.o)
                0x08008d64                _fflush_r
 .text._cleanup_r
                0x08008d90        0xc d:/ac6/systemworkbench/plugins/fr.ac6.mcu.externaltools.arm-none.win32_1.7.0.201602121829/tools/compiler/bin/../lib/gcc/arm-none-eabi/5.2.1/../../../../arm-none-eabi/lib/armv7e-m/fpu/fpv5-sp-d16\libc.a(lib_a-findfp.o)
                0x08008d90                _cleanup_r
 .text.__sinit.part.1
                0x08008d9c       0xf0 d:/ac6/systemworkbench/plugins/fr.ac6.mcu.externaltools.arm-none.win32_1.7.0.201602121829/tools/compiler/bin/../lib/gcc/arm-none-eabi/5.2.1/../../../../arm-none-eabi/lib/armv7e-m/fpu/fpv5-sp-d16\libc.a(lib_a-findfp.o)
 .text.__sinit  0x08008e8c        0xc d:/ac6/systemworkbench/plugins/fr.ac6.mcu.externaltools.arm-none.win32_1.7.0.201602121829/tools/compiler/bin/../lib/gcc/arm-none-eabi/5.2.1/../../../../arm-none-eabi/lib/armv7e-m/fpu/fpv5-sp-d16\libc.a(lib_a-findfp.o)
                0x08008e8c                __sinit
 .text.__sfp_lock_acquire
                0x08008e98        0x4 d:/ac6/systemworkbench/plugins/fr.ac6.mcu.externaltools.arm-none.win32_1.7.0.201602121829/tools/compiler/bin/../lib/gcc/arm-none-eabi/5.2.1/../../../../arm-none-eabi/lib/armv7e-m/fpu/fpv5-sp-d16\libc.a(lib_a-findfp.o)
                0x08008e98                __sfp_lock_acquire
 .text.__sfp_lock_release
                0x08008e9c        0x4 d:/ac6/systemworkbench/plugins/fr.ac6.mcu.externaltools.arm-none.win32_1.7.0.201602121829/tools/compiler/bin/../lib/gcc/arm-none-eabi/5.2.1/../../../../arm-none-eabi/lib/armv7e-m/fpu/fpv5-sp-d16\libc.a(lib_a-findfp.o)
                0x08008e9c                __sfp_lock_release
 .text.__libc_fini_array
                0x08008ea0       0x28 d:/ac6/systemworkbench/plugins/fr.ac6.mcu.externaltools.arm-none.win32_1.7.0.201602121829/tools/compiler/bin/../lib/gcc/arm-none-eabi/5.2.1/../../../../arm-none-eabi/lib/armv7e-m/fpu/fpv5-sp-d16\libc.a(lib_a-fini.o)
                0x08008ea0                __libc_fini_array
 .text._malloc_trim_r
                0x08008ec8       0x9c d:/ac6/systemworkbench/plugins/fr.ac6.mcu.externaltools.arm-none.win32_1.7.0.201602121829/tools/compiler/bin/../lib/gcc/arm-none-eabi/5.2.1/../../../../arm-none-eabi/lib/armv7e-m/fpu/fpv5-sp-d16\libc.a(lib_a-freer.o)
                0x08008ec8                _malloc_trim_r
 .text._free_r  0x08008f64      0x1d0 d:/ac6/systemworkbench/plugins/fr.ac6.mcu.externaltools.arm-none.win32_1.7.0.201602121829/tools/compiler/bin/../lib/gcc/arm-none-eabi/5.2.1/../../../../arm-none-eabi/lib/armv7e-m/fpu/fpv5-sp-d16\libc.a(lib_a-freer.o)
                0x08008f64                _free_r
 .text.__sfvwrite_r
                0x08009134      0x300 d:/ac6/systemworkbench/plugins/fr.ac6.mcu.externaltools.arm-none.win32_1.7.0.201602121829/tools/compiler/bin/../lib/gcc/arm-none-eabi/5.2.1/../../../../arm-none-eabi/lib/armv7e-m/fpu/fpv5-sp-d16\libc.a(lib_a-fvwrite.o)
                0x08009134                __sfvwrite_r
 .text._fwalk_reent
                0x08009434       0x54 d:/ac6/systemworkbench/plugins/fr.ac6.mcu.externaltools.arm-none.win32_1.7.0.201602121829/tools/compiler/bin/../lib/gcc/arm-none-eabi/5.2.1/../../../../arm-none-eabi/lib/armv7e-m/fpu/fpv5-sp-d16\libc.a(lib_a-fwalk.o)
                0x08009434                _fwalk_reent
 .text.__locale_charset
                0x08009488        0x8 d:/ac6/systemworkbench/plugins/fr.ac6.mcu.externaltools.arm-none.win32_1.7.0.201602121829/tools/compiler/bin/../lib/gcc/arm-none-eabi/5.2.1/../../../../arm-none-eabi/lib/armv7e-m/fpu/fpv5-sp-d16\libc.a(lib_a-locale.o)
                0x08009488                __locale_charset
 .text.__locale_mb_cur_max
                0x08009490        0xc d:/ac6/systemworkbench/plugins/fr.ac6.mcu.externaltools.arm-none.win32_1.7.0.201602121829/tools/compiler/bin/../lib/gcc/arm-none-eabi/5.2.1/../../../../arm-none-eabi/lib/armv7e-m/fpu/fpv5-sp-d16\libc.a(lib_a-locale.o)
                0x08009490                __locale_mb_cur_max
 .text._localeconv_r
                0x0800949c        0x8 d:/ac6/systemworkbench/plugins/fr.ac6.mcu.externaltools.arm-none.win32_1.7.0.201602121829/tools/compiler/bin/../lib/gcc/arm-none-eabi/5.2.1/../../../../arm-none-eabi/lib/armv7e-m/fpu/fpv5-sp-d16\libc.a(lib_a-locale.o)
                0x0800949c                _localeconv_r
 .text.__smakebuf_r
                0x080094a4       0xe0 d:/ac6/systemworkbench/plugins/fr.ac6.mcu.externaltools.arm-none.win32_1.7.0.201602121829/tools/compiler/bin/../lib/gcc/arm-none-eabi/5.2.1/../../../../arm-none-eabi/lib/armv7e-m/fpu/fpv5-sp-d16\libc.a(lib_a-makebuf.o)
                0x080094a4                __smakebuf_r
 .text._malloc_r
                0x08009584      0x570 d:/ac6/systemworkbench/plugins/fr.ac6.mcu.externaltools.arm-none.win32_1.7.0.201602121829/tools/compiler/bin/../lib/gcc/arm-none-eabi/5.2.1/../../../../arm-none-eabi/lib/armv7e-m/fpu/fpv5-sp-d16\libc.a(lib_a-mallocr.o)
                0x08009584                _malloc_r
 .text.memmove  0x08009af4       0xc8 d:/ac6/systemworkbench/plugins/fr.ac6.mcu.externaltools.arm-none.win32_1.7.0.201602121829/tools/compiler/bin/../lib/gcc/arm-none-eabi/5.2.1/../../../../arm-none-eabi/lib/armv7e-m/fpu/fpv5-sp-d16\libc.a(lib_a-memmove.o)
                0x08009af4                memmove
 .text.__malloc_lock
                0x08009bbc        0x4 d:/ac6/systemworkbench/plugins/fr.ac6.mcu.externaltools.arm-none.win32_1.7.0.201602121829/tools/compiler/bin/../lib/gcc/arm-none-eabi/5.2.1/../../../../arm-none-eabi/lib/armv7e-m/fpu/fpv5-sp-d16\libc.a(lib_a-mlock.o)
                0x08009bbc                __malloc_lock
 .text.__malloc_unlock
                0x08009bc0        0x4 d:/ac6/systemworkbench/plugins/fr.ac6.mcu.externaltools.arm-none.win32_1.7.0.201602121829/tools/compiler/bin/../lib/gcc/arm-none-eabi/5.2.1/../../../../arm-none-eabi/lib/armv7e-m/fpu/fpv5-sp-d16\libc.a(lib_a-mlock.o)
                0x08009bc0                __malloc_unlock
 .text._Balloc  0x08009bc4       0x4c d:/ac6/systemworkbench/plugins/fr.ac6.mcu.externaltools.arm-none.win32_1.7.0.201602121829/tools/compiler/bin/../lib/gcc/arm-none-eabi/5.2.1/../../../../arm-none-eabi/lib/armv7e-m/fpu/fpv5-sp-d16\libc.a(lib_a-mprec.o)
                0x08009bc4                _Balloc
 .text._Bfree   0x08009c10       0x14 d:/ac6/systemworkbench/plugins/fr.ac6.mcu.externaltools.arm-none.win32_1.7.0.201602121829/tools/compiler/bin/../lib/gcc/arm-none-eabi/5.2.1/../../../../arm-none-eabi/lib/armv7e-m/fpu/fpv5-sp-d16\libc.a(lib_a-mprec.o)
                0x08009c10                _Bfree
 .text.__multadd
                0x08009c24       0x80 d:/ac6/systemworkbench/plugins/fr.ac6.mcu.externaltools.arm-none.win32_1.7.0.201602121829/tools/compiler/bin/../lib/gcc/arm-none-eabi/5.2.1/../../../../arm-none-eabi/lib/armv7e-m/fpu/fpv5-sp-d16\libc.a(lib_a-mprec.o)
                0x08009c24                __multadd
 .text.__hi0bits
                0x08009ca4       0x40 d:/ac6/systemworkbench/plugins/fr.ac6.mcu.externaltools.arm-none.win32_1.7.0.201602121829/tools/compiler/bin/../lib/gcc/arm-none-eabi/5.2.1/../../../../arm-none-eabi/lib/armv7e-m/fpu/fpv5-sp-d16\libc.a(lib_a-mprec.o)
                0x08009ca4                __hi0bits
 .text.__lo0bits
                0x08009ce4       0x5c d:/ac6/systemworkbench/plugins/fr.ac6.mcu.externaltools.arm-none.win32_1.7.0.201602121829/tools/compiler/bin/../lib/gcc/arm-none-eabi/5.2.1/../../../../arm-none-eabi/lib/armv7e-m/fpu/fpv5-sp-d16\libc.a(lib_a-mprec.o)
                0x08009ce4                __lo0bits
 .text.__i2b    0x08009d40       0x14 d:/ac6/systemworkbench/plugins/fr.ac6.mcu.externaltools.arm-none.win32_1.7.0.201602121829/tools/compiler/bin/../lib/gcc/arm-none-eabi/5.2.1/../../../../arm-none-eabi/lib/armv7e-m/fpu/fpv5-sp-d16\libc.a(lib_a-mprec.o)
                0x08009d40                __i2b
 .text.__multiply
                0x08009d54      0x130 d:/ac6/systemworkbench/plugins/fr.ac6.mcu.externaltools.arm-none.win32_1.7.0.201602121829/tools/compiler/bin/../lib/gcc/arm-none-eabi/5.2.1/../../../../arm-none-eabi/lib/armv7e-m/fpu/fpv5-sp-d16\libc.a(lib_a-mprec.o)
                0x08009d54                __multiply
 .text.__pow5mult
                0x08009e84       0xa0 d:/ac6/systemworkbench/plugins/fr.ac6.mcu.externaltools.arm-none.win32_1.7.0.201602121829/tools/compiler/bin/../lib/gcc/arm-none-eabi/5.2.1/../../../../arm-none-eabi/lib/armv7e-m/fpu/fpv5-sp-d16\libc.a(lib_a-mprec.o)
                0x08009e84                __pow5mult
 .text.__lshift
                0x08009f24       0xb0 d:/ac6/systemworkbench/plugins/fr.ac6.mcu.externaltools.arm-none.win32_1.7.0.201602121829/tools/compiler/bin/../lib/gcc/arm-none-eabi/5.2.1/../../../../arm-none-eabi/lib/armv7e-m/fpu/fpv5-sp-d16\libc.a(lib_a-mprec.o)
                0x08009f24                __lshift
 .text.__mcmp   0x08009fd4       0x44 d:/ac6/systemworkbench/plugins/fr.ac6.mcu.externaltools.arm-none.win32_1.7.0.201602121829/tools/compiler/bin/../lib/gcc/arm-none-eabi/5.2.1/../../../../arm-none-eabi/lib/armv7e-m/fpu/fpv5-sp-d16\libc.a(lib_a-mprec.o)
                0x08009fd4                __mcmp
 .text.__mdiff  0x0800a018      0x114 d:/ac6/systemworkbench/plugins/fr.ac6.mcu.externaltools.arm-none.win32_1.7.0.201602121829/tools/compiler/bin/../lib/gcc/arm-none-eabi/5.2.1/../../../../arm-none-eabi/lib/armv7e-m/fpu/fpv5-sp-d16\libc.a(lib_a-mprec.o)
                0x0800a018                __mdiff
 .text.__d2b    0x0800a12c       0xbc d:/ac6/systemworkbench/plugins/fr.ac6.mcu.externaltools.arm-none.win32_1.7.0.201602121829/tools/compiler/bin/../lib/gcc/arm-none-eabi/5.2.1/../../../../arm-none-eabi/lib/armv7e-m/fpu/fpv5-sp-d16\libc.a(lib_a-mprec.o)
                0x0800a12c                __d2b
 .text._putc_r  0x0800a1e8       0x58 d:/ac6/systemworkbench/plugins/fr.ac6.mcu.externaltools.arm-none.win32_1.7.0.201602121829/tools/compiler/bin/../lib/gcc/arm-none-eabi/5.2.1/../../../../arm-none-eabi/lib/armv7e-m/fpu/fpv5-sp-d16\libc.a(lib_a-putc.o)
                0x0800a1e8                _putc_r
 .text._realloc_r
                0x0800a240      0x3e0 d:/ac6/systemworkbench/plugins/fr.ac6.mcu.externaltools.arm-none.win32_1.7.0.201602121829/tools/compiler/bin/../lib/gcc/arm-none-eabi/5.2.1/../../../../arm-none-eabi/lib/armv7e-m/fpu/fpv5-sp-d16\libc.a(lib_a-reallocr.o)
                0x0800a240                _realloc_r
 .text.__fpclassifyd
                0x0800a620       0x5c d:/ac6/systemworkbench/plugins/fr.ac6.mcu.externaltools.arm-none.win32_1.7.0.201602121829/tools/compiler/bin/../lib/gcc/arm-none-eabi/5.2.1/../../../../arm-none-eabi/lib/armv7e-m/fpu/fpv5-sp-d16\libc.a(lib_a-s_fpclassify.o)
                0x0800a620                __fpclassifyd
 .text._sbrk_r  0x0800a67c       0x24 d:/ac6/systemworkbench/plugins/fr.ac6.mcu.externaltools.arm-none.win32_1.7.0.201602121829/tools/compiler/bin/../lib/gcc/arm-none-eabi/5.2.1/../../../../arm-none-eabi/lib/armv7e-m/fpu/fpv5-sp-d16\libc.a(lib_a-sbrkr.o)
                0x0800a67c                _sbrk_r
 .text.__sread  0x0800a6a0       0x24 d:/ac6/systemworkbench/plugins/fr.ac6.mcu.externaltools.arm-none.win32_1.7.0.201602121829/tools/compiler/bin/../lib/gcc/arm-none-eabi/5.2.1/../../../../arm-none-eabi/lib/armv7e-m/fpu/fpv5-sp-d16\libc.a(lib_a-stdio.o)
                0x0800a6a0                __sread
 .text.__swrite
                0x0800a6c4       0x38 d:/ac6/systemworkbench/plugins/fr.ac6.mcu.externaltools.arm-none.win32_1.7.0.201602121829/tools/compiler/bin/../lib/gcc/arm-none-eabi/5.2.1/../../../../arm-none-eabi/lib/armv7e-m/fpu/fpv5-sp-d16\libc.a(lib_a-stdio.o)
                0x0800a6c4                __swrite
 .text.__sseek  0x0800a6fc       0x20 d:/ac6/systemworkbench/plugins/fr.ac6.mcu.externaltools.arm-none.win32_1.7.0.201602121829/tools/compiler/bin/../lib/gcc/arm-none-eabi/5.2.1/../../../../arm-none-eabi/lib/armv7e-m/fpu/fpv5-sp-d16\libc.a(lib_a-stdio.o)
                0x0800a6fc                __sseek
 .text.__sclose
                0x0800a71c        0x8 d:/ac6/systemworkbench/plugins/fr.ac6.mcu.externaltools.arm-none.win32_1.7.0.201602121829/tools/compiler/bin/../lib/gcc/arm-none-eabi/5.2.1/../../../../arm-none-eabi/lib/armv7e-m/fpu/fpv5-sp-d16\libc.a(lib_a-stdio.o)
                0x0800a71c                __sclose
 .text.__sprint_r.part.0
                0x0800a724       0x78 d:/ac6/systemworkbench/plugins/fr.ac6.mcu.externaltools.arm-none.win32_1.7.0.201602121829/tools/compiler/bin/../lib/gcc/arm-none-eabi/5.2.1/../../../../arm-none-eabi/lib/armv7e-m/fpu/fpv5-sp-d16\libc.a(lib_a-vfiprintf.o)
 .text.__sprint_r
                0x0800a79c       0x14 d:/ac6/systemworkbench/plugins/fr.ac6.mcu.externaltools.arm-none.win32_1.7.0.201602121829/tools/compiler/bin/../lib/gcc/arm-none-eabi/5.2.1/../../../../arm-none-eabi/lib/armv7e-m/fpu/fpv5-sp-d16\libc.a(lib_a-vfiprintf.o)
                0x0800a79c                __sprint_r
 .text.__swbuf_r
                0x0800a7b0       0xa8 d:/ac6/systemworkbench/plugins/fr.ac6.mcu.externaltools.arm-none.win32_1.7.0.201602121829/tools/compiler/bin/../lib/gcc/arm-none-eabi/5.2.1/../../../../arm-none-eabi/lib/armv7e-m/fpu/fpv5-sp-d16\libc.a(lib_a-wbuf.o)
                0x0800a7b0                __swbuf_r
 .text._write_r
                0x0800a858       0x2c d:/ac6/systemworkbench/plugins/fr.ac6.mcu.externaltools.arm-none.win32_1.7.0.201602121829/tools/compiler/bin/../lib/gcc/arm-none-eabi/5.2.1/../../../../arm-none-eabi/lib/armv7e-m/fpu/fpv5-sp-d16\libc.a(lib_a-writer.o)
                0x0800a858                _write_r
 .text.__register_exitproc
                0x0800a884       0xa4 d:/ac6/systemworkbench/plugins/fr.ac6.mcu.externaltools.arm-none.win32_1.7.0.201602121829/tools/compiler/bin/../lib/gcc/arm-none-eabi/5.2.1/../../../../arm-none-eabi/lib/armv7e-m/fpu/fpv5-sp-d16\libc.a(lib_a-__atexit.o)
                0x0800a884                __register_exitproc
 .text._calloc_r
                0x0800a928       0x60 d:/ac6/systemworkbench/plugins/fr.ac6.mcu.externaltools.arm-none.win32_1.7.0.201602121829/tools/compiler/bin/../lib/gcc/arm-none-eabi/5.2.1/../../../../arm-none-eabi/lib/armv7e-m/fpu/fpv5-sp-d16\libc.a(lib_a-callocr.o)
                0x0800a928                _calloc_r
 .text._close_r
                0x0800a988       0x24 d:/ac6/systemworkbench/plugins/fr.ac6.mcu.externaltools.arm-none.win32_1.7.0.201602121829/tools/compiler/bin/../lib/gcc/arm-none-eabi/5.2.1/../../../../arm-none-eabi/lib/armv7e-m/fpu/fpv5-sp-d16\libc.a(lib_a-closer.o)
                0x0800a988                _close_r
 .text._fclose_r
                0x0800a9ac       0x84 d:/ac6/systemworkbench/plugins/fr.ac6.mcu.externaltools.arm-none.win32_1.7.0.201602121829/tools/compiler/bin/../lib/gcc/arm-none-eabi/5.2.1/../../../../arm-none-eabi/lib/armv7e-m/fpu/fpv5-sp-d16\libc.a(lib_a-fclose.o)
                0x0800a9ac                _fclose_r
 .text.__fputwc
                0x0800aa30       0xb0 d:/ac6/systemworkbench/plugins/fr.ac6.mcu.externaltools.arm-none.win32_1.7.0.201602121829/tools/compiler/bin/../lib/gcc/arm-none-eabi/5.2.1/../../../../arm-none-eabi/lib/armv7e-m/fpu/fpv5-sp-d16\libc.a(lib_a-fputwc.o)
                0x0800aa30                __fputwc
 .text._fputwc_r
                0x0800aae0       0x24 d:/ac6/systemworkbench/plugins/fr.ac6.mcu.externaltools.arm-none.win32_1.7.0.201602121829/tools/compiler/bin/../lib/gcc/arm-none-eabi/5.2.1/../../../../arm-none-eabi/lib/armv7e-m/fpu/fpv5-sp-d16\libc.a(lib_a-fputwc.o)
                0x0800aae0                _fputwc_r
 .text._fstat_r
                0x0800ab04       0x28 d:/ac6/systemworkbench/plugins/fr.ac6.mcu.externaltools.arm-none.win32_1.7.0.201602121829/tools/compiler/bin/../lib/gcc/arm-none-eabi/5.2.1/../../../../arm-none-eabi/lib/armv7e-m/fpu/fpv5-sp-d16\libc.a(lib_a-fstatr.o)
                0x0800ab04                _fstat_r
 .text._isatty_r
                0x0800ab2c       0x24 d:/ac6/systemworkbench/plugins/fr.ac6.mcu.externaltools.arm-none.win32_1.7.0.201602121829/tools/compiler/bin/../lib/gcc/arm-none-eabi/5.2.1/../../../../arm-none-eabi/lib/armv7e-m/fpu/fpv5-sp-d16\libc.a(lib_a-isattyr.o)
                0x0800ab2c                _isatty_r
 .text._lseek_r
                0x0800ab50       0x2c d:/ac6/systemworkbench/plugins/fr.ac6.mcu.externaltools.arm-none.win32_1.7.0.201602121829/tools/compiler/bin/../lib/gcc/arm-none-eabi/5.2.1/../../../../arm-none-eabi/lib/armv7e-m/fpu/fpv5-sp-d16\libc.a(lib_a-lseekr.o)
                0x0800ab50                _lseek_r
 .text._read_r  0x0800ab7c       0x2c d:/ac6/systemworkbench/plugins/fr.ac6.mcu.externaltools.arm-none.win32_1.7.0.201602121829/tools/compiler/bin/../lib/gcc/arm-none-eabi/5.2.1/../../../../arm-none-eabi/lib/armv7e-m/fpu/fpv5-sp-d16\libc.a(lib_a-readr.o)
                0x0800ab7c                _read_r
 .text._wcrtomb_r
                0x0800aba8       0x54 d:/ac6/systemworkbench/plugins/fr.ac6.mcu.externaltools.arm-none.win32_1.7.0.201602121829/tools/compiler/bin/../lib/gcc/arm-none-eabi/5.2.1/../../../../arm-none-eabi/lib/armv7e-m/fpu/fpv5-sp-d16\libc.a(lib_a-wcrtomb.o)
                0x0800aba8                _wcrtomb_r
 .text.__ascii_wctomb
                0x0800abfc       0x1c d:/ac6/systemworkbench/plugins/fr.ac6.mcu.externaltools.arm-none.win32_1.7.0.201602121829/tools/compiler/bin/../lib/gcc/arm-none-eabi/5.2.1/../../../../arm-none-eabi/lib/armv7e-m/fpu/fpv5-sp-d16\libc.a(lib_a-wctomb_r.o)
                0x0800abfc                __ascii_wctomb
 *(.glue_7)
 .glue_7        0x0800ac18        0x0 linker stubs
 *(.glue_7t)
 .glue_7t       0x0800ac18        0x0 linker stubs
 *(.eh_frame)
 .eh_frame      0x0800ac18        0x0 d:/ac6/systemworkbench/plugins/fr.ac6.mcu.externaltools.arm-none.win32_1.7.0.201602121829/tools/compiler/bin/../lib/gcc/arm-none-eabi/5.2.1/armv7e-m/fpu/fpv5-sp-d16/crtbegin.o
 *(.init)
 .init          0x0800ac18        0x4 d:/ac6/systemworkbench/plugins/fr.ac6.mcu.externaltools.arm-none.win32_1.7.0.201602121829/tools/compiler/bin/../lib/gcc/arm-none-eabi/5.2.1/armv7e-m/fpu/fpv5-sp-d16/crti.o
                0x0800ac18                _init
 .init          0x0800ac1c        0x8 d:/ac6/systemworkbench/plugins/fr.ac6.mcu.externaltools.arm-none.win32_1.7.0.201602121829/tools/compiler/bin/../lib/gcc/arm-none-eabi/5.2.1/armv7e-m/fpu/fpv5-sp-d16/crtn.o
 *(.fini)
 .fini          0x0800ac24        0x4 d:/ac6/systemworkbench/plugins/fr.ac6.mcu.externaltools.arm-none.win32_1.7.0.201602121829/tools/compiler/bin/../lib/gcc/arm-none-eabi/5.2.1/armv7e-m/fpu/fpv5-sp-d16/crti.o
                0x0800ac24                _fini
 .fini          0x0800ac28        0x8 d:/ac6/systemworkbench/plugins/fr.ac6.mcu.externaltools.arm-none.win32_1.7.0.201602121829/tools/compiler/bin/../lib/gcc/arm-none-eabi/5.2.1/armv7e-m/fpu/fpv5-sp-d16/crtn.o
                0x0800ac30                . = ALIGN (0x4)
                0x0800ac30                _etext = .

.vfp11_veneer   0x0800ac30        0x0
 .vfp11_veneer  0x0800ac30        0x0 linker stubs

.v4_bx          0x0800ac30        0x0
 .v4_bx         0x0800ac30        0x0 linker stubs

.iplt           0x0800ac30        0x0
 .iplt          0x0800ac30        0x0 d:/ac6/systemworkbench/plugins/fr.ac6.mcu.externaltools.arm-none.win32_1.7.0.201602121829/tools/compiler/bin/../lib/gcc/arm-none-eabi/5.2.1/armv7e-m/fpu/fpv5-sp-d16/crtbegin.o

.rodata         0x0800ac30      0x330
                0x0800ac30                . = ALIGN (0x4)
 *(.rodata)
 .rodata        0x0800ac30       0x18 Drivers/CMSIS/Device/ST/STM32F7xx/Source/Templates/system_stm32f7xx.o
                0x0800ac30                AHBPrescTable
                0x0800ac40                APBPrescTable
 .rodata        0x0800ac48        0x8 Drivers/STM32F7xx_HAL_Driver/Src/stm32f7xx_hal_dma.o
 .rodata        0x0800ac50       0x11 Drivers/STM32F7xx_HAL_Driver/Src/stm32f7xx_hal_uart.o
 *fill*         0x0800ac61        0x3 
 .rodata        0x0800ac64       0x50 src/main.o
 *(.rodata*)
 .rodata.str1.1
                0x0800acb4        0x0 Middlewares/Third_Party/FreeRTOS/Source/CMSIS_RTOS/cmsis_os.o
                                  0x1 (size before relaxing)
 .rodata.str1.1
                0x0800acb4        0x5 Middlewares/Third_Party/FreeRTOS/Source/tasks.o
 .rodata.str1.1
                0x0800acb9        0xd Middlewares/Third_Party/FreeRTOS/Source/timers.o
 .rodata.str1.1
                0x0800acc6       0x22 src/dac.o
 .rodata.str1.1
                0x0800ace8       0xf0 src/main.o
 .rodata.str1.4
                0x0800add8        0x2 d:/ac6/systemworkbench/plugins/fr.ac6.mcu.externaltools.arm-none.win32_1.7.0.201602121829/tools/compiler/bin/../lib/gcc/arm-none-eabi/5.2.1/../../../../arm-none-eabi/lib/armv7e-m/fpu/fpv5-sp-d16\libc.a(lib_a-impure.o)
 *fill*         0x0800adda        0x2 
 .rodata._global_impure_ptr
                0x0800addc        0x4 d:/ac6/systemworkbench/plugins/fr.ac6.mcu.externaltools.arm-none.win32_1.7.0.201602121829/tools/compiler/bin/../lib/gcc/arm-none-eabi/5.2.1/../../../../arm-none-eabi/lib/armv7e-m/fpu/fpv5-sp-d16\libc.a(lib_a-impure.o)
                0x0800addc                _global_impure_ptr
 .rodata.str1.4
                0x0800ade0        0x2 d:/ac6/systemworkbench/plugins/fr.ac6.mcu.externaltools.arm-none.win32_1.7.0.201602121829/tools/compiler/bin/../lib/gcc/arm-none-eabi/5.2.1/../../../../arm-none-eabi/lib/armv7e-m/fpu/fpv5-sp-d16\libc.a(lib_a-puts.o)
 *fill*         0x0800ade2        0x2 
 .rodata.zeroes.7025
                0x0800ade4       0x10 d:/ac6/systemworkbench/plugins/fr.ac6.mcu.externaltools.arm-none.win32_1.7.0.201602121829/tools/compiler/bin/../lib/gcc/arm-none-eabi/5.2.1/../../../../arm-none-eabi/lib/armv7e-m/fpu/fpv5-sp-d16\libc.a(lib_a-vfprintf.o)
 .rodata.blanks.7024
                0x0800adf4       0x10 d:/ac6/systemworkbench/plugins/fr.ac6.mcu.externaltools.arm-none.win32_1.7.0.201602121829/tools/compiler/bin/../lib/gcc/arm-none-eabi/5.2.1/../../../../arm-none-eabi/lib/armv7e-m/fpu/fpv5-sp-d16\libc.a(lib_a-vfprintf.o)
 .rodata.str1.4
                0x0800ae04       0x42 d:/ac6/systemworkbench/plugins/fr.ac6.mcu.externaltools.arm-none.win32_1.7.0.201602121829/tools/compiler/bin/../lib/gcc/arm-none-eabi/5.2.1/../../../../arm-none-eabi/lib/armv7e-m/fpu/fpv5-sp-d16\libc.a(lib_a-vfprintf.o)
 *fill*         0x0800ae46        0x2 
 .rodata.str1.4
                0x0800ae48       0x10 d:/ac6/systemworkbench/plugins/fr.ac6.mcu.externaltools.arm-none.win32_1.7.0.201602121829/tools/compiler/bin/../lib/gcc/arm-none-eabi/5.2.1/../../../../arm-none-eabi/lib/armv7e-m/fpu/fpv5-sp-d16\libc.a(lib_a-dtoa.o)
                                 0x12 (size before relaxing)
 .rodata.str1.4
                0x0800ae58        0xc d:/ac6/systemworkbench/plugins/fr.ac6.mcu.externaltools.arm-none.win32_1.7.0.201602121829/tools/compiler/bin/../lib/gcc/arm-none-eabi/5.2.1/../../../../arm-none-eabi/lib/armv7e-m/fpu/fpv5-sp-d16\libc.a(lib_a-locale.o)
                                 0x12 (size before relaxing)
 .rodata.p05.5404
                0x0800ae64        0xc d:/ac6/systemworkbench/plugins/fr.ac6.mcu.externaltools.arm-none.win32_1.7.0.201602121829/tools/compiler/bin/../lib/gcc/arm-none-eabi/5.2.1/../../../../arm-none-eabi/lib/armv7e-m/fpu/fpv5-sp-d16\libc.a(lib_a-mprec.o)
 .rodata.__mprec_tens
                0x0800ae70       0xc8 d:/ac6/systemworkbench/plugins/fr.ac6.mcu.externaltools.arm-none.win32_1.7.0.201602121829/tools/compiler/bin/../lib/gcc/arm-none-eabi/5.2.1/../../../../arm-none-eabi/lib/armv7e-m/fpu/fpv5-sp-d16\libc.a(lib_a-mprec.o)
                0x0800ae70                __mprec_tens
 .rodata.__mprec_bigtens
                0x0800af38       0x28 d:/ac6/systemworkbench/plugins/fr.ac6.mcu.externaltools.arm-none.win32_1.7.0.201602121829/tools/compiler/bin/../lib/gcc/arm-none-eabi/5.2.1/../../../../arm-none-eabi/lib/armv7e-m/fpu/fpv5-sp-d16\libc.a(lib_a-mprec.o)
                0x0800af38                __mprec_bigtens
                0x0800af60                . = ALIGN (0x4)

.ARM.extab
 *(.ARM.extab* .gnu.linkonce.armextab.*)

.ARM            0x0800af60        0x8
                0x0800af60                __exidx_start = .
 *(.ARM.exidx*)
 .ARM.exidx     0x0800af60        0x8 d:/ac6/systemworkbench/plugins/fr.ac6.mcu.externaltools.arm-none.win32_1.7.0.201602121829/tools/compiler/bin/../lib/gcc/arm-none-eabi/5.2.1/armv7e-m/fpu/fpv5-sp-d16\libgcc.a(_udivmoddi4.o)
                0x0800af68                __exidx_end = .

.rel.dyn        0x0800af68        0x0
 .rel.iplt      0x0800af68        0x0 d:/ac6/systemworkbench/plugins/fr.ac6.mcu.externaltools.arm-none.win32_1.7.0.201602121829/tools/compiler/bin/../lib/gcc/arm-none-eabi/5.2.1/armv7e-m/fpu/fpv5-sp-d16/crtbegin.o

.preinit_array  0x0800af68        0x0
                0x0800af68                PROVIDE (__preinit_array_start, .)
 *(.preinit_array*)
                0x0800af68                PROVIDE (__preinit_array_end, .)

.init_array     0x0800af68        0x8
                0x0800af68                PROVIDE (__init_array_start, .)
 *(SORT(.init_array.*))
 .init_array.00000
                0x0800af68        0x4 d:/ac6/systemworkbench/plugins/fr.ac6.mcu.externaltools.arm-none.win32_1.7.0.201602121829/tools/compiler/bin/../lib/gcc/arm-none-eabi/5.2.1/../../../../arm-none-eabi/lib/armv7e-m/fpu/fpv5-sp-d16\libc.a(lib_a-__call_atexit.o)
 *(.init_array*)
 .init_array    0x0800af6c        0x4 d:/ac6/systemworkbench/plugins/fr.ac6.mcu.externaltools.arm-none.win32_1.7.0.201602121829/tools/compiler/bin/../lib/gcc/arm-none-eabi/5.2.1/armv7e-m/fpu/fpv5-sp-d16/crtbegin.o
                0x0800af70                PROVIDE (__init_array_end, .)

.fini_array     0x0800af70        0x4
                0x0800af70                PROVIDE (__fini_array_start, .)
 *(SORT(.fini_array.*))
 *(.fini_array*)
 .fini_array    0x0800af70        0x4 d:/ac6/systemworkbench/plugins/fr.ac6.mcu.externaltools.arm-none.win32_1.7.0.201602121829/tools/compiler/bin/../lib/gcc/arm-none-eabi/5.2.1/armv7e-m/fpu/fpv5-sp-d16/crtbegin.o
                0x0800af74                PROVIDE (__fini_array_end, .)
                0x0800af74                _sidata = LOADADDR (.data)

.data           0x20000000      0x8a4 load address 0x0800af74
                0x20000000                . = ALIGN (0x4)
                0x20000000                _sdata = .
 *(.data)
 .data          0x20000000        0x4 Drivers/CMSIS/Device/ST/STM32F7xx/Source/Templates/system_stm32f7xx.o
                0x20000000                SystemCoreClock
 .data          0x20000004        0x4 Middlewares/Third_Party/FreeRTOS/Source/portable/GCC/ARM_CM7/r0p1/port.o
 *(.data*)
 .data.impure_data
                0x20000008      0x428 d:/ac6/systemworkbench/plugins/fr.ac6.mcu.externaltools.arm-none.win32_1.7.0.201602121829/tools/compiler/bin/../lib/gcc/arm-none-eabi/5.2.1/../../../../arm-none-eabi/lib/armv7e-m/fpu/fpv5-sp-d16\libc.a(lib_a-impure.o)
 .data._impure_ptr
                0x20000430        0x4 d:/ac6/systemworkbench/plugins/fr.ac6.mcu.externaltools.arm-none.win32_1.7.0.201602121829/tools/compiler/bin/../lib/gcc/arm-none-eabi/5.2.1/../../../../arm-none-eabi/lib/armv7e-m/fpu/fpv5-sp-d16\libc.a(lib_a-impure.o)
                0x20000430                _impure_ptr
 .data.lconv    0x20000434       0x38 d:/ac6/systemworkbench/plugins/fr.ac6.mcu.externaltools.arm-none.win32_1.7.0.201602121829/tools/compiler/bin/../lib/gcc/arm-none-eabi/5.2.1/../../../../arm-none-eabi/lib/armv7e-m/fpu/fpv5-sp-d16\libc.a(lib_a-locale.o)
 .data.lc_ctype_charset
                0x2000046c       0x20 d:/ac6/systemworkbench/plugins/fr.ac6.mcu.externaltools.arm-none.win32_1.7.0.201602121829/tools/compiler/bin/../lib/gcc/arm-none-eabi/5.2.1/../../../../arm-none-eabi/lib/armv7e-m/fpu/fpv5-sp-d16\libc.a(lib_a-locale.o)
 .data.__mb_cur_max
                0x2000048c        0x4 d:/ac6/systemworkbench/plugins/fr.ac6.mcu.externaltools.arm-none.win32_1.7.0.201602121829/tools/compiler/bin/../lib/gcc/arm-none-eabi/5.2.1/../../../../arm-none-eabi/lib/armv7e-m/fpu/fpv5-sp-d16\libc.a(lib_a-locale.o)
                0x2000048c                __mb_cur_max
 .data.__malloc_av_
                0x20000490      0x408 d:/ac6/systemworkbench/plugins/fr.ac6.mcu.externaltools.arm-none.win32_1.7.0.201602121829/tools/compiler/bin/../lib/gcc/arm-none-eabi/5.2.1/../../../../arm-none-eabi/lib/armv7e-m/fpu/fpv5-sp-d16\libc.a(lib_a-mallocr.o)
                0x20000490                __malloc_av_
 .data.__malloc_trim_threshold
                0x20000898        0x4 d:/ac6/systemworkbench/plugins/fr.ac6.mcu.externaltools.arm-none.win32_1.7.0.201602121829/tools/compiler/bin/../lib/gcc/arm-none-eabi/5.2.1/../../../../arm-none-eabi/lib/armv7e-m/fpu/fpv5-sp-d16\libc.a(lib_a-mallocr.o)
                0x20000898                __malloc_trim_threshold
 .data.__malloc_sbrk_base
                0x2000089c        0x4 d:/ac6/systemworkbench/plugins/fr.ac6.mcu.externaltools.arm-none.win32_1.7.0.201602121829/tools/compiler/bin/../lib/gcc/arm-none-eabi/5.2.1/../../../../arm-none-eabi/lib/armv7e-m/fpu/fpv5-sp-d16\libc.a(lib_a-mallocr.o)
                0x2000089c                __malloc_sbrk_base
 .data.__wctomb
                0x200008a0        0x4 d:/ac6/systemworkbench/plugins/fr.ac6.mcu.externaltools.arm-none.win32_1.7.0.201602121829/tools/compiler/bin/../lib/gcc/arm-none-eabi/5.2.1/../../../../arm-none-eabi/lib/armv7e-m/fpu/fpv5-sp-d16\libc.a(lib_a-wctomb_r.o)
                0x200008a0                __wctomb
                0x200008a4                . = ALIGN (0x4)
                0x200008a4                _edata = .

.jcr            0x200008a4        0x0 load address 0x0800b818
 .jcr           0x200008a4        0x0 d:/ac6/systemworkbench/plugins/fr.ac6.mcu.externaltools.arm-none.win32_1.7.0.201602121829/tools/compiler/bin/../lib/gcc/arm-none-eabi/5.2.1/armv7e-m/fpu/fpv5-sp-d16/crtbegin.o

.tm_clone_table
                0x200008a4        0x0 load address 0x0800b818
 .tm_clone_table
                0x200008a4        0x0 d:/ac6/systemworkbench/plugins/fr.ac6.mcu.externaltools.arm-none.win32_1.7.0.201602121829/tools/compiler/bin/../lib/gcc/arm-none-eabi/5.2.1/armv7e-m/fpu/fpv5-sp-d16/crtbegin.o
 .tm_clone_table
                0x200008a4        0x0 d:/ac6/systemworkbench/plugins/fr.ac6.mcu.externaltools.arm-none.win32_1.7.0.201602121829/tools/compiler/bin/../lib/gcc/arm-none-eabi/5.2.1/armv7e-m/fpu/fpv5-sp-d16/crtend.o

.igot.plt       0x200008a4        0x0 load address 0x0800b818
 .igot.plt      0x200008a4        0x0 d:/ac6/systemworkbench/plugins/fr.ac6.mcu.externaltools.arm-none.win32_1.7.0.201602121829/tools/compiler/bin/../lib/gcc/arm-none-eabi/5.2.1/armv7e-m/fpu/fpv5-sp-d16/crtbegin.o
                0x200008a4                . = ALIGN (0x4)

.bss            0x200008a4     0x42b4 load address 0x0800b818
                0x200008a4                _sbss = .
                0x200008a4                __bss_start__ = _sbss
 *(.bss)
 .bss           0x200008a4       0x1c d:/ac6/systemworkbench/plugins/fr.ac6.mcu.externaltools.arm-none.win32_1.7.0.201602121829/tools/compiler/bin/../lib/gcc/arm-none-eabi/5.2.1/armv7e-m/fpu/fpv5-sp-d16/crtbegin.o
 .bss           0x200008c0      0x128 Middlewares/Third_Party/FreeRTOS/Source/tasks.o
                0x200008c8                pxCurrentTCB
 .bss           0x200009e8       0x38 Middlewares/Third_Party/FreeRTOS/Source/timers.o
 .bss           0x20000a20        0x8 Middlewares/Third_Party/FreeRTOS/Source/portable/GCC/ARM_CM7/r0p1/port.o
 .bss           0x20000a28     0x3c18 Middlewares/Third_Party/FreeRTOS/Source/portable/MemMang/heap_4.o
 .bss           0x20004640        0x4 src/digital.o
                0x20004640                ulEncoderTaskCount
 .bss           0x20004644       0x1c src/main.o
                0x20004644                ulAdcAcqTaskCount
 .bss           0x20004660        0x8 src/stm32f7xx_hal_msp.o
 .bss           0x20004668        0x8 src/syscalls.o
                0x2000466c                __env
 .bss           0x20004670       0x58 src/wheel_encoder.o
                0x20004698                pulDiffCapture
                0x200046a8                pfEncoderFreq
                0x200046b8                pulFrequency
 *(.bss*)
 .bss.__malloc_max_total_mem
                0x200046c8        0x4 d:/ac6/systemworkbench/plugins/fr.ac6.mcu.externaltools.arm-none.win32_1.7.0.201602121829/tools/compiler/bin/../lib/gcc/arm-none-eabi/5.2.1/../../../../arm-none-eabi/lib/armv7e-m/fpu/fpv5-sp-d16\libc.a(lib_a-mallocr.o)
                0x200046c8                __malloc_max_total_mem
 .bss.__malloc_max_sbrked_mem
                0x200046cc        0x4 d:/ac6/systemworkbench/plugins/fr.ac6.mcu.externaltools.arm-none.win32_1.7.0.201602121829/tools/compiler/bin/../lib/gcc/arm-none-eabi/5.2.1/../../../../arm-none-eabi/lib/armv7e-m/fpu/fpv5-sp-d16\libc.a(lib_a-mallocr.o)
                0x200046cc                __malloc_max_sbrked_mem
 .bss.__malloc_top_pad
                0x200046d0        0x4 d:/ac6/systemworkbench/plugins/fr.ac6.mcu.externaltools.arm-none.win32_1.7.0.201602121829/tools/compiler/bin/../lib/gcc/arm-none-eabi/5.2.1/../../../../arm-none-eabi/lib/armv7e-m/fpu/fpv5-sp-d16\libc.a(lib_a-mallocr.o)
                0x200046d0                __malloc_top_pad
 .bss.__malloc_current_mallinfo
                0x200046d4       0x28 d:/ac6/systemworkbench/plugins/fr.ac6.mcu.externaltools.arm-none.win32_1.7.0.201602121829/tools/compiler/bin/../lib/gcc/arm-none-eabi/5.2.1/../../../../arm-none-eabi/lib/armv7e-m/fpu/fpv5-sp-d16\libc.a(lib_a-mallocr.o)
                0x200046d4                __malloc_current_mallinfo
 *(COMMON)
 COMMON         0x200046fc        0x4 Drivers/STM32F7xx_HAL_Driver/Src/stm32f7xx_hal.o
                0x200046fc                uwTick
 COMMON         0x20004700       0x40 Middlewares/Third_Party/FreeRTOS/Source/queue.o
                0x20004700                xQueueRegistry
 COMMON         0x20004740       0x10 src/digital.o
                0x20004740                osEncoderAcqTaskHandle
                0x20004744                osDigitalInOutTaskHandle
                0x20004748                pucDigitalInput
                0x2000474c                pusAbsoluteEncoder
 COMMON         0x20004750      0x3c8 src/main.o
                0x20004750                usAdc1Value
                0x20004754                defaultTaskHandle
                0x20004758                xIwdgHandle
                0x20004768                hadc2
                0x200047b0                osAdcAcqTaskHandle
                0x200047b4                hdma_adc3
                0x20004814                hsram1
                0x20004860                hadc1
                0x200048a8                tSystermFlag
                0x200048ac                hadc3
                0x200048f4                osBusMutex
                0x200048f8                xConsoleHandle
                0x20004968                hdma_adc1
                0x200049c8                xBluetoothHandle
                0x20004a38                usAdc2Value
                0x20004a3c                osUserTaskHandle
                0x20004a40                huart4
                0x20004ab0                hdma_adc2
                0x20004b10                pusAdcValue
                0x20004b16                usAdc3Value
 COMMON         0x20004b18       0x3c src/wheel_encoder.o
                0x20004b18                xTimer3Handle
 COMMON         0x20004b54        0x4 d:/ac6/systemworkbench/plugins/fr.ac6.mcu.externaltools.arm-none.win32_1.7.0.201602121829/tools/compiler/bin/../lib/gcc/arm-none-eabi/5.2.1/../../../../arm-none-eabi/lib/armv7e-m/fpu/fpv5-sp-d16\libc.a(lib_a-reent.o)
                0x20004b54                errno
                0x20004b58                . = ALIGN (0x4)
                0x20004b58                _ebss = .
                0x20004b58                __bss_end__ = _ebss

._user_heap_stack
                0x20004b58      0x660 load address 0x0800b818
                0x20004b58                . = ALIGN (0x8)
                0x20004b58                PROVIDE (end, .)
                [!provide]                PROVIDE (_end, .)
                0x20004d58                . = (. + _Min_Heap_Size)
 *fill*         0x20004b58      0x200 
                0x200051b8                . = (. + _Min_Stack_Size)
 *fill*         0x20004d58      0x460 
                0x200051b8                . = ALIGN (0x8)

/DISCARD/
 libc.a(*)
 libm.a(*)
 libgcc.a(*)

.ARM.attributes
                0x00000000       0x30
 *(.ARM.attributes)
 .ARM.attributes
                0x00000000       0x22 d:/ac6/systemworkbench/plugins/fr.ac6.mcu.externaltools.arm-none.win32_1.7.0.201602121829/tools/compiler/bin/../lib/gcc/arm-none-eabi/5.2.1/armv7e-m/fpu/fpv5-sp-d16/crti.o
 .ARM.attributes
                0x00000022       0x34 d:/ac6/systemworkbench/plugins/fr.ac6.mcu.externaltools.arm-none.win32_1.7.0.201602121829/tools/compiler/bin/../lib/gcc/arm-none-eabi/5.2.1/armv7e-m/fpu/fpv5-sp-d16/crtbegin.o
 .ARM.attributes
                0x00000056       0x21 Drivers/CMSIS/Device/ST/STM32F7xx/Source/Templates/gcc/startup_stm32f745xx.o
 .ARM.attributes
                0x00000077       0x39 Drivers/CMSIS/Device/ST/STM32F7xx/Source/Templates/system_stm32f7xx.o
 .ARM.attributes
                0x000000b0       0x39 Drivers/STM32F7xx_HAL_Driver/Src/stm32f7xx_hal.o
 .ARM.attributes
                0x000000e9       0x39 Drivers/STM32F7xx_HAL_Driver/Src/stm32f7xx_hal_adc.o
 .ARM.attributes
                0x00000122       0x39 Drivers/STM32F7xx_HAL_Driver/Src/stm32f7xx_hal_adc_ex.o
 .ARM.attributes
                0x0000015b       0x39 Drivers/STM32F7xx_HAL_Driver/Src/stm32f7xx_hal_cortex.o
 .ARM.attributes
                0x00000194       0x39 Drivers/STM32F7xx_HAL_Driver/Src/stm32f7xx_hal_dma.o
 .ARM.attributes
                0x000001cd       0x39 Drivers/STM32F7xx_HAL_Driver/Src/stm32f7xx_hal_gpio.o
 .ARM.attributes
                0x00000206       0x39 Drivers/STM32F7xx_HAL_Driver/Src/stm32f7xx_hal_iwdg.o
 .ARM.attributes
                0x0000023f       0x39 Drivers/STM32F7xx_HAL_Driver/Src/stm32f7xx_hal_pwr_ex.o
 .ARM.attributes
                0x00000278       0x39 Drivers/STM32F7xx_HAL_Driver/Src/stm32f7xx_hal_rcc.o
 .ARM.attributes
                0x000002b1       0x39 Drivers/STM32F7xx_HAL_Driver/Src/stm32f7xx_hal_rcc_ex.o
 .ARM.attributes
                0x000002ea       0x39 Drivers/STM32F7xx_HAL_Driver/Src/stm32f7xx_hal_sram.o
 .ARM.attributes
                0x00000323       0x39 Drivers/STM32F7xx_HAL_Driver/Src/stm32f7xx_hal_tim.o
 .ARM.attributes
                0x0000035c       0x39 Drivers/STM32F7xx_HAL_Driver/Src/stm32f7xx_hal_tim_ex.o
 .ARM.attributes
                0x00000395       0x39 Drivers/STM32F7xx_HAL_Driver/Src/stm32f7xx_hal_uart.o
 .ARM.attributes
                0x000003ce       0x39 Drivers/STM32F7xx_HAL_Driver/Src/stm32f7xx_ll_fmc.o
 .ARM.attributes
                0x00000407       0x39 Middlewares/Third_Party/FreeRTOS/Source/CMSIS_RTOS/cmsis_os.o
 .ARM.attributes
                0x00000440       0x39 Middlewares/Third_Party/FreeRTOS/Source/list.o
 .ARM.attributes
                0x00000479       0x39 Middlewares/Third_Party/FreeRTOS/Source/queue.o
 .ARM.attributes
                0x000004b2       0x39 Middlewares/Third_Party/FreeRTOS/Source/tasks.o
 .ARM.attributes
                0x000004eb       0x39 Middlewares/Third_Party/FreeRTOS/Source/timers.o
 .ARM.attributes
                0x00000524       0x39 Middlewares/Third_Party/FreeRTOS/Source/portable/GCC/ARM_CM7/r0p1/port.o
 .ARM.attributes
                0x0000055d       0x39 Middlewares/Third_Party/FreeRTOS/Source/portable/MemMang/heap_4.o
 .ARM.attributes
                0x00000596       0x39 src/dac.o
 .ARM.attributes
                0x000005cf       0x39 src/digital.o
 .ARM.attributes
                0x00000608       0x39 src/main.o
 .ARM.attributes
                0x00000641       0x39 src/stm32f7xx_hal_msp.o
 .ARM.attributes
                0x0000067a       0x39 src/stm32f7xx_it.o
 .ARM.attributes
                0x000006b3       0x39 src/syscalls.o
 .ARM.attributes
                0x000006ec       0x39 src/wheel_encoder.o
 .ARM.attributes
                0x00000725       0x22 d:/ac6/systemworkbench/plugins/fr.ac6.mcu.externaltools.arm-none.win32_1.7.0.201602121829/tools/compiler/bin/../lib/gcc/arm-none-eabi/5.2.1/armv7e-m/fpu/fpv5-sp-d16\libgcc.a(_arm_addsubdf3.o)
 .ARM.attributes
                0x00000747       0x34 d:/ac6/systemworkbench/plugins/fr.ac6.mcu.externaltools.arm-none.win32_1.7.0.201602121829/tools/compiler/bin/../lib/gcc/arm-none-eabi/5.2.1/../../../../arm-none-eabi/lib/armv7e-m/fpu/fpv5-sp-d16\libc.a(lib_a-errno.o)
 .ARM.attributes
                0x0000077b       0x34 d:/ac6/systemworkbench/plugins/fr.ac6.mcu.externaltools.arm-none.win32_1.7.0.201602121829/tools/compiler/bin/../lib/gcc/arm-none-eabi/5.2.1/../../../../arm-none-eabi/lib/armv7e-m/fpu/fpv5-sp-d16\libc.a(lib_a-impure.o)
 .ARM.attributes
                0x000007af       0x34 d:/ac6/systemworkbench/plugins/fr.ac6.mcu.externaltools.arm-none.win32_1.7.0.201602121829/tools/compiler/bin/../lib/gcc/arm-none-eabi/5.2.1/../../../../arm-none-eabi/lib/armv7e-m/fpu/fpv5-sp-d16\libc.a(lib_a-init.o)
 .ARM.attributes
                0x000007e3       0x20 d:/ac6/systemworkbench/plugins/fr.ac6.mcu.externaltools.arm-none.win32_1.7.0.201602121829/tools/compiler/bin/../lib/gcc/arm-none-eabi/5.2.1/../../../../arm-none-eabi/lib/armv7e-m/fpu/fpv5-sp-d16\libc.a(lib_a-memcpy.o)
 .ARM.attributes
                0x00000803       0x34 d:/ac6/systemworkbench/plugins/fr.ac6.mcu.externaltools.arm-none.win32_1.7.0.201602121829/tools/compiler/bin/../lib/gcc/arm-none-eabi/5.2.1/../../../../arm-none-eabi/lib/armv7e-m/fpu/fpv5-sp-d16\libc.a(lib_a-memset.o)
 .ARM.attributes
                0x00000837       0x34 d:/ac6/systemworkbench/plugins/fr.ac6.mcu.externaltools.arm-none.win32_1.7.0.201602121829/tools/compiler/bin/../lib/gcc/arm-none-eabi/5.2.1/../../../../arm-none-eabi/lib/armv7e-m/fpu/fpv5-sp-d16\libc.a(lib_a-printf.o)
 .ARM.attributes
                0x0000086b       0x34 d:/ac6/systemworkbench/plugins/fr.ac6.mcu.externaltools.arm-none.win32_1.7.0.201602121829/tools/compiler/bin/../lib/gcc/arm-none-eabi/5.2.1/../../../../arm-none-eabi/lib/armv7e-m/fpu/fpv5-sp-d16\libc.a(lib_a-putchar.o)
 .ARM.attributes
                0x0000089f       0x34 d:/ac6/systemworkbench/plugins/fr.ac6.mcu.externaltools.arm-none.win32_1.7.0.201602121829/tools/compiler/bin/../lib/gcc/arm-none-eabi/5.2.1/../../../../arm-none-eabi/lib/armv7e-m/fpu/fpv5-sp-d16\libc.a(lib_a-puts.o)
 .ARM.attributes
                0x000008d3       0x20 d:/ac6/systemworkbench/plugins/fr.ac6.mcu.externaltools.arm-none.win32_1.7.0.201602121829/tools/compiler/bin/../lib/gcc/arm-none-eabi/5.2.1/../../../../arm-none-eabi/lib/armv7e-m/fpu/fpv5-sp-d16\libc.a(lib_a-strlen.o)
 .ARM.attributes
                0x000008f3       0x34 d:/ac6/systemworkbench/plugins/fr.ac6.mcu.externaltools.arm-none.win32_1.7.0.201602121829/tools/compiler/bin/../lib/gcc/arm-none-eabi/5.2.1/../../../../arm-none-eabi/lib/armv7e-m/fpu/fpv5-sp-d16\libc.a(lib_a-vfprintf.o)
 .ARM.attributes
                0x00000927       0x34 d:/ac6/systemworkbench/plugins/fr.ac6.mcu.externaltools.arm-none.win32_1.7.0.201602121829/tools/compiler/bin/../lib/gcc/arm-none-eabi/5.2.1/../../../../arm-none-eabi/lib/armv7e-m/fpu/fpv5-sp-d16\libc.a(lib_a-wsetup.o)