Archive member included to satisfy reference by file (symbol)

d:/ac6/systemworkbench/plugins/fr.ac6.mcu.externaltools.arm-none.win32_1.7.0.201602121829/tools/compiler/bin/../lib/gcc/arm-none-eabi/5.2.1/armv7e-m/fpu/fpv5-sp-d16\libgcc.a(_arm_addsubdf3.o)
                              src/main.o (__aeabi_dsub)
d:/ac6/systemworkbench/plugins/fr.ac6.mcu.externaltools.arm-none.win32_1.7.0.201602121829/tools/compiler/bin/../lib/gcc/arm-none-eabi/5.2.1/armv7e-m/fpu/fpv5-sp-d16\libgcc.a(_arm_muldivdf3.o)
                              src/main.o (__aeabi_dmul)
d:/ac6/systemworkbench/plugins/fr.ac6.mcu.externaltools.arm-none.win32_1.7.0.201602121829/tools/compiler/bin/../lib/gcc/arm-none-eabi/5.2.1/armv7e-m/fpu/fpv5-sp-d16\libgcc.a(_arm_truncdfsf2.o)
                              src/main.o (__aeabi_d2f)
d:/ac6/systemworkbench/plugins/fr.ac6.mcu.externaltools.arm-none.win32_1.7.0.201602121829/tools/compiler/bin/../lib/gcc/arm-none-eabi/5.2.1/../../../../arm-none-eabi/lib/armv7e-m/fpu/fpv5-sp-d16\libc.a(lib_a-errno.o)
                              src/syscalls.o (__errno)
d:/ac6/systemworkbench/plugins/fr.ac6.mcu.externaltools.arm-none.win32_1.7.0.201602121829/tools/compiler/bin/../lib/gcc/arm-none-eabi/5.2.1/../../../../arm-none-eabi/lib/armv7e-m/fpu/fpv5-sp-d16\libc.a(lib_a-exit.o)
                              d:/ac6/systemworkbench/plugins/fr.ac6.mcu.externaltools.arm-none.win32_1.7.0.201602121829/tools/compiler/bin/../lib/gcc/arm-none-eabi/5.2.1/../../../../arm-none-eabi/lib/armv7e-m/fpu/fpv5-sp-d16/crt0.o (exit)
d:/ac6/systemworkbench/plugins/fr.ac6.mcu.externaltools.arm-none.win32_1.7.0.201602121829/tools/compiler/bin/../lib/gcc/arm-none-eabi/5.2.1/../../../../arm-none-eabi/lib/armv7e-m/fpu/fpv5-sp-d16\libc.a(lib_a-impure.o)
                              d:/ac6/systemworkbench/plugins/fr.ac6.mcu.externaltools.arm-none.win32_1.7.0.201602121829/tools/compiler/bin/../lib/gcc/arm-none-eabi/5.2.1/../../../../arm-none-eabi/lib/armv7e-m/fpu/fpv5-sp-d16\libc.a(lib_a-exit.o) (_global_impure_ptr)
d:/ac6/systemworkbench/plugins/fr.ac6.mcu.externaltools.arm-none.win32_1.7.0.201602121829/tools/compiler/bin/../lib/gcc/arm-none-eabi/5.2.1/../../../../arm-none-eabi/lib/armv7e-m/fpu/fpv5-sp-d16\libc.a(lib_a-init.o)
                              d:/ac6/systemworkbench/plugins/fr.ac6.mcu.externaltools.arm-none.win32_1.7.0.201602121829/tools/compiler/bin/../lib/gcc/arm-none-eabi/5.2.1/../../../../arm-none-eabi/lib/armv7e-m/fpu/fpv5-sp-d16/crt0.o (__libc_init_array)
d:/ac6/systemworkbench/plugins/fr.ac6.mcu.externaltools.arm-none.win32_1.7.0.201602121829/tools/compiler/bin/../lib/gcc/arm-none-eabi/5.2.1/../../../../arm-none-eabi/lib/armv7e-m/fpu/fpv5-sp-d16\libc.a(lib_a-memcpy.o)
                              Middlewares/Third_Party/FreeRTOS/Source/queue.o (memcpy)
d:/ac6/systemworkbench/plugins/fr.ac6.mcu.externaltools.arm-none.win32_1.7.0.201602121829/tools/compiler/bin/../lib/gcc/arm-none-eabi/5.2.1/../../../../arm-none-eabi/lib/armv7e-m/fpu/fpv5-sp-d16\libc.a(lib_a-memset.o)
                              d:/ac6/systemworkbench/plugins/fr.ac6.mcu.externaltools.arm-none.win32_1.7.0.201602121829/tools/compiler/bin/../lib/gcc/arm-none-eabi/5.2.1/../../../../arm-none-eabi/lib/armv7e-m/fpu/fpv5-sp-d16/crt0.o (memset)
d:/ac6/systemworkbench/plugins/fr.ac6.mcu.externaltools.arm-none.win32_1.7.0.201602121829/tools/compiler/bin/../lib/gcc/arm-none-eabi/5.2.1/../../../../arm-none-eabi/lib/armv7e-m/fpu/fpv5-sp-d16\libc.a(lib_a-printf.o)
                              src/dac.o (printf)
d:/ac6/systemworkbench/plugins/fr.ac6.mcu.externaltools.arm-none.win32_1.7.0.201602121829/tools/compiler/bin/../lib/gcc/arm-none-eabi/5.2.1/../../../../arm-none-eabi/lib/armv7e-m/fpu/fpv5-sp-d16\libc.a(lib_a-putchar.o)
                              src/main.o (putchar)
d:/ac6/systemworkbench/plugins/fr.ac6.mcu.externaltools.arm-none.win32_1.7.0.201602121829/tools/compiler/bin/../lib/gcc/arm-none-eabi/5.2.1/../../../../arm-none-eabi/lib/armv7e-m/fpu/fpv5-sp-d16\libc.a(lib_a-puts.o)
                              src/main.o (puts)
d:/ac6/systemworkbench/plugins/fr.ac6.mcu.externaltools.arm-none.win32_1.7.0.201602121829/tools/compiler/bin/../lib/gcc/arm-none-eabi/5.2.1/../../../../arm-none-eabi/lib/armv7e-m/fpu/fpv5-sp-d16\libc.a(lib_a-strlen.o)
                              d:/ac6/systemworkbench/plugins/fr.ac6.mcu.externaltools.arm-none.win32_1.7.0.201602121829/tools/compiler/bin/../lib/gcc/arm-none-eabi/5.2.1/../../../../arm-none-eabi/lib/armv7e-m/fpu/fpv5-sp-d16\libc.a(lib_a-puts.o) (strlen)
d:/ac6/systemworkbench/plugins/fr.ac6.mcu.externaltools.arm-none.win32_1.7.0.201602121829/tools/compiler/bin/../lib/gcc/arm-none-eabi/5.2.1/../../../../arm-none-eabi/lib/armv7e-m/fpu/fpv5-sp-d16\libc.a(lib_a-vfprintf.o)
[...]
Memory Configuration

Name             Origin             Length             Attributes
FLASH            0x08008000         0x000f8000         xr
RAM              0x20000000         0x00050000         xrw
*default*        0x00000000         0xffffffff

Linker script and memory map

LOAD d:/ac6/systemworkbench/plugins/fr.ac6.mcu.externaltools.arm-none.win32_1.7.0.201602121829/tools/compiler/bin/../lib/gcc/arm-none-eabi/5.2.1/armv7e-m/fpu/fpv5-sp-d16/crti.o
LOAD d:/ac6/systemworkbench/plugins/fr.ac6.mcu.externaltools.arm-none.win32_1.7.0.201602121829/tools/compiler/bin/../lib/gcc/arm-none-eabi/5.2.1/armv7e-m/fpu/fpv5-sp-d16/crtbegin.o
LOAD d:/ac6/systemworkbench/plugins/fr.ac6.mcu.externaltools.arm-none.win32_1.7.0.201602121829/tools/compiler/bin/../lib/gcc/arm-none-eabi/5.2.1/../../../../arm-none-eabi/lib/armv7e-m/fpu/fpv5-sp-d16/crt0.o
LOAD d:/ac6/systemworkbench/plugins/fr.ac6.mcu.externaltools.arm-none.win32_1.7.0.201602121829/tools/compiler/bin/../lib/gcc/arm-none-eabi/5.2.1/../../../../arm-none-eabi/lib/armv7e-m/fpu/fpv5-sp-d16\libm.a
LOAD Drivers/CMSIS/Device/ST/STM32F7xx/Source/Templates/gcc/startup_stm32f745xx.o
LOAD Drivers/CMSIS/Device/ST/STM32F7xx/Source/Templates/system_stm32f7xx.o
LOAD Drivers/STM32F7xx_HAL_Driver/Src/stm32f7xx_hal.o
LOAD Drivers/STM32F7xx_HAL_Driver/Src/stm32f7xx_hal_adc.o
LOAD Drivers/STM32F7xx_HAL_Driver/Src/stm32f7xx_hal_adc_ex.o
LOAD Drivers/STM32F7xx_HAL_Driver/Src/stm32f7xx_hal_cec.o
LOAD Drivers/STM32F7xx_HAL_Driver/Src/stm32f7xx_hal_cortex.o
LOAD Drivers/STM32F7xx_HAL_Driver/Src/stm32f7xx_hal_crc.o
LOAD Drivers/STM32F7xx_HAL_Driver/Src/stm32f7xx_hal_crc_ex.o
LOAD Drivers/STM32F7xx_HAL_Driver/Src/stm32f7xx_hal_cryp.o
LOAD Drivers/STM32F7xx_HAL_Driver/Src/stm32f7xx_hal_cryp_ex.o
LOAD Drivers/STM32F7xx_HAL_Driver/Src/stm32f7xx_hal_dma.o
LOAD Drivers/STM32F7xx_HAL_Driver/Src/stm32f7xx_hal_dma2d.o
LOAD Drivers/STM32F7xx_HAL_Driver/Src/stm32f7xx_hal_dma_ex.o
LOAD Drivers/STM32F7xx_HAL_Driver/Src/stm32f7xx_hal_flash.o
LOAD Drivers/STM32F7xx_HAL_Driver/Src/stm32f7xx_hal_flash_ex.o
LOAD Drivers/STM32F7xx_HAL_Driver/Src/stm32f7xx_hal_gpio.o
LOAD Drivers/STM32F7xx_HAL_Driver/Src/stm32f7xx_hal_hash.o
LOAD Drivers/STM32F7xx_HAL_Driver/Src/stm32f7xx_hal_hash_ex.o
LOAD Drivers/STM32F7xx_HAL_Driver/Src/stm32f7xx_hal_hcd.o
LOAD Drivers/STM32F7xx_HAL_Driver/Src/stm32f7xx_hal_iwdg.o
LOAD Drivers/STM32F7xx_HAL_Driver/Src/stm32f7xx_hal_lptim.o
LOAD Drivers/STM32F7xx_HAL_Driver/Src/stm32f7xx_hal_nor.o
LOAD Drivers/STM32F7xx_HAL_Driver/Src/stm32f7xx_hal_pcd.o
LOAD Drivers/STM32F7xx_HAL_Driver/Src/stm32f7xx_hal_pcd_ex.o
LOAD Drivers/STM32F7xx_HAL_Driver/Src/stm32f7xx_hal_pwr.o
LOAD Drivers/STM32F7xx_HAL_Driver/Src/stm32f7xx_hal_pwr_ex.o
LOAD Drivers/STM32F7xx_HAL_Driver/Src/stm32f7xx_hal_rcc.o
LOAD Drivers/STM32F7xx_HAL_Driver/Src/stm32f7xx_hal_rcc_ex.o
LOAD Drivers/STM32F7xx_HAL_Driver/Src/stm32f7xx_hal_rng.o
LOAD Drivers/STM32F7xx_HAL_Driver/Src/stm32f7xx_hal_rtc.o
LOAD Drivers/STM32F7xx_HAL_Driver/Src/stm32f7xx_hal_rtc_ex.o
LOAD Drivers/STM32F7xx_HAL_Driver/Src/stm32f7xx_hal_spi.o
LOAD Drivers/STM32F7xx_HAL_Driver/Src/stm32f7xx_hal_sram.o
LOAD Drivers/STM32F7xx_HAL_Driver/Src/stm32f7xx_hal_tim.o
LOAD Drivers/STM32F7xx_HAL_Driver/Src/stm32f7xx_hal_tim_ex.o
LOAD Drivers/STM32F7xx_HAL_Driver/Src/stm32f7xx_hal_uart.o
LOAD Drivers/STM32F7xx_HAL_Driver/Src/stm32f7xx_hal_usart.o
LOAD Drivers/STM32F7xx_HAL_Driver/Src/stm32f7xx_hal_wwdg.o
LOAD Drivers/STM32F7xx_HAL_Driver/Src/stm32f7xx_ll_fmc.o
LOAD Drivers/STM32F7xx_HAL_Driver/Src/stm32f7xx_ll_usb.o
LOAD Middlewares/Third_Party/FreeRTOS/Source/CMSIS_RTOS/cmsis_os.o
LOAD Middlewares/Third_Party/FreeRTOS/Source/croutine.o
LOAD Middlewares/Third_Party/FreeRTOS/Source/event_groups.o
LOAD Middlewares/Third_Party/FreeRTOS/Source/list.o
LOAD Middlewares/Third_Party/FreeRTOS/Source/queue.o
LOAD Middlewares/Third_Party/FreeRTOS/Source/tasks.o
LOAD Middlewares/Third_Party/FreeRTOS/Source/timers.o
LOAD Middlewares/Third_Party/FreeRTOS/Source/portable/GCC/ARM_CM7/r0p1/port.o
LOAD Middlewares/Third_Party/FreeRTOS/Source/portable/MemMang/heap_4.o
LOAD src/dac.o
LOAD src/digital.o
LOAD src/freertos.o
LOAD src/main.o
LOAD src/stm32f7xx_hal_msp.o
LOAD src/stm32f7xx_it.o
LOAD src/syscalls.o
LOAD src/wheel_encoder.o
START GROUP
LOAD d:/ac6/systemworkbench/plugins/fr.ac6.mcu.externaltools.arm-none.win32_1.7.0.201602121829/tools/compiler/bin/../lib/gcc/arm-none-eabi/5.2.1/armv7e-m/fpu/fpv5-sp-d16\libgcc.a
LOAD d:/ac6/systemworkbench/plugins/fr.ac6.mcu.externaltools.arm-none.win32_1.7.0.201602121829/tools/compiler/bin/../lib/gcc/arm-none-eabi/5.2.1/../../../../arm-none-eabi/lib/armv7e-m/fpu/fpv5-sp-d16\libc.a
END GROUP
LOAD d:/ac6/systemworkbench/plugins/fr.ac6.mcu.externaltools.arm-none.win32_1.7.0.201602121829/tools/compiler/bin/../lib/gcc/arm-none-eabi/5.2.1/armv7e-m/fpu/fpv5-sp-d16/crtend.o
LOAD d:/ac6/systemworkbench/plugins/fr.ac6.mcu.externaltools.arm-none.win32_1.7.0.201602121829/tools/compiler/bin/../lib/gcc/arm-none-eabi/5.2.1/armv7e-m/fpu/fpv5-sp-d16/crtn.o
                0x20050000                _estack = 0x20050000
                0x00000200                _Min_Heap_Size = 0x200
                0x00000460                _Min_Stack_Size = 0x460

.isr_vector     0x08008000      0x1c8
                0x08008000                . = ALIGN (0x4)
 *(.isr_vector)
 .isr_vector    0x08008000      0x1c8 Drivers/CMSIS/Device/ST/STM32F7xx/Source/Templates/gcc/startup_stm32f745xx.o
                0x08008000                g_pfnVectors
                0x080081c8                . = ALIGN (0x4)

.text           0x08008200     0xbf70
                0x08008200                . = ALIGN (0x4)
 *(.text)
 .text          0x08008200       0xa4 d:/ac6/systemworkbench/plugins/fr.ac6.mcu.externaltools.arm-none.win32_1.7.0.201602121829/tools/compiler/bin/../lib/gcc/arm-none-eabi/5.2.1/armv7e-m/fpu/fpv5-sp-d16/crtbegin.o
 .text          0x080082a4      0x370 d:/ac6/systemworkbench/plugins/fr.ac6.mcu.externaltools.arm-none.win32_1.7.0.201602121829/tools/compiler/bin/../lib/gcc/arm-none-eabi/5.2.1/armv7e-m/fpu/fpv5-sp-d16\libgcc.a(_arm_addsubdf3.o)
                0x080082a4                __aeabi_drsub
                0x080082ac                __aeabi_dsub
                0x080082ac                __subdf3
                0x080082b0                __aeabi_dadd
                0x080082b0                __adddf3
                0x08008528                __floatunsidf
                0x08008528                __aeabi_ui2d
                0x08008548                __floatsidf
                0x08008548                __aeabi_i2d
                0x0800856c                __aeabi_f2d
                0x0800856c                __extendsfdf2
                0x080085a8                __floatundidf
                0x080085a8                __aeabi_ul2d
                0x080085b8                __floatdidf
                0x080085b8                __aeabi_l2d
 .text          0x08008614      0x424 d:/ac6/systemworkbench/plugins/fr.ac6.mcu.externaltools.arm-none.win32_1.7.0.201602121829/tools/compiler/bin/../lib/gcc/arm-none-eabi/5.2.1/armv7e-m/fpu/fpv5-sp-d16\libgcc.a(_arm_muldivdf3.o)
                0x08008614                __aeabi_dmul
                0x08008614                __muldf3
                0x08008868                __divdf3
                0x08008868                __aeabi_ddiv
 .text          0x08008a38       0xa0 d:/ac6/systemworkbench/plugins/fr.ac6.mcu.externaltools.arm-none.win32_1.7.0.201602121829/tools/compiler/bin/../lib/gcc/arm-none-eabi/5.2.1/armv7e-m/fpu/fpv5-sp-d16\libgcc.a(_arm_truncdfsf2.o)
                0x08008a38                __truncdfsf2
                0x08008a38                __aeabi_d2f
 .text          0x08008ad8      0x134 d:/ac6/systemworkbench/plugins/fr.ac6.mcu.externaltools.arm-none.win32_1.7.0.201602121829/tools/compiler/bin/../lib/gcc/arm-none-eabi/5.2.1/../../../../arm-none-eabi/lib/armv7e-m/fpu/fpv5-sp-d16\libc.a(lib_a-memcpy.o)
                0x08008ad8                memcpy
 *fill*         0x08008c0c       0x34 
 .text          0x08008c40       0xdc d:/ac6/systemworkbench/plugins/fr.ac6.mcu.externaltools.arm-none.win32_1.7.0.201602121829/tools/compiler/bin/../lib/gcc/arm-none-eabi/5.2.1/../../../../arm-none-eabi/lib/armv7e-m/fpu/fpv5-sp-d16\libc.a(lib_a-strlen.o)
                0x08008c40                strlen
 *fill*         0x08008d1c        0x4 
 .text          0x08008d20       0xa0 d:/ac6/systemworkbench/plugins/fr.ac6.mcu.externaltools.arm-none.win32_1.7.0.201602121829/tools/compiler/bin/../lib/gcc/arm-none-eabi/5.2.1/../../../../arm-none-eabi/lib/armv7e-m/fpu/fpv5-sp-d16\libc.a(lib_a-memchr.o)
                0x08008d20                memchr
 .text          0x08008dc0      0x110 d:/ac6/systemworkbench/plugins/fr.ac6.mcu.externaltools.arm-none.win32_1.7.0.201602121829/tools/compiler/bin/../lib/gcc/arm-none-eabi/5.2.1/armv7e-m/fpu/fpv5-sp-d16\libgcc.a(_arm_cmpdf2.o)
                0x08008dc0                __gtdf2
                0x08008dc0                __gedf2
                0x08008dc8                __ltdf2
                0x08008dc8                __ledf2
                0x08008dd0                __nedf2
                0x08008dd0                __eqdf2
                0x08008dd0                __cmpdf2
                0x08008e4c                __aeabi_cdrcmple
                0x08008e5c                __aeabi_cdcmpeq
                0x08008e5c                __aeabi_cdcmple
                0x08008e6c                __aeabi_dcmpeq
                0x08008e80                __aeabi_dcmplt
                0x08008e94                __aeabi_dcmple
                0x08008ea8                __aeabi_dcmpge
                0x08008ebc                __aeabi_dcmpgt
 .text          0x08008ed0       0x50 d:/ac6/systemworkbench/plugins/fr.ac6.mcu.externaltools.arm-none.win32_1.7.0.201602121829/tools/compiler/bin/../lib/gcc/arm-none-eabi/5.2.1/armv7e-m/fpu/fpv5-sp-d16\libgcc.a(_arm_fixdfsi.o)
                0x08008ed0                __aeabi_d2iz
                0x08008ed0                __fixdfsi
 .text          0x08008f20       0x30 d:/ac6/systemworkbench/plugins/fr.ac6.mcu.externaltools.arm-none.win32_1.7.0.201602121829/tools/compiler/bin/../lib/gcc/arm-none-eabi/5.2.1/armv7e-m/fpu/fpv5-sp-d16\libgcc.a(_aeabi_uldivmod.o)
                0x08008f20                __aeabi_uldivmod
 .text          0x08008f50      0x2e4 d:/ac6/systemworkbench/plugins/fr.ac6.mcu.externaltools.arm-none.win32_1.7.0.201602121829/tools/compiler/bin/../lib/gcc/arm-none-eabi/5.2.1/armv7e-m/fpu/fpv5-sp-d16\libgcc.a(_udivmoddi4.o)
                0x08008f50                __udivmoddi4
 .text          0x08009234        0x4 d:/ac6/systemworkbench/plugins/fr.ac6.mcu.externaltools.arm-none.win32_1.7.0.201602121829/tools/compiler/bin/../lib/gcc/arm-none-eabi/5.2.1/armv7e-m/fpu/fpv5-sp-d16\libgcc.a(_dvmd_tls.o)
                0x08009234                __aeabi_idiv0
                0x08009234                __aeabi_ldiv0
 *(.text*)
 .text.Reset_Handler
                0x08009238       0x50 Drivers/CMSIS/Device/ST/STM32F7xx/Source/Templates/gcc/startup_stm32f745xx.o
                0x08009238                Reset_Handler
 .text.Default_Handler
                0x08009288        0x2 Drivers/CMSIS/Device/ST/STM32F7xx/Source/Templates/gcc/startup_stm32f745xx.o
                0x08009288                RTC_Alarm_IRQHandler
                0x08009288                EXTI2_IRQHandler
                0x08009288                TIM8_CC_IRQHandler
                0x08009288                DebugMon_Handler
                0x08009288                UART8_IRQHandler
                0x08009288                SPI4_IRQHandler
                0x08009288                TIM1_CC_IRQHandler
                0x08009288                DMA2_Stream5_IRQHandler
                0x08009288                HardFault_Handler
                0x08009288                DMA1_Stream5_IRQHandler
                0x08009288                PVD_IRQHandler
                0x08009288                TAMP_STAMP_IRQHandler
                0x08009288                NMI_Handler
                0x08009288                CAN2_RX1_IRQHandler
                0x08009288                EXTI3_IRQHandler
                0x08009288                TIM8_TRG_COM_TIM14_IRQHandler
                0x08009288                TIM1_UP_TIM10_IRQHandler
                0x08009288                TIM8_UP_TIM13_IRQHandler
                0x08009288                I2C3_ER_IRQHandler
                0x08009288                EXTI0_IRQHandler
                0x08009288                I2C2_EV_IRQHandler
                0x08009288                DMA1_Stream2_IRQHandler
                0x08009288                CAN1_RX0_IRQHandler
                0x08009288                FPU_IRQHandler
                0x08009288                OTG_HS_WKUP_IRQHandler
                0x08009288                UsageFault_Handler
                0x08009288                CAN2_SCE_IRQHandler
                0x08009288                SPI1_IRQHandler
                0x08009288                TIM6_DAC_IRQHandler
                0x08009288                TIM1_BRK_TIM9_IRQHandler
                0x08009288                DCMI_IRQHandler
                0x08009288                CAN2_RX0_IRQHandler
                0x08009288                DMA2_Stream3_IRQHandler
                0x08009288                SAI2_IRQHandler
                0x08009288                USART3_IRQHandler
                0x08009288                CAN1_RX1_IRQHandler
                0x08009288                UART5_IRQHandler
                0x08009288                TIM4_IRQHandler
                0x08009288                QUADSPI_IRQHandler
                0x08009288                I2C1_EV_IRQHandler
                0x08009288                DMA1_Stream6_IRQHandler
                0x08009288                DMA1_Stream1_IRQHandler
                0x08009288                RCC_IRQHandler
                0x08009288                TIM8_BRK_TIM12_IRQHandler
                0x08009288                Default_Handler
                0x08009288                CEC_IRQHandler
                0x08009288                EXTI15_10_IRQHandler
                0x08009288                DMA1_Stream7_IRQHandler
                0x08009288                SPI5_IRQHandler
                0x08009288                TIM7_IRQHandler
                0x08009288                SDMMC1_IRQHandler
                0x08009288                CAN2_TX_IRQHandler
                0x08009288                TIM5_IRQHandler
                0x08009288                DMA2_Stream7_IRQHandler
                0x08009288                I2C3_EV_IRQHandler
                0x08009288                RTC_WKUP_IRQHandler
                0x08009288                ETH_WKUP_IRQHandler
                0x08009288                SPDIF_RX_IRQHandler
                0x08009288                SPI2_IRQHandler
                0x08009288                OTG_HS_EP1_IN_IRQHandler
                0x08009288                MemManage_Handler
                0x08009288                DMA1_Stream0_IRQHandler
                0x08009288                CAN1_TX_IRQHandler
                0x08009288                EXTI4_IRQHandler
                0x08009288                RNG_IRQHandler
                0x08009288                ETH_IRQHandler
                0x08009288                OTG_HS_EP1_OUT_IRQHandler
                0x08009288                WWDG_IRQHandler
                0x08009288                SPI6_IRQHandler
                0x08009288                I2C4_EV_IRQHandler
                0x08009288                TIM2_IRQHandler
                0x08009288                OTG_FS_WKUP_IRQHandler
                0x08009288                TIM1_TRG_COM_TIM11_IRQHandler
                0x08009288                OTG_HS_IRQHandler
                0x08009288                DMA2D_IRQHandler
                0x08009288                EXTI1_IRQHandler
                0x08009288                UART7_IRQHandler
                0x08009288                USART2_IRQHandler
                0x08009288                I2C2_ER_IRQHandler
                0x08009288                CAN1_SCE_IRQHandler
                0x08009288                FLASH_IRQHandler
                0x08009288                DMA2_Stream4_IRQHandler
                0x08009288                BusFault_Handler
                0x08009288                USART1_IRQHandler
                0x08009288                OTG_FS_IRQHandler
                0x08009288                SPI3_IRQHandler
                0x08009288                DMA1_Stream4_IRQHandler
                0x08009288                I2C1_ER_IRQHandler
                0x08009288                FMC_IRQHandler
                0x08009288                LPTIM1_IRQHandler
                0x08009288                I2C4_ER_IRQHandler
                0x08009288                DMA2_Stream6_IRQHandler
                0x08009288                SAI1_IRQHandler
                0x08009288                DMA1_Stream3_IRQHandler
 *fill*         0x0800928a        0x2 
 .text.SystemInit
                0x0800928c       0x4c Drivers/CMSIS/Device/ST/STM32F7xx/Source/Templates/system_stm32f7xx.o
                0x0800928c                SystemInit
 .text.HAL_InitTick
                0x080092d8       0x28 Drivers/STM32F7xx_HAL_Driver/Src/stm32f7xx_hal.o
                0x080092d8                HAL_InitTick
 .text.HAL_Init
                0x08009300       0x16 Drivers/STM32F7xx_HAL_Driver/Src/stm32f7xx_hal.o
                0x08009300                HAL_Init
 *fill*         0x08009316        0x2 
 .text.HAL_IncTick
                0x08009318       0x10 Drivers/STM32F7xx_HAL_Driver/Src/stm32f7xx_hal.o
                0x08009318                HAL_IncTick
 .text.HAL_GetTick
                0x08009328        0xc Drivers/STM32F7xx_HAL_Driver/Src/stm32f7xx_hal.o
                0x08009328                HAL_GetTick
 .text.HAL_Delay
                0x08009334       0x1a Drivers/STM32F7xx_HAL_Driver/Src/stm32f7xx_hal.o
                0x08009334                HAL_Delay
 *fill*         0x0800934e        0x2 
 .text.HAL_ADC_Init
                0x08009350      0x154 Drivers/STM32F7xx_HAL_Driver/Src/stm32f7xx_hal_adc.o
                0x08009350                HAL_ADC_Init
 .text.HAL_ADC_Start_DMA
                0x080094a4      0x100 Drivers/STM32F7xx_HAL_Driver/Src/stm32f7xx_hal_adc.o
                0x080094a4                HAL_ADC_Start_DMA
 .text.ADC_DMAConvCplt
                0x080095a4       0x60 Drivers/STM32F7xx_HAL_Driver/Src/stm32f7xx_hal_adc.o
 .text.HAL_ADC_ConvHalfCpltCallback
                0x08009604        0x2 Drivers/STM32F7xx_HAL_Driver/Src/stm32f7xx_hal_adc.o
                0x08009604                HAL_ADC_ConvHalfCpltCallback
 .text.ADC_DMAHalfConvCplt
                0x08009606        0xa Drivers/STM32F7xx_HAL_Driver/Src/stm32f7xx_hal_adc.o
 .text.HAL_ADC_LevelOutOfWindowCallback
                0x08009610        0x2 Drivers/STM32F7xx_HAL_Driver/Src/stm32f7xx_hal_adc.o
                0x08009610                HAL_ADC_LevelOutOfWindowCallback
 .text.HAL_ADC_ErrorCallback
                0x08009612        0x2 Drivers/STM32F7xx_HAL_Driver/Src/stm32f7xx_hal_adc.o
                0x08009612                HAL_ADC_ErrorCallback
 .text.HAL_ADC_IRQHandler
                0x08009614      0x128 Drivers/STM32F7xx_HAL_Driver/Src/stm32f7xx_hal_adc.o
                0x08009614                HAL_ADC_IRQHandler
 .text.ADC_DMAError
                0x0800973c       0x16 Drivers/STM32F7xx_HAL_Driver/Src/stm32f7xx_hal_adc.o
 *fill*         0x08009752        0x2 
 .text.HAL_ADC_ConfigChannel
                0x08009754      0x140 Drivers/STM32F7xx_HAL_Driver/Src/stm32f7xx_hal_adc.o
                0x08009754                HAL_ADC_ConfigChannel
 .text.HAL_ADCEx_InjectedConvCpltCallback
                0x08009894        0x2 Drivers/STM32F7xx_HAL_Driver/Src/stm32f7xx_hal_adc_ex.o
                0x08009894                HAL_ADCEx_InjectedConvCpltCallback
 *fill*         0x08009896        0x2 
 .text.HAL_NVIC_SetPriorityGrouping
                0x08009898       0x24 Drivers/STM32F7xx_HAL_Driver/Src/stm32f7xx_hal_cortex.o
                0x08009898                HAL_NVIC_SetPriorityGrouping
 .text.HAL_NVIC_SetPriority
                0x080098bc       0x70 Drivers/STM32F7xx_HAL_Driver/Src/stm32f7xx_hal_cortex.o
                0x080098bc                HAL_NVIC_SetPriority
 .text.HAL_NVIC_EnableIRQ
                0x0800992c       0x18 Drivers/STM32F7xx_HAL_Driver/Src/stm32f7xx_hal_cortex.o
                0x0800992c                HAL_NVIC_EnableIRQ
 .text.HAL_NVIC_SystemReset
                0x08009944       0x24 Drivers/STM32F7xx_HAL_Driver/Src/stm32f7xx_hal_cortex.o
                0x08009944                HAL_NVIC_SystemReset
 .text.HAL_SYSTICK_Config
                0x08009968       0x2c Drivers/STM32F7xx_HAL_Driver/Src/stm32f7xx_hal_cortex.o
                0x08009968                HAL_SYSTICK_Config
 .text.HAL_SYSTICK_CLKSourceConfig
                0x08009994       0x18 Drivers/STM32F7xx_HAL_Driver/Src/stm32f7xx_hal_cortex.o
                0x08009994                HAL_SYSTICK_CLKSourceConfig
 .text.DMA_CalcBaseAndBitshift
                0x080099ac       0x2c Drivers/STM32F7xx_HAL_Driver/Src/stm32f7xx_hal_dma.o
 .text.HAL_DMA_Init
                0x080099d8       0xec Drivers/STM32F7xx_HAL_Driver/Src/stm32f7xx_hal_dma.o
                0x080099d8                HAL_DMA_Init
 .text.HAL_DMA_Start_IT
                0x08009ac4       0x7e Drivers/STM32F7xx_HAL_Driver/Src/stm32f7xx_hal_dma.o
                0x08009ac4                HAL_DMA_Start_IT
 .text.HAL_DMA_Abort_IT
                0x08009b42       0x24 Drivers/STM32F7xx_HAL_Driver/Src/stm32f7xx_hal_dma.o
                0x08009b42                HAL_DMA_Abort_IT
 *fill*         0x08009b66        0x2 
 .text.HAL_DMA_IRQHandler
                0x08009b68      0x17c Drivers/STM32F7xx_HAL_Driver/Src/stm32f7xx_hal_dma.o
                0x08009b68                HAL_DMA_IRQHandler
 .text.HAL_GPIO_Init
                0x08009ce4      0x1d8 Drivers/STM32F7xx_HAL_Driver/Src/stm32f7xx_hal_gpio.o
                0x08009ce4                HAL_GPIO_Init
 .text.HAL_GPIO_WritePin
                0x08009ebc        0x8 Drivers/STM32F7xx_HAL_Driver/Src/stm32f7xx_hal_gpio.o
                0x08009ebc                HAL_GPIO_WritePin
 .text.HAL_GPIO_TogglePin
                0x08009ec4        0x8 Drivers/STM32F7xx_HAL_Driver/Src/stm32f7xx_hal_gpio.o
                0x08009ec4                HAL_GPIO_TogglePin
 .text.HAL_IWDG_Init
                0x08009ecc       0x4e Drivers/STM32F7xx_HAL_Driver/Src/stm32f7xx_hal_iwdg.o
                0x08009ecc                HAL_IWDG_Init
 .text.HAL_IWDG_Refresh
                0x08009f1a        0xc Drivers/STM32F7xx_HAL_Driver/Src/stm32f7xx_hal_iwdg.o
                0x08009f1a                HAL_IWDG_Refresh
 *fill*         0x08009f26        0x2 
 .text.HAL_PWREx_EnableOverDrive
                0x08009f28       0x70 Drivers/STM32F7xx_HAL_Driver/Src/stm32f7xx_hal_pwr_ex.o
                0x08009f28                HAL_PWREx_EnableOverDrive
 .text.HAL_RCC_OscConfig
                0x08009f98      0x334 Drivers/STM32F7xx_HAL_Driver/Src/stm32f7xx_hal_rcc.o
                0x08009f98                HAL_RCC_OscConfig
 .text.HAL_RCC_GetSysClockFreq
                0x0800a2cc       0x7c Drivers/STM32F7xx_HAL_Driver/Src/stm32f7xx_hal_rcc.o
                0x0800a2cc                HAL_RCC_GetSysClockFreq
 .text.HAL_RCC_ClockConfig
                0x0800a348      0x154 Drivers/STM32F7xx_HAL_Driver/Src/stm32f7xx_hal_rcc.o
                0x0800a348                HAL_RCC_ClockConfig
 .text.HAL_RCC_GetHCLKFreq
                0x0800a49c        0xc Drivers/STM32F7xx_HAL_Driver/Src/stm32f7xx_hal_rcc.o
                0x0800a49c                HAL_RCC_GetHCLKFreq
 .text.HAL_RCC_GetPCLK1Freq
                0x0800a4a8       0x30 Drivers/STM32F7xx_HAL_Driver/Src/stm32f7xx_hal_rcc.o
                0x0800a4a8                HAL_RCC_GetPCLK1Freq
 .text.HAL_RCC_GetPCLK2Freq
                0x0800a4d8       0x30 Drivers/STM32F7xx_HAL_Driver/Src/stm32f7xx_hal_rcc.o
                0x0800a4d8                HAL_RCC_GetPCLK2Freq
 .text.HAL_RCCEx_PeriphCLKConfig
                0x0800a508      0x74c Drivers/STM32F7xx_HAL_Driver/Src/stm32f7xx_hal_rcc_ex.o
                0x0800a508                HAL_RCCEx_PeriphCLKConfig
 .text.HAL_SRAM_Init
                0x0800ac54       0x54 Drivers/STM32F7xx_HAL_Driver/Src/stm32f7xx_hal_sram.o
                0x0800ac54                HAL_SRAM_Init
 .text.HAL_TIM_Base_Start_IT
                0x0800aca8       0x16 Drivers/STM32F7xx_HAL_Driver/Src/stm32f7xx_hal_tim.o
                0x0800aca8                HAL_TIM_Base_Start_IT
 .text.HAL_TIM_OC_DelayElapsedCallback
                0x0800acbe        0x2 Drivers/STM32F7xx_HAL_Driver/Src/stm32f7xx_hal_tim.o
                0x0800acbe                HAL_TIM_OC_DelayElapsedCallback
 .text.HAL_TIM_IC_CaptureCallback
                0x0800acc0        0x2 Drivers/STM32F7xx_HAL_Driver/Src/stm32f7xx_hal_tim.o
                0x0800acc0                HAL_TIM_IC_CaptureCallback
 .text.HAL_TIM_PWM_PulseFinishedCallback
                0x0800acc2        0x2 Drivers/STM32F7xx_HAL_Driver/Src/stm32f7xx_hal_tim.o
                0x0800acc2                HAL_TIM_PWM_PulseFinishedCallback
 .text.HAL_TIM_TriggerCallback
                0x0800acc4        0x2 Drivers/STM32F7xx_HAL_Driver/Src/stm32f7xx_hal_tim.o
                0x0800acc4                HAL_TIM_TriggerCallback
 .text.HAL_TIM_IRQHandler
                0x0800acc6      0x15e Drivers/STM32F7xx_HAL_Driver/Src/stm32f7xx_hal_tim.o
                0x0800acc6                HAL_TIM_IRQHandler
 .text.TIM_Base_SetConfig
                0x0800ae24       0xc8 Drivers/STM32F7xx_HAL_Driver/Src/stm32f7xx_hal_tim.o
                0x0800ae24                TIM_Base_SetConfig
 .text.HAL_TIM_Base_Init
                0x0800aeec       0x2c Drivers/STM32F7xx_HAL_Driver/Src/stm32f7xx_hal_tim.o
                0x0800aeec                HAL_TIM_Base_Init
 .text.HAL_TIMEx_CommutationCallback
                0x0800af18        0x2 Drivers/STM32F7xx_HAL_Driver/Src/stm32f7xx_hal_tim_ex.o
                0x0800af18                HAL_TIMEx_CommutationCallback
 .text.HAL_TIMEx_BreakCallback
                0x0800af1a        0x2 Drivers/STM32F7xx_HAL_Driver/Src/stm32f7xx_hal_tim_ex.o
                0x0800af1a                HAL_TIMEx_BreakCallback
 .text.UART_EndRxTransfer
                0x0800af1c       0x1a Drivers/STM32F7xx_HAL_Driver/Src/stm32f7xx_hal_uart.o
 .text.UART_WaitOnFlagUntilTimeout
                0x0800af36       0x62 Drivers/STM32F7xx_HAL_Driver/Src/stm32f7xx_hal_uart.o
                0x0800af36                UART_WaitOnFlagUntilTimeout
 .text.HAL_UART_Transmit
                0x0800af98       0xac Drivers/STM32F7xx_HAL_Driver/Src/stm32f7xx_hal_uart.o
                0x0800af98                HAL_UART_Transmit
 .text.HAL_UART_TxCpltCallback
                0x0800b044        0x2 Drivers/STM32F7xx_HAL_Driver/Src/stm32f7xx_hal_uart.o
                0x0800b044                HAL_UART_TxCpltCallback
 .text.HAL_UART_RxCpltCallback
                0x0800b046        0x2 Drivers/STM32F7xx_HAL_Driver/Src/stm32f7xx_hal_uart.o
                0x0800b046                HAL_UART_RxCpltCallback
 .text.UART_Receive_IT
                0x0800b048       0x72 Drivers/STM32F7xx_HAL_Driver/Src/stm32f7xx_hal_uart.o
 .text.HAL_UART_ErrorCallback
                0x0800b0ba        0x2 Drivers/STM32F7xx_HAL_Driver/Src/stm32f7xx_hal_uart.o
                0x0800b0ba                HAL_UART_ErrorCallback
 .text.HAL_UART_IRQHandler
                0x0800b0bc      0x158 Drivers/STM32F7xx_HAL_Driver/Src/stm32f7xx_hal_uart.o
                0x0800b0bc                HAL_UART_IRQHandler
 .text.UART_DMAAbortOnError
                0x0800b214       0x14 Drivers/STM32F7xx_HAL_Driver/Src/stm32f7xx_hal_uart.o
 .text.UART_SetConfig
                0x0800b228      0x268 Drivers/STM32F7xx_HAL_Driver/Src/stm32f7xx_hal_uart.o
                0x0800b228                UART_SetConfig
 .text.UART_AdvFeatureConfig
                0x0800b490       0xaa Drivers/STM32F7xx_HAL_Driver/Src/stm32f7xx_hal_uart.o
                0x0800b490                UART_AdvFeatureConfig
 .text.UART_CheckIdleState
                0x0800b53a       0x68 Drivers/STM32F7xx_HAL_Driver/Src/stm32f7xx_hal_uart.o
                0x0800b53a                UART_CheckIdleState
 .text.HAL_UART_Init
                0x0800b5a2       0x64 Drivers/STM32F7xx_HAL_Driver/Src/stm32f7xx_hal_uart.o
                0x0800b5a2                HAL_UART_Init
 .text.HAL_MultiProcessor_Init
                0x0800b606       0x86 Drivers/STM32F7xx_HAL_Driver/Src/stm32f7xx_hal_uart.o
                0x0800b606                HAL_MultiProcessor_Init
 .text.FMC_NORSRAM_Init
                0x0800b68c       0x90 Drivers/STM32F7xx_HAL_Driver/Src/stm32f7xx_ll_fmc.o
                0x0800b68c                FMC_NORSRAM_Init
 .text.FMC_NORSRAM_Timing_Init
                0x0800b71c       0x4e Drivers/STM32F7xx_HAL_Driver/Src/stm32f7xx_ll_fmc.o
                0x0800b71c                FMC_NORSRAM_Timing_Init
 *fill*         0x0800b76a        0x2 
 .text.FMC_NORSRAM_Extended_Timing_Init
                0x0800b76c       0x3c Drivers/STM32F7xx_HAL_Driver/Src/stm32f7xx_ll_fmc.o
                0x0800b76c                FMC_NORSRAM_Extended_Timing_Init
 .text.osKernelStart
                0x0800b7a8        0xa Middlewares/Third_Party/FreeRTOS/Source/CMSIS_RTOS/cmsis_os.o
                0x0800b7a8                osKernelStart
 .text.osThreadCreate
                0x0800b7b2       0x36 Middlewares/Third_Party/FreeRTOS/Source/CMSIS_RTOS/cmsis_os.o
                0x0800b7b2                osThreadCreate
 .text.osThreadTerminate
                0x0800b7e8        0xa Middlewares/Third_Party/FreeRTOS/Source/CMSIS_RTOS/cmsis_os.o
                0x0800b7e8                osThreadTerminate
 .text.osDelay  0x0800b7f2       0x10 Middlewares/Third_Party/FreeRTOS/Source/CMSIS_RTOS/cmsis_os.o
                0x0800b7f2                osDelay
 *fill*         0x0800b802        0x2 
 .text.osTimerCreate
                0x0800b804       0x20 Middlewares/Third_Party/FreeRTOS/Source/CMSIS_RTOS/cmsis_os.o
                0x0800b804                osTimerCreate
 .text.osTimerStart
                0x0800b824       0x54 Middlewares/Third_Party/FreeRTOS/Source/CMSIS_RTOS/cmsis_os.o
                0x0800b824                osTimerStart
 .text.osMutexCreate
                0x0800b878        0x6 Middlewares/Third_Party/FreeRTOS/Source/CMSIS_RTOS/cmsis_os.o
                0x0800b878                osMutexCreate
 *fill*         0x0800b87e        0x2 
 .text.osMutexWait
                0x0800b880       0x50 Middlewares/Third_Party/FreeRTOS/Source/CMSIS_RTOS/cmsis_os.o
                0x0800b880                osMutexWait
 .text.osSemaphoreRelease
                0x0800b8d0       0x48 Middlewares/Third_Party/FreeRTOS/Source/CMSIS_RTOS/cmsis_os.o
                0x0800b8d0                osSemaphoreRelease
 .text.osMutexRelease
                0x0800b918        0x4 Middlewares/Third_Party/FreeRTOS/Source/CMSIS_RTOS/cmsis_os.o
                0x0800b918                osMutexRelease
 .text.osSystickHandler
                0x0800b91c       0x14 Middlewares/Third_Party/FreeRTOS/Source/CMSIS_RTOS/cmsis_os.o
                0x0800b91c                osSystickHandler
 .text.vListInitialise
                0x0800b930       0x16 Middlewares/Third_Party/FreeRTOS/Source/list.o
                0x0800b930                vListInitialise
 .text.vListInitialiseItem
                0x0800b946        0x6 Middlewares/Third_Party/FreeRTOS/Source/list.o
                0x0800b946                vListInitialiseItem
 .text.vListInsertEnd
                0x0800b94c       0x18 Middlewares/Third_Party/FreeRTOS/Source/list.o
                0x0800b94c                vListInsertEnd
 .text.vListInsert
                0x0800b964       0x30 Middlewares/Third_Party/FreeRTOS/Source/list.o
                0x0800b964                vListInsert
 .text.uxListRemove
                0x0800b994       0x20 Middlewares/Third_Party/FreeRTOS/Source/list.o
                0x0800b994                uxListRemove
 .text.unlikely.prvCopyDataToQueue
                0x0800b9b4       0x6a Middlewares/Third_Party/FreeRTOS/Source/queue.o
 .text.unlikely.prvCopyDataFromQueue
                0x0800ba1e       0x2a Middlewares/Third_Party/FreeRTOS/Source/queue.o
 .text.prvUnlockQueue
                0x0800ba48       0x68 Middlewares/Third_Party/FreeRTOS/Source/queue.o
 .text.xQueueGenericReset
                0x0800bab0       0x84 Middlewares/Third_Party/FreeRTOS/Source/queue.o
                0x0800bab0                xQueueGenericReset
 .text.xQueueGenericCreate
                0x0800bb34       0x6c Middlewares/Third_Party/FreeRTOS/Source/queue.o
                0x0800bb34                xQueueGenericCreate
 .text.xQueueGenericSend
                0x0800bba0      0x174 Middlewares/Third_Party/FreeRTOS/Source/queue.o
                0x0800bba0                xQueueGenericSend
 .text.xQueueCreateMutex
                0x0800bd14       0x52 Middlewares/Third_Party/FreeRTOS/Source/queue.o
                0x0800bd14                xQueueCreateMutex
 .text.xQueueGenericSendFromISR
                0x0800bd66       0xc8 Middlewares/Third_Party/FreeRTOS/Source/queue.o
                0x0800bd66                xQueueGenericSendFromISR
 .text.xQueueGiveFromISR
                0x0800be2e       0xb0 Middlewares/Third_Party/FreeRTOS/Source/queue.o
                0x0800be2e                xQueueGiveFromISR
 *fill*         0x0800bede        0x2 
 .text.xQueueGenericReceive
                0x0800bee0      0x178 Middlewares/Third_Party/FreeRTOS/Source/queue.o
                0x0800bee0                xQueueGenericReceive
 .text.xQueueReceiveFromISR
                0x0800c058       0x94 Middlewares/Third_Party/FreeRTOS/Source/queue.o
                0x0800c058                xQueueReceiveFromISR
 .text.vQueueAddToRegistry
                0x0800c0ec       0x28 Middlewares/Third_Party/FreeRTOS/Source/queue.o
                0x0800c0ec                vQueueAddToRegistry
 .text.vQueueWaitForMessageRestricted
                0x0800c114       0x3e Middlewares/Third_Party/FreeRTOS/Source/queue.o
                0x0800c114                vQueueWaitForMessageRestricted
 *fill*         0x0800c152        0x2 
 .text.prvResetNextTaskUnblockTime
                0x0800c154       0x20 Middlewares/Third_Party/FreeRTOS/Source/tasks.o
 .text.prvAddCurrentTaskToDelayedList
                0x0800c174       0x38 Middlewares/Third_Party/FreeRTOS/Source/tasks.o
 .text.xTaskGenericCreate.part.5
                0x0800c1ac      0x1a0 Middlewares/Third_Party/FreeRTOS/Source/tasks.o
 .text.vTaskSetTimeOutState.part.7
                0x0800c34c       0x16 Middlewares/Third_Party/FreeRTOS/Source/tasks.o
 .text.xTaskGenericCreate
                0x0800c362       0x44 Middlewares/Third_Party/FreeRTOS/Source/tasks.o
                0x0800c362                xTaskGenericCreate
 *fill*         0x0800c3a6        0x2 
 .text.vTaskDelete
                0x0800c3a8       0xbc Middlewares/Third_Party/FreeRTOS/Source/tasks.o
                0x0800c3a8                vTaskDelete
 .text.vTaskStartScheduler
                0x0800c464       0x78 Middlewares/Third_Party/FreeRTOS/Source/tasks.o
                0x0800c464                vTaskStartScheduler
 .text.vTaskSuspendAll
                0x0800c4dc       0x14 Middlewares/Third_Party/FreeRTOS/Source/tasks.o
                0x0800c4dc                vTaskSuspendAll
 .text.xTaskGetTickCount
                0x0800c4f0        0xc Middlewares/Third_Party/FreeRTOS/Source/tasks.o
                0x0800c4f0                xTaskGetTickCount
 .text.xTaskIncrementTick
                0x0800c4fc       0xf4 Middlewares/Third_Party/FreeRTOS/Source/tasks.o
                0x0800c4fc                xTaskIncrementTick
 .text.xTaskResumeAll
                0x0800c5f0       0xec Middlewares/Third_Party/FreeRTOS/Source/tasks.o
                0x0800c5f0                xTaskResumeAll
 .text.vTaskDelay
                0x0800c6dc       0x74 Middlewares/Third_Party/FreeRTOS/Source/tasks.o
                0x0800c6dc                vTaskDelay
 .text.prvIdleTask
                0x0800c750       0x70 Middlewares/Third_Party/FreeRTOS/Source/tasks.o
 .text.vTaskSwitchContext
                0x0800c7c0       0x6c Middlewares/Third_Party/FreeRTOS/Source/tasks.o
                0x0800c7c0                vTaskSwitchContext
 .text.vTaskPlaceOnEventList
                0x0800c82c       0x6c Middlewares/Third_Party/FreeRTOS/Source/tasks.o
                0x0800c82c                vTaskPlaceOnEventList
 .text.vTaskPlaceOnEventListRestricted
                0x0800c898       0x70 Middlewares/Third_Party/FreeRTOS/Source/tasks.o
                0x0800c898                vTaskPlaceOnEventListRestricted
 .text.xTaskRemoveFromEventList
                0x0800c908       0x7c Middlewares/Third_Party/FreeRTOS/Source/tasks.o
                0x0800c908                xTaskRemoveFromEventList
 .text.vTaskSetTimeOutState
                0x0800c984       0x1c Middlewares/Third_Party/FreeRTOS/Source/tasks.o
                0x0800c984                vTaskSetTimeOutState
 .text.xTaskCheckForTimeOut
                0x0800c9a0       0x78 Middlewares/Third_Party/FreeRTOS/Source/tasks.o
                0x0800c9a0                xTaskCheckForTimeOut
 .text.vTaskMissedYield
                0x0800ca18       0x10 Middlewares/Third_Party/FreeRTOS/Source/tasks.o
                0x0800ca18                vTaskMissedYield
 .text.xTaskGetSchedulerState
                0x0800ca28       0x20 Middlewares/Third_Party/FreeRTOS/Source/tasks.o
                0x0800ca28                xTaskGetSchedulerState
 .text.vTaskPriorityInherit
                0x0800ca48       0x94 Middlewares/Third_Party/FreeRTOS/Source/tasks.o
                0x0800ca48                vTaskPriorityInherit
 .text.xTaskPriorityDisinherit
                0x0800cadc       0xac Middlewares/Third_Party/FreeRTOS/Source/tasks.o
                0x0800cadc                xTaskPriorityDisinherit
 .text.pvTaskIncrementMutexHeldCount
                0x0800cb88       0x18 Middlewares/Third_Party/FreeRTOS/Source/tasks.o
                0x0800cb88                pvTaskIncrementMutexHeldCount
 .text.prvInsertTimerInActiveList
                0x0800cba0       0x38 Middlewares/Third_Party/FreeRTOS/Source/timers.o
 .text.xTimerGenericCommand.part.2
                0x0800cbd8       0x16 Middlewares/Third_Party/FreeRTOS/Source/timers.o
 *fill*         0x0800cbee        0x2 
 .text.prvCheckForValidListAndQueue
                0x0800cbf0       0x4c Middlewares/Third_Party/FreeRTOS/Source/timers.o
 .text.xTimerCreateTimerTask
                0x0800cc3c       0x4c Middlewares/Third_Party/FreeRTOS/Source/timers.o
                0x0800cc3c                xTimerCreateTimerTask
 .text.xTimerCreate
                0x0800cc88       0x4e Middlewares/Third_Party/FreeRTOS/Source/timers.o
                0x0800cc88                xTimerCreate
 *fill*         0x0800ccd6        0x2 
 .text.xTimerGenericCommand
                0x0800ccd8       0x48 Middlewares/Third_Party/FreeRTOS/Source/timers.o
                0x0800ccd8                xTimerGenericCommand
 .text.prvSwitchTimerLists
                0x0800cd20       0x80 Middlewares/Third_Party/FreeRTOS/Source/timers.o
 .text.prvTimerTask
                0x0800cda0      0x1a8 Middlewares/Third_Party/FreeRTOS/Source/timers.o
 .text.prvTaskExitError
                0x0800cf48       0x38 Middlewares/Third_Party/FreeRTOS/Source/portable/GCC/ARM_CM7/r0p1/port.o
 .text.prvPortStartFirstTask
                0x0800cf80       0x20 Middlewares/Third_Party/FreeRTOS/Source/portable/GCC/ARM_CM7/r0p1/port.o
 .text.vPortEnableVFP
                0x0800cfa0       0x14 Middlewares/Third_Party/FreeRTOS/Source/portable/GCC/ARM_CM7/r0p1/port.o
 .text.pxPortInitialiseStack
                0x0800cfb4       0x20 Middlewares/Third_Party/FreeRTOS/Source/portable/GCC/ARM_CM7/r0p1/port.o
                0x0800cfb4                pxPortInitialiseStack
 .text.SVC_Handler
                0x0800cfd4       0x20 Middlewares/Third_Party/FreeRTOS/Source/portable/GCC/ARM_CM7/r0p1/port.o
                0x0800cfd4                SVC_Handler
 .text.vPortEnterCritical
                0x0800cff4       0x4c Middlewares/Third_Party/FreeRTOS/Source/portable/GCC/ARM_CM7/r0p1/port.o
                0x0800cff4                vPortEnterCritical
 .text.vPortExitCritical
                0x0800d040       0x2c Middlewares/Third_Party/FreeRTOS/Source/portable/GCC/ARM_CM7/r0p1/port.o
                0x0800d040                vPortExitCritical
 .text.PendSV_Handler
                0x0800d06c       0x64 Middlewares/Third_Party/FreeRTOS/Source/portable/GCC/ARM_CM7/r0p1/port.o
                0x0800d06c                PendSV_Handler
 .text.xPortSysTickHandler
                0x0800d0d0       0x34 Middlewares/Third_Party/FreeRTOS/Source/portable/GCC/ARM_CM7/r0p1/port.o
                0x0800d0d0                xPortSysTickHandler
 .text.vPortSetupTimerInterrupt
                0x0800d104       0x28 Middlewares/Third_Party/FreeRTOS/Source/portable/GCC/ARM_CM7/r0p1/port.o
                0x0800d104                vPortSetupTimerInterrupt
 .text.xPortStartScheduler
                0x0800d12c       0xa0 Middlewares/Third_Party/FreeRTOS/Source/portable/GCC/ARM_CM7/r0p1/port.o
                0x0800d12c                xPortStartScheduler
 .text.vPortValidateInterruptPriority
                0x0800d1cc       0x5c Middlewares/Third_Party/FreeRTOS/Source/portable/GCC/ARM_CM7/r0p1/port.o
                0x0800d1cc                vPortValidateInterruptPriority
 .text.unlikely.prvInsertBlockIntoFreeList
                0x0800d228       0x44 Middlewares/Third_Party/FreeRTOS/Source/portable/MemMang/heap_4.o
 .text.pvPortMalloc
                0x0800d26c      0x128 Middlewares/Third_Party/FreeRTOS/Source/portable/MemMang/heap_4.o
                0x0800d26c                pvPortMalloc
 .text.vPortFree
                0x0800d394       0x78 Middlewares/Third_Party/FreeRTOS/Source/portable/MemMang/heap_4.o
                0x0800d394                vPortFree
 .text.vDacValueSet
                0x0800d40c       0x8c src/dac.o
                0x0800d40c                vDacValueSet
 .text.vEncoderAcqTask
                0x0800d498       0x70 src/digital.o
                0x0800d498                vEncoderAcqTask
 .text.osTimerCallback
                0x0800d508       0x60 src/main.o
 .text.vAdcAcqTask
                0x0800d568       0x74 src/main.o
                0x0800d568                vAdcAcqTask
 *fill*         0x0800d5dc        0x4 
 .text.vUserTask
                0x0800d5e0      0x3b4 src/main.o
                0x0800d5e0                vUserTask
 .text.StartDefaultTask
                0x0800d994       0x94 src/main.o
                0x0800d994                StartDefaultTask
 .text.SystemClock_Config
                0x0800da28       0xcc src/main.o
                0x0800da28                SystemClock_Config
 .text.Error_Handler
                0x0800daf4        0x2 src/main.o
                0x0800daf4                Error_Handler
 *fill*         0x0800daf6        0x2 
 .text.__io_putchar
                0x0800daf8       0x38 src/main.o
                0x0800daf8                __io_putchar
 .text.HAL_ADC_ConvCpltCallback
                0x0800db30        0x2 src/main.o
                0x0800db30                HAL_ADC_ConvCpltCallback
 *fill*         0x0800db32        0x2 
 .text.vBluetoothInit
                0x0800db34       0x7c src/main.o
                0x0800db34                vBluetoothInit
 .text.startup.main
                0x0800dbb0      0x3d0 src/main.o
                0x0800dbb0                main
 .text.HAL_MspInit
                0x0800df80       0x60 src/stm32f7xx_hal_msp.o
                0x0800df80                HAL_MspInit
 .text.HAL_ADC_MspInit
                0x0800dfe0      0x1b0 src/stm32f7xx_hal_msp.o
                0x0800dfe0                HAL_ADC_MspInit
 .text.HAL_UART_MspInit
                0x0800e190       0xf0 src/stm32f7xx_hal_msp.o
                0x0800e190                HAL_UART_MspInit
 .text.HAL_SRAM_MspInit
                0x0800e280       0x84 src/stm32f7xx_hal_msp.o
                0x0800e280                HAL_SRAM_MspInit
 .text.SysTick_Handler
                0x0800e304        0xe src/stm32f7xx_it.o
                0x0800e304                SysTick_Handler
 *fill*         0x0800e312        0x2 
 .text.ADC_IRQHandler
                0x0800e314       0x24 src/stm32f7xx_it.o
                0x0800e314                ADC_IRQHandler
 .text.TIM3_IRQHandler
                0x0800e338        0xc src/stm32f7xx_it.o
                0x0800e338                TIM3_IRQHandler
 .text.UART4_IRQHandler
                0x0800e344        0xc src/stm32f7xx_it.o
                0x0800e344                UART4_IRQHandler
 .text.DMA2_Stream0_IRQHandler
                0x0800e350        0xc src/stm32f7xx_it.o
                0x0800e350                DMA2_Stream0_IRQHandler
 .text.DMA2_Stream1_IRQHandler
                0x0800e35c        0xc src/stm32f7xx_it.o
                0x0800e35c                DMA2_Stream1_IRQHandler
 .text.DMA2_Stream2_IRQHandler
                0x0800e368        0xc src/stm32f7xx_it.o
                0x0800e368                DMA2_Stream2_IRQHandler
 .text.USART6_IRQHandler
                0x0800e374       0x24 src/stm32f7xx_it.o
                0x0800e374                USART6_IRQHandler
 .text._read    0x0800e398       0x1c src/syscalls.o
                0x0800e398                _read
 .text._write   0x0800e3b4       0x1c src/syscalls.o
                0x0800e3b4                _write
 .text._sbrk    0x0800e3d0       0x34 src/syscalls.o
                0x0800e3d0                _sbrk
 .text._close   0x0800e404        0x6 src/syscalls.o
                0x0800e404                _close
 .text._fstat   0x0800e40a        0xa src/syscalls.o
                0x0800e40a                _fstat
 .text._isatty  0x0800e414        0x4 src/syscalls.o
                0x0800e414                _isatty
 .text._lseek   0x0800e418        0x4 src/syscalls.o
                0x0800e418                _lseek
 .text.vTimer3BaseInit
                0x0800e41c       0x40 src/wheel_encoder.o
                0x0800e41c                vTimer3BaseInit
 .text.HAL_TIM_Base_MspInit
                0x0800e45c       0x30 src/wheel_encoder.o
                0x0800e45c                HAL_TIM_Base_MspInit
 .text.HAL_TIM_PeriodElapsedCallback
                0x0800e48c       0x10 src/wheel_encoder.o
                0x0800e48c                HAL_TIM_PeriodElapsedCallback
 .text.vWheelEncoderGpioInit
                0x0800e49c       0x38 src/wheel_encoder.o
                0x0800e49c                vWheelEncoderGpioInit
 .text.EXTI9_5_IRQHandler
                0x0800e4d4       0x90 src/wheel_encoder.o
                0x0800e4d4                EXTI9_5_IRQHandler
 .text.__errno  0x0800e564        0xc d:/ac6/systemworkbench/plugins/fr.ac6.mcu.externaltools.arm-none.win32_1.7.0.201602121829/tools/compiler/bin/../lib/gcc/arm-none-eabi/5.2.1/../../../../arm-none-eabi/lib/armv7e-m/fpu/fpv5-sp-d16\libc.a(lib_a-errno.o)
                0x0800e564                __errno
 .text.__libc_init_array
                0x0800e570       0x50 d:/ac6/systemworkbench/plugins/fr.ac6.mcu.externaltools.arm-none.win32_1.7.0.201602121829/tools/compiler/bin/../lib/gcc/arm-none-eabi/5.2.1/../../../../arm-none-eabi/lib/armv7e-m/fpu/fpv5-sp-d16\libc.a(lib_a-init.o)
                0x0800e570                __libc_init_array
 .text.memset   0x0800e5c0       0x9c d:/ac6/systemworkbench/plugins/fr.ac6.mcu.externaltools.arm-none.win32_1.7.0.201602121829/tools/compiler/bin/../lib/gcc/arm-none-eabi/5.2.1/../../../../arm-none-eabi/lib/armv7e-m/fpu/fpv5-sp-d16\libc.a(lib_a-memset.o)
                0x0800e5c0                memset
 .text.printf   0x0800e65c       0x28 d:/ac6/systemworkbench/plugins/fr.ac6.mcu.externaltools.arm-none.win32_1.7.0.201602121829/tools/compiler/bin/../lib/gcc/arm-none-eabi/5.2.1/../../../../arm-none-eabi/lib/armv7e-m/fpu/fpv5-sp-d16\libc.a(lib_a-printf.o)
                0x0800e65c                printf
 .text.putchar  0x0800e684       0x14 d:/ac6/systemworkbench/plugins/fr.ac6.mcu.externaltools.arm-none.win32_1.7.0.201602121829/tools/compiler/bin/../lib/gcc/arm-none-eabi/5.2.1/../../../../arm-none-eabi/lib/armv7e-m/fpu/fpv5-sp-d16\libc.a(lib_a-putchar.o)
                0x0800e684                putchar
 .text._puts_r  0x0800e698       0x64 d:/ac6/systemworkbench/plugins/fr.ac6.mcu.externaltools.arm-none.win32_1.7.0.201602121829/tools/compiler/bin/../lib/gcc/arm-none-eabi/5.2.1/../../../../arm-none-eabi/lib/armv7e-m/fpu/fpv5-sp-d16\libc.a(lib_a-puts.o)
                0x0800e698                _puts_r
 .text.puts     0x0800e6fc       0x10 d:/ac6/systemworkbench/plugins/fr.ac6.mcu.externaltools.arm-none.win32_1.7.0.201602121829/tools/compiler/bin/../lib/gcc/arm-none-eabi/5.2.1/../../../../arm-none-eabi/lib/armv7e-m/fpu/fpv5-sp-d16\libc.a(lib_a-puts.o)
                0x0800e6fc                puts
 *fill*         0x0800e70c        0x4 
 .text._vfprintf_r
                0x0800e710     0x16a0 d:/ac6/systemworkbench/plugins/fr.ac6.mcu.externaltools.arm-none.win32_1.7.0.201602121829/tools/compiler/bin/../lib/gcc/arm-none-eabi/5.2.1/../../../../arm-none-eabi/lib/armv7e-m/fpu/fpv5-sp-d16\libc.a(lib_a-vfprintf.o)
                0x0800e710                _vfprintf_r
 .text.__sbprintf
                0x0800fdb0       0x6c d:/ac6/systemworkbench/plugins/fr.ac6.mcu.externaltools.arm-none.win32_1.7.0.201602121829/tools/compiler/bin/../lib/gcc/arm-none-eabi/5.2.1/../../../../arm-none-eabi/lib/armv7e-m/fpu/fpv5-sp-d16\libc.a(lib_a-vfprintf.o)
 .text.__swsetup_r
                0x0800fe1c       0xc4 d:/ac6/systemworkbench/plugins/fr.ac6.mcu.externaltools.arm-none.win32_1.7.0.201602121829/tools/compiler/bin/../lib/gcc/arm-none-eabi/5.2.1/../../../../arm-none-eabi/lib/armv7e-m/fpu/fpv5-sp-d16\libc.a(lib_a-wsetup.o)
                0x0800fe1c                __swsetup_r
 .text.startup.register_fini
                0x0800fee0       0x14 d:/ac6/systemworkbench/plugins/fr.ac6.mcu.externaltools.arm-none.win32_1.7.0.201602121829/tools/compiler/bin/../lib/gcc/arm-none-eabi/5.2.1/../../../../arm-none-eabi/lib/armv7e-m/fpu/fpv5-sp-d16\libc.a(lib_a-__call_atexit.o)
 .text.atexit   0x0800fef4        0xc d:/ac6/systemworkbench/plugins/fr.ac6.mcu.externaltools.arm-none.win32_1.7.0.201602121829/tools/compiler/bin/../lib/gcc/arm-none-eabi/5.2.1/../../../../arm-none-eabi/lib/armv7e-m/fpu/fpv5-sp-d16\libc.a(lib_a-atexit.o)
                0x0800fef4                atexit
 .text.quorem   0x0800ff00      0x128 d:/ac6/systemworkbench/plugins/fr.ac6.mcu.externaltools.arm-none.win32_1.7.0.201602121829/tools/compiler/bin/../lib/gcc/arm-none-eabi/5.2.1/../../../../arm-none-eabi/lib/armv7e-m/fpu/fpv5-sp-d16\libc.a(lib_a-dtoa.o)
 .text._dtoa_r  0x08010028      0xe34 d:/ac6/systemworkbench/plugins/fr.ac6.mcu.externaltools.arm-none.win32_1.7.0.201602121829/tools/compiler/bin/../lib/gcc/arm-none-eabi/5.2.1/../../../../arm-none-eabi/lib/armv7e-m/fpu/fpv5-sp-d16\libc.a(lib_a-dtoa.o)
                0x08010028                _dtoa_r
 .text.__sflush_r
                0x08010e5c      0x148 d:/ac6/systemworkbench/plugins/fr.ac6.mcu.externaltools.arm-none.win32_1.7.0.201602121829/tools/compiler/bin/../lib/gcc/arm-none-eabi/5.2.1/../../../../arm-none-eabi/lib/armv7e-m/fpu/fpv5-sp-d16\libc.a(lib_a-fflush.o)
                0x08010e5c                __sflush_r
 .text._fflush_r
                0x08010fa4       0x2c d:/ac6/systemworkbench/plugins/fr.ac6.mcu.externaltools.arm-none.win32_1.7.0.201602121829/tools/compiler/bin/../lib/gcc/arm-none-eabi/5.2.1/../../../../arm-none-eabi/lib/armv7e-m/fpu/fpv5-sp-d16\libc.a(lib_a-fflush.o)
                0x08010fa4                _fflush_r
 .text._cleanup_r
                0x08010fd0        0xc d:/ac6/systemworkbench/plugins/fr.ac6.mcu.externaltools.arm-none.win32_1.7.0.201602121829/tools/compiler/bin/../lib/gcc/arm-none-eabi/5.2.1/../../../../arm-none-eabi/lib/armv7e-m/fpu/fpv5-sp-d16\libc.a(lib_a-findfp.o)
                0x08010fd0                _cleanup_r
 .text.__sinit.part.1
                0x08010fdc       0xf0 d:/ac6/systemworkbench/plugins/fr.ac6.mcu.externaltools.arm-none.win32_1.7.0.201602121829/tools/compiler/bin/../lib/gcc/arm-none-eabi/5.2.1/../../../../arm-none-eabi/lib/armv7e-m/fpu/fpv5-sp-d16\libc.a(lib_a-findfp.o)
 .text.__sinit  0x080110cc        0xc d:/ac6/systemworkbench/plugins/fr.ac6.mcu.externaltools.arm-none.win32_1.7.0.201602121829/tools/compiler/bin/../lib/gcc/arm-none-eabi/5.2.1/../../../../arm-none-eabi/lib/armv7e-m/fpu/fpv5-sp-d16\libc.a(lib_a-findfp.o)
                0x080110cc                __sinit
 .text.__sfp_lock_acquire
                0x080110d8        0x4 d:/ac6/systemworkbench/plugins/fr.ac6.mcu.externaltools.arm-none.win32_1.7.0.201602121829/tools/compiler/bin/../lib/gcc/arm-none-eabi/5.2.1/../../../../arm-none-eabi/lib/armv7e-m/fpu/fpv5-sp-d16\libc.a(lib_a-findfp.o)
                0x080110d8                __sfp_lock_acquire
 .text.__sfp_lock_release
                0x080110dc        0x4 d:/ac6/systemworkbench/plugins/fr.ac6.mcu.externaltools.arm-none.win32_1.7.0.201602121829/tools/compiler/bin/../lib/gcc/arm-none-eabi/5.2.1/../../../../arm-none-eabi/lib/armv7e-m/fpu/fpv5-sp-d16\libc.a(lib_a-findfp.o)
                0x080110dc                __sfp_lock_release
 .text.__libc_fini_array
                0x080110e0       0x28 d:/ac6/systemworkbench/plugins/fr.ac6.mcu.externaltools.arm-none.win32_1.7.0.201602121829/tools/compiler/bin/../lib/gcc/arm-none-eabi/5.2.1/../../../../arm-none-eabi/lib/armv7e-m/fpu/fpv5-sp-d16\libc.a(lib_a-fini.o)
                0x080110e0                __libc_fini_array
 .text._malloc_trim_r
                0x08011108       0x9c d:/ac6/systemworkbench/plugins/fr.ac6.mcu.externaltools.arm-none.win32_1.7.0.201602121829/tools/compiler/bin/../lib/gcc/arm-none-eabi/5.2.1/../../../../arm-none-eabi/lib/armv7e-m/fpu/fpv5-sp-d16\libc.a(lib_a-freer.o)
                0x08011108                _malloc_trim_r
 .text._free_r  0x080111a4      0x1d0 d:/ac6/systemworkbench/plugins/fr.ac6.mcu.externaltools.arm-none.win32_1.7.0.201602121829/tools/compiler/bin/../lib/gcc/arm-none-eabi/5.2.1/../../../../arm-none-eabi/lib/armv7e-m/fpu/fpv5-sp-d16\libc.a(lib_a-freer.o)
                0x080111a4                _free_r
 .text.__sfvwrite_r
                0x08011374      0x300 d:/ac6/systemworkbench/plugins/fr.ac6.mcu.externaltools.arm-none.win32_1.7.0.201602121829/tools/compiler/bin/../lib/gcc/arm-none-eabi/5.2.1/../../../../arm-none-eabi/lib/armv7e-m/fpu/fpv5-sp-d16\libc.a(lib_a-fvwrite.o)
                0x08011374                __sfvwrite_r
 .text._fwalk_reent
                0x08011674       0x54 d:/ac6/systemworkbench/plugins/fr.ac6.mcu.externaltools.arm-none.win32_1.7.0.201602121829/tools/compiler/bin/../lib/gcc/arm-none-eabi/5.2.1/../../../../arm-none-eabi/lib/armv7e-m/fpu/fpv5-sp-d16\libc.a(lib_a-fwalk.o)
                0x08011674                _fwalk_reent
 .text.__locale_charset
                0x080116c8        0x8 d:/ac6/systemworkbench/plugins/fr.ac6.mcu.externaltools.arm-none.win32_1.7.0.201602121829/tools/compiler/bin/../lib/gcc/arm-none-eabi/5.2.1/../../../../arm-none-eabi/lib/armv7e-m/fpu/fpv5-sp-d16\libc.a(lib_a-locale.o)
                0x080116c8                __locale_charset
 .text.__locale_mb_cur_max
                0x080116d0        0xc d:/ac6/systemworkbench/plugins/fr.ac6.mcu.externaltools.arm-none.win32_1.7.0.201602121829/tools/compiler/bin/../lib/gcc/arm-none-eabi/5.2.1/../../../../arm-none-eabi/lib/armv7e-m/fpu/fpv5-sp-d16\libc.a(lib_a-locale.o)
                0x080116d0                __locale_mb_cur_max
 .text._localeconv_r
                0x080116dc        0x8 d:/ac6/systemworkbench/plugins/fr.ac6.mcu.externaltools.arm-none.win32_1.7.0.201602121829/tools/compiler/bin/../lib/gcc/arm-none-eabi/5.2.1/../../../../arm-none-eabi/lib/armv7e-m/fpu/fpv5-sp-d16\libc.a(lib_a-locale.o)
                0x080116dc                _localeconv_r
 .text.__smakebuf_r
                0x080116e4       0xe0 d:/ac6/systemworkbench/plugins/fr.ac6.mcu.externaltools.arm-none.win32_1.7.0.201602121829/tools/compiler/bin/../lib/gcc/arm-none-eabi/5.2.1/../../../../arm-none-eabi/lib/armv7e-m/fpu/fpv5-sp-d16\libc.a(lib_a-makebuf.o)
                0x080116e4                __smakebuf_r
 .text._malloc_r
                0x080117c4      0x570 d:/ac6/systemworkbench/plugins/fr.ac6.mcu.externaltools.arm-none.win32_1.7.0.201602121829/tools/compiler/bin/../lib/gcc/arm-none-eabi/5.2.1/../../../../arm-none-eabi/lib/armv7e-m/fpu/fpv5-sp-d16\libc.a(lib_a-mallocr.o)
                0x080117c4                _malloc_r
 .text.memmove  0x08011d34       0xc8 d:/ac6/systemworkbench/plugins/fr.ac6.mcu.externaltools.arm-none.win32_1.7.0.201602121829/tools/compiler/bin/../lib/gcc/arm-none-eabi/5.2.1/../../../../arm-none-eabi/lib/armv7e-m/fpu/fpv5-sp-d16\libc.a(lib_a-memmove.o)
                0x08011d34                memmove
 .text.__malloc_lock
                0x08011dfc        0x4 d:/ac6/systemworkbench/plugins/fr.ac6.mcu.externaltools.arm-none.win32_1.7.0.201602121829/tools/compiler/bin/../lib/gcc/arm-none-eabi/5.2.1/../../../../arm-none-eabi/lib/armv7e-m/fpu/fpv5-sp-d16\libc.a(lib_a-mlock.o)
                0x08011dfc                __malloc_lock
 .text.__malloc_unlock
                0x08011e00        0x4 d:/ac6/systemworkbench/plugins/fr.ac6.mcu.externaltools.arm-none.win32_1.7.0.201602121829/tools/compiler/bin/../lib/gcc/arm-none-eabi/5.2.1/../../../../arm-none-eabi/lib/armv7e-m/fpu/fpv5-sp-d16\libc.a(lib_a-mlock.o)
                0x08011e00                __malloc_unlock
 .text._Balloc  0x08011e04       0x4c d:/ac6/systemworkbench/plugins/fr.ac6.mcu.externaltools.arm-none.win32_1.7.0.201602121829/tools/compiler/bin/../lib/gcc/arm-none-eabi/5.2.1/../../../../arm-none-eabi/lib/armv7e-m/fpu/fpv5-sp-d16\libc.a(lib_a-mprec.o)
                0x08011e04                _Balloc
 .text._Bfree   0x08011e50       0x14 d:/ac6/systemworkbench/plugins/fr.ac6.mcu.externaltools.arm-none.win32_1.7.0.201602121829/tools/compiler/bin/../lib/gcc/arm-none-eabi/5.2.1/../../../../arm-none-eabi/lib/armv7e-m/fpu/fpv5-sp-d16\libc.a(lib_a-mprec.o)
                0x08011e50                _Bfree
 .text.__multadd
                0x08011e64       0x80 d:/ac6/systemworkbench/plugins/fr.ac6.mcu.externaltools.arm-none.win32_1.7.0.201602121829/tools/compiler/bin/../lib/gcc/arm-none-eabi/5.2.1/../../../../arm-none-eabi/lib/armv7e-m/fpu/fpv5-sp-d16\libc.a(lib_a-mprec.o)
                0x08011e64                __multadd
 .text.__hi0bits
                0x08011ee4       0x40 d:/ac6/systemworkbench/plugins/fr.ac6.mcu.externaltools.arm-none.win32_1.7.0.201602121829/tools/compiler/bin/../lib/gcc/arm-none-eabi/5.2.1/../../../../arm-none-eabi/lib/armv7e-m/fpu/fpv5-sp-d16\libc.a(lib_a-mprec.o)
                0x08011ee4                __hi0bits
 .text.__lo0bits
                0x08011f24       0x5c d:/ac6/systemworkbench/plugins/fr.ac6.mcu.externaltools.arm-none.win32_1.7.0.201602121829/tools/compiler/bin/../lib/gcc/arm-none-eabi/5.2.1/../../../../arm-none-eabi/lib/armv7e-m/fpu/fpv5-sp-d16\libc.a(lib_a-mprec.o)
                0x08011f24                __lo0bits
 .text.__i2b    0x08011f80       0x14 d:/ac6/systemworkbench/plugins/fr.ac6.mcu.externaltools.arm-none.win32_1.7.0.201602121829/tools/compiler/bin/../lib/gcc/arm-none-eabi/5.2.1/../../../../arm-none-eabi/lib/armv7e-m/fpu/fpv5-sp-d16\libc.a(lib_a-mprec.o)
                0x08011f80                __i2b
 .text.__multiply
                0x08011f94      0x130 d:/ac6/systemworkbench/plugins/fr.ac6.mcu.externaltools.arm-none.win32_1.7.0.201602121829/tools/compiler/bin/../lib/gcc/arm-none-eabi/5.2.1/../../../../arm-none-eabi/lib/armv7e-m/fpu/fpv5-sp-d16\libc.a(lib_a-mprec.o)
                0x08011f94                __multiply
 .text.__pow5mult
                0x080120c4       0xa0 d:/ac6/systemworkbench/plugins/fr.ac6.mcu.externaltools.arm-none.win32_1.7.0.201602121829/tools/compiler/bin/../lib/gcc/arm-none-eabi/5.2.1/../../../../arm-none-eabi/lib/armv7e-m/fpu/fpv5-sp-d16\libc.a(lib_a-mprec.o)
                0x080120c4                __pow5mult
 .text.__lshift
                0x08012164       0xb0 d:/ac6/systemworkbench/plugins/fr.ac6.mcu.externaltools.arm-none.win32_1.7.0.201602121829/tools/compiler/bin/../lib/gcc/arm-none-eabi/5.2.1/../../../../arm-none-eabi/lib/armv7e-m/fpu/fpv5-sp-d16\libc.a(lib_a-mprec.o)
                0x08012164                __lshift
 .text.__mcmp   0x08012214       0x44 d:/ac6/systemworkbench/plugins/fr.ac6.mcu.externaltools.arm-none.win32_1.7.0.201602121829/tools/compiler/bin/../lib/gcc/arm-none-eabi/5.2.1/../../../../arm-none-eabi/lib/armv7e-m/fpu/fpv5-sp-d16\libc.a(lib_a-mprec.o)
                0x08012214                __mcmp
 .text.__mdiff  0x08012258      0x114 d:/ac6/systemworkbench/plugins/fr.ac6.mcu.externaltools.arm-none.win32_1.7.0.201602121829/tools/compiler/bin/../lib/gcc/arm-none-eabi/5.2.1/../../../../arm-none-eabi/lib/armv7e-m/fpu/fpv5-sp-d16\libc.a(lib_a-mprec.o)
                0x08012258                __mdiff
 .text.__d2b    0x0801236c       0xbc d:/ac6/systemworkbench/plugins/fr.ac6.mcu.externaltools.arm-none.win32_1.7.0.201602121829/tools/compiler/bin/../lib/gcc/arm-none-eabi/5.2.1/../../../../arm-none-eabi/lib/armv7e-m/fpu/fpv5-sp-d16\libc.a(lib_a-mprec.o)
                0x0801236c                __d2b
 .text._putc_r  0x08012428       0x58 d:/ac6/systemworkbench/plugins/fr.ac6.mcu.externaltools.arm-none.win32_1.7.0.201602121829/tools/compiler/bin/../lib/gcc/arm-none-eabi/5.2.1/../../../../arm-none-eabi/lib/armv7e-m/fpu/fpv5-sp-d16\libc.a(lib_a-putc.o)
                0x08012428                _putc_r
 .text._realloc_r
                0x08012480      0x3e0 d:/ac6/systemworkbench/plugins/fr.ac6.mcu.externaltools.arm-none.win32_1.7.0.201602121829/tools/compiler/bin/../lib/gcc/arm-none-eabi/5.2.1/../../../../arm-none-eabi/lib/armv7e-m/fpu/fpv5-sp-d16\libc.a(lib_a-reallocr.o)
                0x08012480                _realloc_r
 .text.__fpclassifyd
                0x08012860       0x5c d:/ac6/systemworkbench/plugins/fr.ac6.mcu.externaltools.arm-none.win32_1.7.0.201602121829/tools/compiler/bin/../lib/gcc/arm-none-eabi/5.2.1/../../../../arm-none-eabi/lib/armv7e-m/fpu/fpv5-sp-d16\libc.a(lib_a-s_fpclassify.o)
                0x08012860                __fpclassifyd
 .text._sbrk_r  0x080128bc       0x24 d:/ac6/systemworkbench/plugins/fr.ac6.mcu.externaltools.arm-none.win32_1.7.0.201602121829/tools/compiler/bin/../lib/gcc/arm-none-eabi/5.2.1/../../../../arm-none-eabi/lib/armv7e-m/fpu/fpv5-sp-d16\libc.a(lib_a-sbrkr.o)
                0x080128bc                _sbrk_r
 .text.__sread  0x080128e0       0x24 d:/ac6/systemworkbench/plugins/fr.ac6.mcu.externaltools.arm-none.win32_1.7.0.201602121829/tools/compiler/bin/../lib/gcc/arm-none-eabi/5.2.1/../../../../arm-none-eabi/lib/armv7e-m/fpu/fpv5-sp-d16\libc.a(lib_a-stdio.o)
                0x080128e0                __sread
 .text.__swrite
                0x08012904       0x38 d:/ac6/systemworkbench/plugins/fr.ac6.mcu.externaltools.arm-none.win32_1.7.0.201602121829/tools/compiler/bin/../lib/gcc/arm-none-eabi/5.2.1/../../../../arm-none-eabi/lib/armv7e-m/fpu/fpv5-sp-d16\libc.a(lib_a-stdio.o)
                0x08012904                __swrite
 .text.__sseek  0x0801293c       0x20 d:/ac6/systemworkbench/plugins/fr.ac6.mcu.externaltools.arm-none.win32_1.7.0.201602121829/tools/compiler/bin/../lib/gcc/arm-none-eabi/5.2.1/../../../../arm-none-eabi/lib/armv7e-m/fpu/fpv5-sp-d16\libc.a(lib_a-stdio.o)
                0x0801293c                __sseek
 .text.__sclose
                0x0801295c        0x8 d:/ac6/systemworkbench/plugins/fr.ac6.mcu.externaltools.arm-none.win32_1.7.0.201602121829/tools/compiler/bin/../lib/gcc/arm-none-eabi/5.2.1/../../../../arm-none-eabi/lib/armv7e-m/fpu/fpv5-sp-d16\libc.a(lib_a-stdio.o)
                0x0801295c                __sclose
 .text.__sprint_r.part.0
                0x08012964       0x78 d:/ac6/systemworkbench/plugins/fr.ac6.mcu.externaltools.arm-none.win32_1.7.0.201602121829/tools/compiler/bin/../lib/gcc/arm-none-eabi/5.2.1/../../../../arm-none-eabi/lib/armv7e-m/fpu/fpv5-sp-d16\libc.a(lib_a-vfiprintf.o)
 .text.__sprint_r
                0x080129dc       0x14 d:/ac6/systemworkbench/plugins/fr.ac6.mcu.externaltools.arm-none.win32_1.7.0.201602121829/tools/compiler/bin/../lib/gcc/arm-none-eabi/5.2.1/../../../../arm-none-eabi/lib/armv7e-m/fpu/fpv5-sp-d16\libc.a(lib_a-vfiprintf.o)
                0x080129dc                __sprint_r
 .text.__swbuf_r
                0x080129f0       0xa8 d:/ac6/systemworkbench/plugins/fr.ac6.mcu.externaltools.arm-none.win32_1.7.0.201602121829/tools/compiler/bin/../lib/gcc/arm-none-eabi/5.2.1/../../../../arm-none-eabi/lib/armv7e-m/fpu/fpv5-sp-d16\libc.a(lib_a-wbuf.o)
                0x080129f0                __swbuf_r
 .text._write_r
                0x08012a98       0x2c d:/ac6/systemworkbench/plugins/fr.ac6.mcu.externaltools.arm-none.win32_1.7.0.201602121829/tools/compiler/bin/../lib/gcc/arm-none-eabi/5.2.1/../../../../arm-none-eabi/lib/armv7e-m/fpu/fpv5-sp-d16\libc.a(lib_a-writer.o)
                0x08012a98                _write_r
 .text.__register_exitproc
                0x08012ac4       0xa4 d:/ac6/systemworkbench/plugins/fr.ac6.mcu.externaltools.arm-none.win32_1.7.0.201602121829/tools/compiler/bin/../lib/gcc/arm-none-eabi/5.2.1/../../../../arm-none-eabi/lib/armv7e-m/fpu/fpv5-sp-d16\libc.a(lib_a-__atexit.o)
                0x08012ac4                __register_exitproc
 .text._calloc_r
                0x08012b68       0x60 d:/ac6/systemworkbench/plugins/fr.ac6.mcu.externaltools.arm-none.win32_1.7.0.201602121829/tools/compiler/bin/../lib/gcc/arm-none-eabi/5.2.1/../../../../arm-none-eabi/lib/armv7e-m/fpu/fpv5-sp-d16\libc.a(lib_a-callocr.o)
                0x08012b68                _calloc_r
 .text._close_r
                0x08012bc8       0x24 d:/ac6/systemworkbench/plugins/fr.ac6.mcu.externaltools.arm-none.win32_1.7.0.201602121829/tools/compiler/bin/../lib/gcc/arm-none-eabi/5.2.1/../../../../arm-none-eabi/lib/armv7e-m/fpu/fpv5-sp-d16\libc.a(lib_a-closer.o)
                0x08012bc8                _close_r
 .text._fclose_r
                0x08012bec       0x84 d:/ac6/systemworkbench/plugins/fr.ac6.mcu.externaltools.arm-none.win32_1.7.0.201602121829/tools/compiler/bin/../lib/gcc/arm-none-eabi/5.2.1/../../../../arm-none-eabi/lib/armv7e-m/fpu/fpv5-sp-d16\libc.a(lib_a-fclose.o)
                0x08012bec                _fclose_r
 .text.__fputwc
                0x08012c70       0xb0 d:/ac6/systemworkbench/plugins/fr.ac6.mcu.externaltools.arm-none.win32_1.7.0.201602121829/tools/compiler/bin/../lib/gcc/arm-none-eabi/5.2.1/../../../../arm-none-eabi/lib/armv7e-m/fpu/fpv5-sp-d16\libc.a(lib_a-fputwc.o)
                0x08012c70                __fputwc
 .text._fputwc_r
                0x08012d20       0x24 d:/ac6/systemworkbench/plugins/fr.ac6.mcu.externaltools.arm-none.win32_1.7.0.201602121829/tools/compiler/bin/../lib/gcc/arm-none-eabi/5.2.1/../../../../arm-none-eabi/lib/armv7e-m/fpu/fpv5-sp-d16\libc.a(lib_a-fputwc.o)
                0x08012d20                _fputwc_r
 .text._fstat_r
                0x08012d44       0x28 d:/ac6/systemworkbench/plugins/fr.ac6.mcu.externaltools.arm-none.win32_1.7.0.201602121829/tools/compiler/bin/../lib/gcc/arm-none-eabi/5.2.1/../../../../arm-none-eabi/lib/armv7e-m/fpu/fpv5-sp-d16\libc.a(lib_a-fstatr.o)
                0x08012d44                _fstat_r
 .text._isatty_r
                0x08012d6c       0x24 d:/ac6/systemworkbench/plugins/fr.ac6.mcu.externaltools.arm-none.win32_1.7.0.201602121829/tools/compiler/bin/../lib/gcc/arm-none-eabi/5.2.1/../../../../arm-none-eabi/lib/armv7e-m/fpu/fpv5-sp-d16\libc.a(lib_a-isattyr.o)
                0x08012d6c                _isatty_r
 .text._lseek_r
                0x08012d90       0x2c d:/ac6/systemworkbench/plugins/fr.ac6.mcu.externaltools.arm-none.win32_1.7.0.201602121829/tools/compiler/bin/../lib/gcc/arm-none-eabi/5.2.1/../../../../arm-none-eabi/lib/armv7e-m/fpu/fpv5-sp-d16\libc.a(lib_a-lseekr.o)
                0x08012d90                _lseek_r
 .text._read_r  0x08012dbc       0x2c d:/ac6/systemworkbench/plugins/fr.ac6.mcu.externaltools.arm-none.win32_1.7.0.201602121829/tools/compiler/bin/../lib/gcc/arm-none-eabi/5.2.1/../../../../arm-none-eabi/lib/armv7e-m/fpu/fpv5-sp-d16\libc.a(lib_a-readr.o)
                0x08012dbc                _read_r
 .text._wcrtomb_r
                0x08012de8       0x54 d:/ac6/systemworkbench/plugins/fr.ac6.mcu.externaltools.arm-none.win32_1.7.0.201602121829/tools/compiler/bin/../lib/gcc/arm-none-eabi/5.2.1/../../../../arm-none-eabi/lib/armv7e-m/fpu/fpv5-sp-d16\libc.a(lib_a-wcrtomb.o)
                0x08012de8                _wcrtomb_r
 .text.__ascii_wctomb
                0x08012e3c       0x1c d:/ac6/systemworkbench/plugins/fr.ac6.mcu.externaltools.arm-none.win32_1.7.0.201602121829/tools/compiler/bin/../lib/gcc/arm-none-eabi/5.2.1/../../../../arm-none-eabi/lib/armv7e-m/fpu/fpv5-sp-d16\libc.a(lib_a-wctomb_r.o)
                0x08012e3c                __ascii_wctomb
 .text.tan      0x08012e58       0x70 d:/ac6/systemworkbench/plugins/fr.ac6.mcu.externaltools.arm-none.win32_1.7.0.201602121829/tools/compiler/bin/../lib/gcc/arm-none-eabi/5.2.1/../../../../arm-none-eabi/lib/armv7e-m/fpu/fpv5-sp-d16\libm.a(lib_a-s_tan.o)
                0x08012e58                tan
 .text.__ieee754_rem_pio2
                0x08012ec8      0x44c d:/ac6/systemworkbench/plugins/fr.ac6.mcu.externaltools.arm-none.win32_1.7.0.201602121829/tools/compiler/bin/../lib/gcc/arm-none-eabi/5.2.1/../../../../arm-none-eabi/lib/armv7e-m/fpu/fpv5-sp-d16\libm.a(lib_a-e_rem_pio2.o)
                0x08012ec8                __ieee754_rem_pio2
 *fill*         0x08013314        0x4 
 .text.__kernel_rem_pio2
                0x08013318      0x820 d:/ac6/systemworkbench/plugins/fr.ac6.mcu.externaltools.arm-none.win32_1.7.0.201602121829/tools/compiler/bin/../lib/gcc/arm-none-eabi/5.2.1/../../../../arm-none-eabi/lib/armv7e-m/fpu/fpv5-sp-d16\libm.a(lib_a-k_rem_pio2.o)
                0x08013318                __kernel_rem_pio2
 .text.__kernel_tan
                0x08013b38      0x3c8 d:/ac6/systemworkbench/plugins/fr.ac6.mcu.externaltools.arm-none.win32_1.7.0.201602121829/tools/compiler/bin/../lib/gcc/arm-none-eabi/5.2.1/../../../../arm-none-eabi/lib/armv7e-m/fpu/fpv5-sp-d16\libm.a(lib_a-k_tan.o)
                0x08013b38                __kernel_tan
 .text.fabs     0x08013f00       0x10 d:/ac6/systemworkbench/plugins/fr.ac6.mcu.externaltools.arm-none.win32_1.7.0.201602121829/tools/compiler/bin/../lib/gcc/arm-none-eabi/5.2.1/../../../../arm-none-eabi/lib/armv7e-m/fpu/fpv5-sp-d16\libm.a(lib_a-s_fabs.o)
                0x08013f00                fabs
 .text.floor    0x08013f10      0x120 d:/ac6/systemworkbench/plugins/fr.ac6.mcu.externaltools.arm-none.win32_1.7.0.201602121829/tools/compiler/bin/../lib/gcc/arm-none-eabi/5.2.1/../../../../arm-none-eabi/lib/armv7e-m/fpu/fpv5-sp-d16\libm.a(lib_a-s_floor.o)
                0x08013f10                floor
 .text.scalbn   0x08014030      0x10c d:/ac6/systemworkbench/plugins/fr.ac6.mcu.externaltools.arm-none.win32_1.7.0.201602121829/tools/compiler/bin/../lib/gcc/arm-none-eabi/5.2.1/../../../../arm-none-eabi/lib/armv7e-m/fpu/fpv5-sp-d16\libm.a(lib_a-s_scalbn.o)
                0x08014030                scalbn
 .text.copysign
                0x0801413c       0x1c d:/ac6/systemworkbench/plugins/fr.ac6.mcu.externaltools.arm-none.win32_1.7.0.201602121829/tools/compiler/bin/../lib/gcc/arm-none-eabi/5.2.1/../../../../arm-none-eabi/lib/armv7e-m/fpu/fpv5-sp-d16\libm.a(lib_a-s_copysign.o)
                0x0801413c                copysign
 *(.glue_7)
 .glue_7        0x08014158        0x0 linker stubs
 *(.glue_7t)
 .glue_7t       0x08014158        0x0 linker stubs
 *(.eh_frame)
 .eh_frame      0x08014158        0x0 d:/ac6/systemworkbench/plugins/fr.ac6.mcu.externaltools.arm-none.win32_1.7.0.201602121829/tools/compiler/bin/../lib/gcc/arm-none-eabi/5.2.1/armv7e-m/fpu/fpv5-sp-d16/crtbegin.o
 *(.init)
 .init          0x08014158        0x4 d:/ac6/systemworkbench/plugins/fr.ac6.mcu.externaltools.arm-none.win32_1.7.0.201602121829/tools/compiler/bin/../lib/gcc/arm-none-eabi/5.2.1/armv7e-m/fpu/fpv5-sp-d16/crti.o
                0x08014158                _init
 .init          0x0801415c        0x8 d:/ac6/systemworkbench/plugins/fr.ac6.mcu.externaltools.arm-none.win32_1.7.0.201602121829/tools/compiler/bin/../lib/gcc/arm-none-eabi/5.2.1/armv7e-m/fpu/fpv5-sp-d16/crtn.o
 *(.fini)
 .fini          0x08014164        0x4 d:/ac6/systemworkbench/plugins/fr.ac6.mcu.externaltools.arm-none.win32_1.7.0.201602121829/tools/compiler/bin/../lib/gcc/arm-none-eabi/5.2.1/armv7e-m/fpu/fpv5-sp-d16/crti.o
                0x08014164                _fini
 .fini          0x08014168        0x8 d:/ac6/systemworkbench/plugins/fr.ac6.mcu.externaltools.arm-none.win32_1.7.0.201602121829/tools/compiler/bin/../lib/gcc/arm-none-eabi/5.2.1/armv7e-m/fpu/fpv5-sp-d16/crtn.o
                0x08014170                . = ALIGN (0x4)
                0x08014170                _etext = .

.vfp11_veneer   0x08014170        0x0
 .vfp11_veneer  0x08014170        0x0 linker stubs

.v4_bx          0x08014170        0x0
 .v4_bx         0x08014170        0x0 linker stubs

.iplt           0x08014170        0x0
 .iplt          0x08014170        0x0 d:/ac6/systemworkbench/plugins/fr.ac6.mcu.externaltools.arm-none.win32_1.7.0.201602121829/tools/compiler/bin/../lib/gcc/arm-none-eabi/5.2.1/armv7e-m/fpu/fpv5-sp-d16/crtbegin.o

.rodata         0x08014170      0x588
                0x08014170                . = ALIGN (0x4)
 *(.rodata)
 .rodata        0x08014170       0x18 Drivers/CMSIS/Device/ST/STM32F7xx/Source/Templates/system_stm32f7xx.o
                0x08014170                AHBPrescTable
                0x08014180                APBPrescTable
 .rodata        0x08014188        0x8 Drivers/STM32F7xx_HAL_Driver/Src/stm32f7xx_hal_dma.o
 .rodata        0x08014190       0x11 Drivers/STM32F7xx_HAL_Driver/Src/stm32f7xx_hal_uart.o
 *fill*         0x080141a1        0x3 
 .rodata        0x080141a4       0x50 src/main.o
 *(.rodata*)
 .rodata.str1.1
                0x080141f4        0x0 Middlewares/Third_Party/FreeRTOS/Source/CMSIS_RTOS/cmsis_os.o
                                  0x1 (size before relaxing)
 .rodata.str1.1
                0x080141f4        0x5 Middlewares/Third_Party/FreeRTOS/Source/tasks.o
 .rodata.str1.1
                0x080141f9        0xd Middlewares/Third_Party/FreeRTOS/Source/timers.o
 .rodata.str1.1
                0x08014206       0x22 src/dac.o
 .rodata.str1.1
                0x08014228      0x16f src/main.o
 *fill*         0x08014397        0x1 
 .rodata.str1.4
                0x08014398        0x2 d:/ac6/systemworkbench/plugins/fr.ac6.mcu.externaltools.arm-none.win32_1.7.0.201602121829/tools/compiler/bin/../lib/gcc/arm-none-eabi/5.2.1/../../../../arm-none-eabi/lib/armv7e-m/fpu/fpv5-sp-d16\libc.a(lib_a-impure.o)
 *fill*         0x0801439a        0x2 
 .rodata._global_impure_ptr
                0x0801439c        0x4 d:/ac6/systemworkbench/plugins/fr.ac6.mcu.externaltools.arm-none.win32_1.7.0.201602121829/tools/compiler/bin/../lib/gcc/arm-none-eabi/5.2.1/../../../../arm-none-eabi/lib/armv7e-m/fpu/fpv5-sp-d16\libc.a(lib_a-impure.o)
                0x0801439c                _global_impure_ptr
 .rodata.str1.4
                0x080143a0        0x2 d:/ac6/systemworkbench/plugins/fr.ac6.mcu.externaltools.arm-none.win32_1.7.0.201602121829/tools/compiler/bin/../lib/gcc/arm-none-eabi/5.2.1/../../../../arm-none-eabi/lib/armv7e-m/fpu/fpv5-sp-d16\libc.a(lib_a-puts.o)
 *fill*         0x080143a2        0x2 
 .rodata.zeroes.7025
                0x080143a4       0x10 d:/ac6/systemworkbench/plugins/fr.ac6.mcu.externaltools.arm-none.win32_1.7.0.201602121829/tools/compiler/bin/../lib/gcc/arm-none-eabi/5.2.1/../../../../arm-none-eabi/lib/armv7e-m/fpu/fpv5-sp-d16\libc.a(lib_a-vfprintf.o)
 .rodata.blanks.7024
                0x080143b4       0x10 d:/ac6/systemworkbench/plugins/fr.ac6.mcu.externaltools.arm-none.win32_1.7.0.201602121829/tools/compiler/bin/../lib/gcc/arm-none-eabi/5.2.1/../../../../arm-none-eabi/lib/armv7e-m/fpu/fpv5-sp-d16\libc.a(lib_a-vfprintf.o)
 .rodata.str1.4
                0x080143c4       0x42 d:/ac6/systemworkbench/plugins/fr.ac6.mcu.externaltools.arm-none.win32_1.7.0.201602121829/tools/compiler/bin/../lib/gcc/arm-none-eabi/5.2.1/../../../../arm-none-eabi/lib/armv7e-m/fpu/fpv5-sp-d16\libc.a(lib_a-vfprintf.o)
 *fill*         0x08014406        0x2 
 .rodata.str1.4
                0x08014408       0x10 d:/ac6/systemworkbench/plugins/fr.ac6.mcu.externaltools.arm-none.win32_1.7.0.201602121829/tools/compiler/bin/../lib/gcc/arm-none-eabi/5.2.1/../../../../arm-none-eabi/lib/armv7e-m/fpu/fpv5-sp-d16\libc.a(lib_a-dtoa.o)
                                 0x12 (size before relaxing)
 .rodata.str1.4
                0x08014418        0xc d:/ac6/systemworkbench/plugins/fr.ac6.mcu.externaltools.arm-none.win32_1.7.0.201602121829/tools/compiler/bin/../lib/gcc/arm-none-eabi/5.2.1/../../../../arm-none-eabi/lib/armv7e-m/fpu/fpv5-sp-d16\libc.a(lib_a-locale.o)
                                 0x12 (size before relaxing)
 .rodata.p05.5404
                0x08014424        0xc d:/ac6/systemworkbench/plugins/fr.ac6.mcu.externaltools.arm-none.win32_1.7.0.201602121829/tools/compiler/bin/../lib/gcc/arm-none-eabi/5.2.1/../../../../arm-none-eabi/lib/armv7e-m/fpu/fpv5-sp-d16\libc.a(lib_a-mprec.o)
 .rodata.__mprec_tens
                0x08014430       0xc8 d:/ac6/systemworkbench/plugins/fr.ac6.mcu.externaltools.arm-none.win32_1.7.0.201602121829/tools/compiler/bin/../lib/gcc/arm-none-eabi/5.2.1/../../../../arm-none-eabi/lib/armv7e-m/fpu/fpv5-sp-d16\libc.a(lib_a-mprec.o)
                0x08014430                __mprec_tens
 .rodata.__mprec_bigtens
                0x080144f8       0x28 d:/ac6/systemworkbench/plugins/fr.ac6.mcu.externaltools.arm-none.win32_1.7.0.201602121829/tools/compiler/bin/../lib/gcc/arm-none-eabi/5.2.1/../../../../arm-none-eabi/lib/armv7e-m/fpu/fpv5-sp-d16\libc.a(lib_a-mprec.o)
                0x080144f8                __mprec_bigtens
 .rodata.npio2_hw
                0x08014520       0x80 d:/ac6/systemworkbench/plugins/fr.ac6.mcu.externaltools.arm-none.win32_1.7.0.201602121829/tools/compiler/bin/../lib/gcc/arm-none-eabi/5.2.1/../../../../arm-none-eabi/lib/armv7e-m/fpu/fpv5-sp-d16\libm.a(lib_a-e_rem_pio2.o)
 .rodata.two_over_pi
                0x080145a0      0x108 d:/ac6/systemworkbench/plugins/fr.ac6.mcu.externaltools.arm-none.win32_1.7.0.201602121829/tools/compiler/bin/../lib/gcc/arm-none-eabi/5.2.1/../../../../arm-none-eabi/lib/armv7e-m/fpu/fpv5-sp-d16\libm.a(lib_a-e_rem_pio2.o)
 .rodata.init_jk
                0x080146a8       0x10 d:/ac6/systemworkbench/plugins/fr.ac6.mcu.externaltools.arm-none.win32_1.7.0.201602121829/tools/compiler/bin/../lib/gcc/arm-none-eabi/5.2.1/../../../../arm-none-eabi/lib/armv7e-m/fpu/fpv5-sp-d16\libm.a(lib_a-k_rem_pio2.o)
 .rodata.PIo2   0x080146b8       0x40 d:/ac6/systemworkbench/plugins/fr.ac6.mcu.externaltools.arm-none.win32_1.7.0.201602121829/tools/compiler/bin/../lib/gcc/arm-none-eabi/5.2.1/../../../../arm-none-eabi/lib/armv7e-m/fpu/fpv5-sp-d16\libm.a(lib_a-k_rem_pio2.o)
                0x080146f8                . = ALIGN (0x4)

.ARM.extab
 *(.ARM.extab* .gnu.linkonce.armextab.*)

.ARM            0x080146f8        0x8
                0x080146f8                __exidx_start = .
 *(.ARM.exidx*)
 .ARM.exidx     0x080146f8        0x8 d:/ac6/systemworkbench/plugins/fr.ac6.mcu.externaltools.arm-none.win32_1.7.0.201602121829/tools/compiler/bin/../lib/gcc/arm-none-eabi/5.2.1/armv7e-m/fpu/fpv5-sp-d16\libgcc.a(_udivmoddi4.o)
                0x08014700                __exidx_end = .

.rel.dyn        0x08014700        0x0
 .rel.iplt      0x08014700        0x0 d:/ac6/systemworkbench/plugins/fr.ac6.mcu.externaltools.arm-none.win32_1.7.0.201602121829/tools/compiler/bin/../lib/gcc/arm-none-eabi/5.2.1/armv7e-m/fpu/fpv5-sp-d16/crtbegin.o

.preinit_array  0x08014700        0x0
                0x08014700                PROVIDE (__preinit_array_start, .)
 *(.preinit_array*)
                0x08014700                PROVIDE (__preinit_array_end, .)

.init_array     0x08014700        0x8
                0x08014700                PROVIDE (__init_array_start, .)
 *(SORT(.init_array.*))
 .init_array.00000
                0x08014700        0x4 d:/ac6/systemworkbench/plugins/fr.ac6.mcu.externaltools.arm-none.win32_1.7.0.201602121829/tools/compiler/bin/../lib/gcc/arm-none-eabi/5.2.1/../../../../arm-none-eabi/lib/armv7e-m/fpu/fpv5-sp-d16\libc.a(lib_a-__call_atexit.o)
 *(.init_array*)
 .init_array    0x08014704        0x4 d:/ac6/systemworkbench/plugins/fr.ac6.mcu.externaltools.arm-none.win32_1.7.0.201602121829/tools/compiler/bin/../lib/gcc/arm-none-eabi/5.2.1/armv7e-m/fpu/fpv5-sp-d16/crtbegin.o
                0x08014708                PROVIDE (__init_array_end, .)

.fini_array     0x08014708        0x4
                0x08014708                PROVIDE (__fini_array_start, .)
 *(SORT(.fini_array.*))
 *(.fini_array*)
 .fini_array    0x08014708        0x4 d:/ac6/systemworkbench/plugins/fr.ac6.mcu.externaltools.arm-none.win32_1.7.0.201602121829/tools/compiler/bin/../lib/gcc/arm-none-eabi/5.2.1/armv7e-m/fpu/fpv5-sp-d16/crtbegin.o
                0x0801470c                PROVIDE (__fini_array_end, .)
                0x0801470c                _sidata = LOADADDR (.data)

.data           0x20000000      0x8a4 load address 0x0801470c
                0x20000000                . = ALIGN (0x4)
                0x20000000                _sdata = .
 *(.data)
 .data          0x20000000        0x4 Drivers/CMSIS/Device/ST/STM32F7xx/Source/Templates/system_stm32f7xx.o
                0x20000000                SystemCoreClock
 .data          0x20000004        0x4 Middlewares/Third_Party/FreeRTOS/Source/portable/GCC/ARM_CM7/r0p1/port.o
 *(.data*)
 .data.impure_data
                0x20000008      0x428 d:/ac6/systemworkbench/plugins/fr.ac6.mcu.externaltools.arm-none.win32_1.7.0.201602121829/tools/compiler/bin/../lib/gcc/arm-none-eabi/5.2.1/../../../../arm-none-eabi/lib/armv7e-m/fpu/fpv5-sp-d16\libc.a(lib_a-impure.o)
 .data._impure_ptr
                0x20000430        0x4 d:/ac6/systemworkbench/plugins/fr.ac6.mcu.externaltools.arm-none.win32_1.7.0.201602121829/tools/compiler/bin/../lib/gcc/arm-none-eabi/5.2.1/../../../../arm-none-eabi/lib/armv7e-m/fpu/fpv5-sp-d16\libc.a(lib_a-impure.o)
                0x20000430                _impure_ptr
 .data.lconv    0x20000434       0x38 d:/ac6/systemworkbench/plugins/fr.ac6.mcu.externaltools.arm-none.win32_1.7.0.201602121829/tools/compiler/bin/../lib/gcc/arm-none-eabi/5.2.1/../../../../arm-none-eabi/lib/armv7e-m/fpu/fpv5-sp-d16\libc.a(lib_a-locale.o)
 .data.lc_ctype_charset
                0x2000046c       0x20 d:/ac6/systemworkbench/plugins/fr.ac6.mcu.externaltools.arm-none.win32_1.7.0.201602121829/tools/compiler/bin/../lib/gcc/arm-none-eabi/5.2.1/../../../../arm-none-eabi/lib/armv7e-m/fpu/fpv5-sp-d16\libc.a(lib_a-locale.o)
 .data.__mb_cur_max
                0x2000048c        0x4 d:/ac6/systemworkbench/plugins/fr.ac6.mcu.externaltools.arm-none.win32_1.7.0.201602121829/tools/compiler/bin/../lib/gcc/arm-none-eabi/5.2.1/../../../../arm-none-eabi/lib/armv7e-m/fpu/fpv5-sp-d16\libc.a(lib_a-locale.o)
                0x2000048c                __mb_cur_max
 .data.__malloc_av_
                0x20000490      0x408 d:/ac6/systemworkbench/plugins/fr.ac6.mcu.externaltools.arm-none.win32_1.7.0.201602121829/tools/compiler/bin/../lib/gcc/arm-none-eabi/5.2.1/../../../../arm-none-eabi/lib/armv7e-m/fpu/fpv5-sp-d16\libc.a(lib_a-mallocr.o)
                0x20000490                __malloc_av_
 .data.__malloc_trim_threshold
                0x20000898        0x4 d:/ac6/systemworkbench/plugins/fr.ac6.mcu.externaltools.arm-none.win32_1.7.0.201602121829/tools/compiler/bin/../lib/gcc/arm-none-eabi/5.2.1/../../../../arm-none-eabi/lib/armv7e-m/fpu/fpv5-sp-d16\libc.a(lib_a-mallocr.o)
                0x20000898                __malloc_trim_threshold
 .data.__malloc_sbrk_base
                0x2000089c        0x4 d:/ac6/systemworkbench/plugins/fr.ac6.mcu.externaltools.arm-none.win32_1.7.0.201602121829/tools/compiler/bin/../lib/gcc/arm-none-eabi/5.2.1/../../../../arm-none-eabi/lib/armv7e-m/fpu/fpv5-sp-d16\libc.a(lib_a-mallocr.o)
                0x2000089c                __malloc_sbrk_base
 .data.__wctomb
                0x200008a0        0x4 d:/ac6/systemworkbench/plugins/fr.ac6.mcu.externaltools.arm-none.win32_1.7.0.201602121829/tools/compiler/bin/../lib/gcc/arm-none-eabi/5.2.1/../../../../arm-none-eabi/lib/armv7e-m/fpu/fpv5-sp-d16\libc.a(lib_a-wctomb_r.o)
                0x200008a0                __wctomb
                0x200008a4                . = ALIGN (0x4)
                0x200008a4                _edata = .

.jcr            0x200008a4        0x0 load address 0x08014fb0
 .jcr           0x200008a4        0x0 d:/ac6/systemworkbench/plugins/fr.ac6.mcu.externaltools.arm-none.win32_1.7.0.201602121829/tools/compiler/bin/../lib/gcc/arm-none-eabi/5.2.1/armv7e-m/fpu/fpv5-sp-d16/crtbegin.o

.tm_clone_table
                0x200008a4        0x0 load address 0x08014fb0
 .tm_clone_table
                0x200008a4        0x0 d:/ac6/systemworkbench/plugins/fr.ac6.mcu.externaltools.arm-none.win32_1.7.0.201602121829/tools/compiler/bin/../lib/gcc/arm-none-eabi/5.2.1/armv7e-m/fpu/fpv5-sp-d16/crtbegin.o
 .tm_clone_table
                0x200008a4        0x0 d:/ac6/systemworkbench/plugins/fr.ac6.mcu.externaltools.arm-none.win32_1.7.0.201602121829/tools/compiler/bin/../lib/gcc/arm-none-eabi/5.2.1/armv7e-m/fpu/fpv5-sp-d16/crtend.o

.igot.plt       0x200008a4        0x0 load address 0x08014fb0
 .igot.plt      0x200008a4        0x0 d:/ac6/systemworkbench/plugins/fr.ac6.mcu.externaltools.arm-none.win32_1.7.0.201602121829/tools/compiler/bin/../lib/gcc/arm-none-eabi/5.2.1/armv7e-m/fpu/fpv5-sp-d16/crtbegin.o
                0x200008a4                . = ALIGN (0x4)

.bss            0x200008a4     0x42b4 load address 0x08014fb0
                0x200008a4                _sbss = .
                0x200008a4                __bss_start__ = _sbss
 *(.bss)
 .bss           0x200008a4       0x1c d:/ac6/systemworkbench/plugins/fr.ac6.mcu.externaltools.arm-none.win32_1.7.0.201602121829/tools/compiler/bin/../lib/gcc/arm-none-eabi/5.2.1/armv7e-m/fpu/fpv5-sp-d16/crtbegin.o
 .bss           0x200008c0      0x128 Middlewares/Third_Party/FreeRTOS/Source/tasks.o
                0x200008c8                pxCurrentTCB
 .bss           0x200009e8       0x38 Middlewares/Third_Party/FreeRTOS/Source/timers.o
 .bss           0x20000a20        0x8 Middlewares/Third_Party/FreeRTOS/Source/portable/GCC/ARM_CM7/r0p1/port.o
 .bss           0x20000a28     0x3c18 Middlewares/Third_Party/FreeRTOS/Source/portable/MemMang/heap_4.o
 .bss           0x20004640        0x4 src/digital.o
                0x20004640                ulEncoderTaskCount
 .bss           0x20004644       0x1c src/main.o
                0x20004644                ulAdcAcqTaskCount
 .bss           0x20004660        0x8 src/stm32f7xx_hal_msp.o
 .bss           0x20004668        0x8 src/syscalls.o
                0x2000466c                __env
 .bss           0x20004670       0x58 src/wheel_encoder.o
                0x20004698                pulDiffCapture
                0x200046a8                pfEncoderFreq
                0x200046b8                pulFrequency
 *(.bss*)
 .bss.__malloc_max_total_mem
                0x200046c8        0x4 d:/ac6/systemworkbench/plugins/fr.ac6.mcu.externaltools.arm-none.win32_1.7.0.201602121829/tools/compiler/bin/../lib/gcc/arm-none-eabi/5.2.1/../../../../arm-none-eabi/lib/armv7e-m/fpu/fpv5-sp-d16\libc.a(lib_a-mallocr.o)
                0x200046c8                __malloc_max_total_mem
 .bss.__malloc_max_sbrked_mem
                0x200046cc        0x4 d:/ac6/systemworkbench/plugins/fr.ac6.mcu.externaltools.arm-none.win32_1.7.0.201602121829/tools/compiler/bin/../lib/gcc/arm-none-eabi/5.2.1/../../../../arm-none-eabi/lib/armv7e-m/fpu/fpv5-sp-d16\libc.a(lib_a-mallocr.o)
                0x200046cc                __malloc_max_sbrked_mem
 .bss.__malloc_top_pad
                0x200046d0        0x4 d:/ac6/systemworkbench/plugins/fr.ac6.mcu.externaltools.arm-none.win32_1.7.0.201602121829/tools/compiler/bin/../lib/gcc/arm-none-eabi/5.2.1/../../../../arm-none-eabi/lib/armv7e-m/fpu/fpv5-sp-d16\libc.a(lib_a-mallocr.o)
                0x200046d0                __malloc_top_pad
 .bss.__malloc_current_mallinfo
                0x200046d4       0x28 d:/ac6/systemworkbench/plugins/fr.ac6.mcu.externaltools.arm-none.win32_1.7.0.201602121829/tools/compiler/bin/../lib/gcc/arm-none-eabi/5.2.1/../../../../arm-none-eabi/lib/armv7e-m/fpu/fpv5-sp-d16\libc.a(lib_a-mallocr.o)
                0x200046d4                __malloc_current_mallinfo
 *(COMMON)
 COMMON         0x200046fc        0x4 Drivers/STM32F7xx_HAL_Driver/Src/stm32f7xx_hal.o
                0x200046fc                uwTick
 COMMON         0x20004700       0x40 Middlewares/Third_Party/FreeRTOS/Source/queue.o
                0x20004700                xQueueRegistry
 COMMON         0x20004740       0x10 src/digital.o
                0x20004740                osEncoderAcqTaskHandle
                0x20004744                osDigitalInOutTaskHandle
                0x20004748                pucDigitalInput
                0x2000474c                pusAbsoluteEncoder
 COMMON         0x20004750      0x3c8 src/main.o
                0x20004750                usAdc1Value
                0x20004754                defaultTaskHandle
                0x20004758                xIwdgHandle
                0x20004768                hadc2
                0x200047b0                osAdcAcqTaskHandle
                0x200047b4                hdma_adc3
                0x20004814                hsram1
                0x20004860                hadc1
                0x200048a8                tSystermFlag
                0x200048ac                hadc3
                0x200048f4                osBusMutex
                0x200048f8                xConsoleHandle
                0x20004968                hdma_adc1
                0x200049c8                xBluetoothHandle
                0x20004a38                usAdc2Value
                0x20004a3c                osUserTaskHandle
                0x20004a40                huart4
                0x20004ab0                hdma_adc2
                0x20004b10                pusAdcValue
                0x20004b16                usAdc3Value
 COMMON         0x20004b18       0x3c src/wheel_encoder.o
                0x20004b18                xTimer3Handle
 COMMON         0x20004b54        0x4 d:/ac6/systemworkbench/plugins/fr.ac6.mcu.externaltools.arm-none.win32_1.7.0.201602121829/tools/compiler/bin/../lib/gcc/arm-none-eabi/5.2.1/../../../../arm-none-eabi/lib/armv7e-m/fpu/fpv5-sp-d16\libc.a(lib_a-reent.o)
                0x20004b54                errno
                0x20004b58                . = ALIGN (0x4)
                0x20004b58                _ebss = .
                0x20004b58                __bss_end__ = _ebss

._user_heap_stack
                0x20004b58      0x660 load address 0x08014fb0
                0x20004b58                . = ALIGN (0x8)
                0x20004b58                PROVIDE (end, .)
                [!provide]                PROVIDE (_end, .)
                0x20004d58                . = (. + _Min_Heap_Size)
 *fill*         0x20004b58      0x200 
                0x200051b8                . = (. + _Min_Stack_Size)
 *fill*         0x20004d58      0x460 
                0x200051b8                . = ALIGN (0x8)

/DISCARD/
 libc.a(*)
 libm.a(*)
 libgcc.a(*)

.ARM.attributes
                0x00000000       0x30
 *(.ARM.attributes)
 .ARM.attributes
                0x00000000       0x22 d:/ac6/systemworkbench/plugins/fr.ac6.mcu.externaltools.arm-none.win32_1.7.0.201602121829/tools/compiler/bin/../lib/gcc/arm-none-eabi/5.2.1/armv7e-m/fpu/fpv5-sp-d16/crti.o
 .ARM.attributes
                0x00000022       0x34 d:/ac6/systemworkbench/plugins/fr.ac6.mcu.externaltools.arm-none.win32_1.7.0.201602121829/tools/compiler/bin/../lib/gcc/arm-none-eabi/5.2.1/armv7e-m/fpu/fpv5-sp-d16/crtbegin.o
 .ARM.attributes
                0x00000056       0x21 Drivers/CMSIS/Device/ST/STM32F7xx/Source/Templates/gcc/startup_stm32f745xx.o
 .ARM.attributes
                0x00000077       0x39 Drivers/CMSIS/Device/ST/STM32F7xx/Source/Templates/system_stm32f7xx.o
 .ARM.attributes
                0x000000b0       0x39 Drivers/STM32F7xx_HAL_Driver/Src/stm32f7xx_hal.o
 .ARM.attributes
                0x000000e9       0x39 Drivers/STM32F7xx_HAL_Driver/Src/stm32f7xx_hal_adc.o
 .ARM.attributes
                0x00000122       0x39 Drivers/STM32F7xx_HAL_Driver/Src/stm32f7xx_hal_adc_ex.o
 .ARM.attributes
                0x0000015b       0x39 Drivers/STM32F7xx_HAL_Driver/Src/stm32f7xx_hal_cortex.o
 .ARM.attributes
                0x00000194       0x39 Drivers/STM32F7xx_HAL_Driver/Src/stm32f7xx_hal_dma.o
 .ARM.attributes
                0x000001cd       0x39 Drivers/STM32F7xx_HAL_Driver/Src/stm32f7xx_hal_gpio.o
 .ARM.attributes
                0x00000206       0x39 Drivers/STM32F7xx_HAL_Driver/Src/stm32f7xx_hal_iwdg.o
 .ARM.attributes
                0x0000023f       0x39 Drivers/STM32F7xx_HAL_Driver/Src/stm32f7xx_hal_pwr_ex.o
 .ARM.attributes
                0x00000278       0x39 Drivers/STM32F7xx_HAL_Driver/Src/stm32f7xx_hal_rcc.o
 .ARM.attributes
                0x000002b1       0x39 Drivers/STM32F7xx_HAL_Driver/Src/stm32f7xx_hal_rcc_ex.o
 .ARM.attributes
                0x000002ea       0x39 Drivers/STM32F7xx_HAL_Driver/Src/stm32f7xx_hal_sram.o
 .ARM.attributes
                0x00000323       0x39 Drivers/STM32F7xx_HAL_Driver/Src/stm32f7xx_hal_tim.o
 .ARM.attributes
                0x0000035c       0x39 Drivers/STM32F7xx_HAL_Driver/Src/stm32f7xx_hal_tim_ex.o
 .ARM.attributes
                0x00000395       0x39 Drivers/STM32F7xx_HAL_Driver/Src/stm32f7xx_hal_uart.o
 .ARM.attributes
                0x000003ce       0x39 Drivers/STM32F7xx_HAL_Driver/Src/stm32f7xx_ll_fmc.o
 .ARM.attributes
                0x00000407       0x39 Middlewares/Third_Party/FreeRTOS/Source/CMSIS_RTOS/cmsis_os.o
 .ARM.attributes
                0x00000440       0x39 Middlewares/Third_Party/FreeRTOS/Source/list.o
 .ARM.attributes
                0x00000479       0x39 Middlewares/Third_Party/FreeRTOS/Source/queue.o
 .ARM.attributes